Microchip MPLAB XC8 Compiler V2.41

Linker command line:

--edf=C:\Program Files\Microchip\xc8\v2.41\pic\dat\20230208172133_en.msgs \
  -cn -h+dist/default/production\BlueskyPush.X.production.sym \
  --cmf=dist/default/production\BlueskyPush.X.production.cmf -z -Q16F18877 \
  -oC:\Users\rapps\AppData\Local\Temp\xcAs1mrk.\driver_tmp_3.o \
  --defsym=__MPLAB_BUILD=1 --fixupoverflow=error \
  -Mdist/default/production/BlueskyPush.X.production.map \
  --md=C:\Users\rapps\AppData\Local\Temp\xcAs1mrk.\driver_tmp_0.dat -E1 \
  -ver=XC8 Compiler --acfsm=1493 -ACODE=00h-07FFhx16 -ASTRCODE=00h-07FFFh \
  -ASTRING=00h-0FFhx128 -ACONST=00h-0FFhx128 -AENTRY=00h-0FFhx128 \
  -ACOMMON=070h-07Fh -ABANK0=020h-06Fh -ABANK1=0A0h-0EFh \
  -ABANK2=0120h-016Fh -ABANK3=01A0h-01EFh -ABANK4=0220h-026Fh \
  -ABANK5=02A0h-02EFh -ABANK6=0320h-036Fh -ABANK7=03A0h-03EFh \
  -ABANK8=0420h-046Fh -ABANK9=04A0h-04EFh -ABANK10=0520h-056Fh \
  -ABANK11=05A0h-05EFh -ABANK12=0620h-066Fh -ABANK13=06A0h-06EFh \
  -ABANK14=0720h-076Fh -ABANK15=07A0h-07EFh -ABANK16=0820h-086Fh \
  -ABANK17=08A0h-08EFh -ABANK18=0920h-096Fh -ABANK19=09A0h-09EFh \
  -ABANK20=0A20h-0A6Fh -ABANK21=0AA0h-0AEFh -ABANK22=0B20h-0B6Fh \
  -ABANK23=0BA0h-0BEFh -ABANK24=0C20h-0C6Fh -ABANK25=0CA0h-0CEFh \
  -ABANK26=0D20h-0D6Fh -ABANK27=0DA0h-0DEFh -ABANK28=0E20h-0E6Fh \
  -ABANK29=0EA0h-0EEFh -ABANK30=0F20h-0F6Fh -ABANK31=0FA0h-0FEFh \
  -ABANK32=01020h-0106Fh -ABANK33=010A0h-010EFh -ABANK34=01120h-0116Fh \
  -ABANK35=011A0h-011EFh -ABANK36=01220h-0126Fh -ABANK37=012A0h-012EFh \
  -ABANK38=01320h-0136Fh -ABANK39=013A0h-013EFh -ABANK40=01420h-0146Fh \
  -ABANK41=014A0h-014EFh -ABANK42=01520h-0156Fh -ABANK43=015A0h-015EFh \
  -ABANK44=01620h-0166Fh -ABANK45=016A0h-016EFh -ABANK46=01720h-0176Fh \
  -ABANK47=017A0h-017EFh -ABANK48=01820h-0186Fh -ABANK49=018A0h-018EFh \
  -ABANK50=01920h-0196Fh -ABIGRAM=02000h-02FEFh \
  -ARAM=020h-06Fh,0A0h-0EFh,0120h-016Fh,01A0h-01EFh,0220h-026Fh,02A0h-02EFh,0320h-036Fh,03A0h-03EFh,0420h-046Fh,04A0h-04EFh,0520h-056Fh,05A0h-05EFh,0620h-066Fh,06A0h-06EFh,0720h-076Fh,07A0h-07EFh,0820h-086Fh,08A0h-08EFh,0920h-096Fh,09A0h-09EFh,0A20h-0A6Fh,0AA0h-0AEFh,0B20h-0B6Fh,0BA0h-0BEFh,0C20h-0C6Fh,0CA0h-0CEFh,0D20h-0D6Fh,0DA0h-0DEFh,0E20h-0E6Fh,0EA0h-0EEFh,0F20h-0F6Fh,0FA0h-0FEFh,01020h-0106Fh,010A0h-010EFh,01120h-0116Fh,011A0h-011EFh,01220h-0126Fh,012A0h-012EFh,01320h-0136Fh,013A0h-013EFh,01420h-0146Fh,014A0h-014EFh,01520h-0156Fh,015A0h-015EFh,01620h-0166Fh,016A0h-016EFh,01720h-0176Fh,017A0h-017EFh,01820h-0186Fh,018A0h-018EFh,01920h-0196Fh \
  -AABS1=020h-07Fh,0A0h-0EFh,0120h-016Fh,01A0h-01EFh,0220h-026Fh,02A0h-02EFh,0320h-036Fh,03A0h-03EFh,0420h-046Fh,04A0h-04EFh,0520h-056Fh,05A0h-05EFh,0620h-066Fh,06A0h-06EFh,0720h-076Fh,07A0h-07EFh,0820h-086Fh,08A0h-08EFh,0920h-096Fh,09A0h-09EFh,0A20h-0A6Fh,0AA0h-0AEFh,0B20h-0B6Fh,0BA0h-0BEFh,0C20h-0C6Fh,0CA0h-0CEFh,0D20h-0D6Fh,0DA0h-0DEFh,0E20h-0E6Fh,0EA0h-0EEFh,0F20h-0F6Fh,0FA0h-0FEFh,01020h-0106Fh,010A0h-010EFh,01120h-0116Fh,011A0h-011EFh,01220h-0126Fh,012A0h-012EFh,01320h-0136Fh,013A0h-013EFh,01420h-0146Fh,014A0h-014EFh,01520h-0156Fh,015A0h-015EFh,01620h-0166Fh,016A0h-016EFh,01720h-0176Fh,017A0h-017EFh,01820h-0186Fh,018A0h-018EFh,01920h-0196Fh \
  -ASFR0=00h-01Fh -ASFR1=080h-09Fh -ASFR2=0100h-011Fh -ASFR3=0180h-019Fh \
  -ASFR4=0200h-021Fh -ASFR5=0280h-029Fh -ASFR6=0300h-031Fh \
  -ASFR7=0380h-039Fh -ASFR8=0400h-041Fh -ASFR9=0480h-049Fh \
  -ASFR10=0500h-051Fh -ASFR11=0580h-059Fh -ASFR12=0600h-061Fh \
  -ASFR13=0680h-069Fh -ASFR14=0700h-071Fh -ASFR15=0780h-079Fh \
  -ASFR16=0800h-081Fh -ASFR17=0880h-089Fh -ASFR18=0900h-091Fh \
  -ASFR19=0980h-099Fh -ASFR20=0A00h-0A1Fh -ASFR21=0A80h-0A9Fh \
  -ASFR22=0B00h-0B1Fh -ASFR23=0B80h-0B9Fh -ASFR24=0C00h-0C1Fh \
  -ASFR25=0C80h-0C9Fh -ASFR26=0D00h-0D1Fh -ASFR27=0D80h-0D9Fh \
  -ASFR28=0E00h-0E1Fh -ASFR29=0E80h-0E9Fh -ASFR30=0F00h-0F1Fh \
  -ASFR31=0F80h-0F9Fh -ASFR32=01000h-0101Fh -ASFR33=01080h-0109Fh \
  -ASFR34=01100h-0111Fh -ASFR35=01180h-0119Fh -ASFR36=01200h-0121Fh \
  -ASFR37=01280h-0129Fh -ASFR38=01300h-0131Fh -ASFR39=01380h-0139Fh \
  -ASFR40=01400h-0141Fh -ASFR41=01480h-0149Fh -ASFR42=01500h-0151Fh \
  -ASFR43=01580h-0159Fh -ASFR44=01600h-0161Fh -ASFR45=01680h-0169Fh \
  -ASFR46=01700h-0171Fh -ASFR47=01780h-0179Fh -ASFR48=01800h-0181Fh \
  -ASFR49=01880h-0189Fh -ASFR50=01900h-0191Fh -ASFR51=01980h-019EFh \
  -ASFR52=01A00h-01A6Fh -ASFR53=01A80h-01AEFh -ASFR54=01B00h-01B6Fh \
  -ASFR55=01B80h-01BEFh -ASFR56=01C00h-01C6Fh -ASFR57=01C80h-01CEFh \
  -ASFR58=01D00h-01D6Fh -ASFR59=01D80h-01DEFh -ASFR60=01E00h-01E6Fh \
  -ASFR61=01E80h-01EEFh -ASFR62=01F00h-01F6Fh -ASFR63=01F80h-01FEFh \
  -ACONFIG=08007h-0800Bh -DCONFIG=2 -AIDLOC=08000h-08003h -DIDLOC=2 \
  -AEEDATA=00h-0FFh/0F000h -peeprom_data=EEDATA -DEEDATA=2 -DCODE=2 \
  -DSTRCODE=2 -DSTRING=2 -DCONST=2 -DENTRY=2 \
  -preset_vec=00h,intentry=04h,init,end_init -ppowerup=CODE -pcinit=CODE \
  -pfunctab=ENTRY -k \
  C:\Users\rapps\AppData\Local\Temp\xcAs1mrk.\driver_tmp_15.o \
  dist/default/production\BlueskyPush.X.production.o 

Object code version is 3.11

Machine type is 16F18877



                Name                               Link     Load   Length Selector   Space Scale
C:\Users\rapps\AppData\Local\Temp\xcAs1mrk.\driver_tmp_15.o
                end_init                             43       43        2        8       0
                reset_vec                             0        0        2        0       0
                config                             8007     8007        5        0       4
                idloc                              8000     8000        4        0       5
dist/default/production\BlueskyPush.X.production.o
                cinit                                45       45       87        8       0
                intentry                              4        4       3F        8       0
                config                             8007     8007        5        0       4
                idloc                              8000     8000        4        0       5
                text98                             1A33     1A33        3     3466       0
                text97                             1C15     1C15       1A     382A       0
                text96                             1A3F     1A3F        4     347E       0
                text95                             1A2F     1A2F        1     345E       0
                text94                             1A43     1A43        4     3486       0
                text93                             118A     118A       41     2314       0
                text92                             1D63     1D63       23     3AC6       0
                text91                             1510     1510       6A     2A20       0
                text90                             175E     175E       A2     2EBC       0
                text89                             1A50     1A50        6     34A0       0
                text88                             1652     1652       79     2CA4       0
                text87                              C66      C66      1CD     18CC       0
                text86                             1B5E     1B5E       14     36BC       0
                text85                             1B2B     1B2B       11     3656       0
                text84                             1000     1000       17     1C66       0
                text82                             1C2F     1C2F       1B     385E       0
                text81                             1A4B     1A4B        5     3496       0
                text80                             1B3C     1B3C       11     3678       0
                text79                             1A6A     1A6A        9     34D4       0
                text78                             1A73     1A73        9     34E6       0
                text77                             1A7C     1A7C        9     34F8       0
                text76                             1A85     1A85        9     350A       0
                text75                             1A8E     1A8E        9     351C       0
                text74                             120D     120D       44     241A       0
                text73                             1A47     1A47        4     348E       0
                text72                             1AD3     1AD3        D     35A6       0
                text71                             1A97     1A97        9     352E       0
                text70                             12E0     12E0       4B     25C0       0
                text69                             1A62     1A62        8     34C4       0
                text68                             1AA0     1AA0        9     3540       0
                text67                             1D20     1D20       21     3A40       0
                text66                             1C82     1C82       1F     3904       0
                text65                             1B86     1B86       16     370C       0
                text64                             1053     1053       3D     20A6       0
                text63                             14A8     14A8       68     2950       0
                text62                             1A30     1A30        1     3460       0
                text61                             1443     1443       65     2886       0
                text60                             1EB7     1EB7       35     3D6E       0
                text59                             1017     1017       3C     202E       0
                text58                             1BCA     1BCA       19     3794       0
                text57                              9C0      9C0       B9     1380       0
                text56                             1D41     1D41       22     3A82       0
                text55                             1AFC     1AFC        F     35F8       0
                text54                             1251     1251       47     24A2       0
                text53                             1AA9     1AA9        9     3552       0
                text52                             1A36     1A36        3     346C       0
                text51                             1A39     1A39        3     3472       0
                text50                             1A3C     1A3C        3     3478       0
                text49                             1090     1090       3D     2120       0
                text48                             1E54     1E54       30     3CA8       0
                text47                             1CA1     1CA1       1F     3942       0
                text46                             1BE3     1BE3       19     37C6       0
                text45                             1EEC     1EEC       35     3DD8       0
                text44                             1D86     1D86       23     3B0C       0
                text43                             1DA9     1DA9       23     3B52       0
                text42                             1298     1298       48     2530       0
                text41                             1B72     1B72       14     36E4       0
                text40                             1B0B     1B0B       10     3616       0
                text39                             1F21     1F21       35     3E42       0
                text38                             1DF7     1DF7       2E     3BEE       0
                text37                             1F56     1F56       37     3EAC       0
                text36                             110B     110B       3F     2216       0
                text35                             114A     114A       40     2294       0
                text34                             11CB     11CB       42     2396       0
                text33                             1BB2     1BB2       18     3764       0
                text32                             1AB2     1AB2        9     3564       0
                text31                             1CC0     1CC0       20     3980       0
                text30                             1BFC     1BFC       19     37F8       0
                text29                             1A56     1A56        6     34AC       0
                text28                             1A5C     1A5C        6     34B8       0
                text27                             16CB     16CB       93     2D96       0
                text26                              7AB      7AB       54        8       0
                text25                             1DCC     1DCC       2B     3B98       0
                text24                             1AE0     1AE0        E     35C0       0
                text23                              6E0      6E0       CB        8       0
                text22                             1CE0     1CE0       20     39C0       0
                text21                             1D00     1D00       20     3A00       0
                text20                             157A     157A       6C     2AF4       0
                text19                             10CD     10CD       3E     219A       0
                text18                             1FC6     1FC6       3A     3F8C       0
                text17                              A79      A79       B9     14F2       0
                text16                             132B     132B       56     2656       0
                text15                             1F8D     1F8D       39     3F1A       0
                text14                               CC       CC      614        8       0
                text13                             13E0     13E0       63     27C0       0
                text12                              91C      91C       A4     1238       0
                text11                              800      800       79     1000       0
                text10                              E33      E33      1CD     1C66       0
                text9                               B32      B32      134     1664       0
                text8                              1E84     1E84       33     3D08       0
                text7                              1381     1381       5F     2702       0
                text6                              1C4A     1C4A       1C     3894       0
                text5                              1AEE     1AEE        E     35DC       0
                text4                              1C66     1C66       1C     38CC       0
                text3                              1E25     1E25       2F     3C4A       0
                text2                               879      879       A3     10F2       0
                text1                              15E6     15E6       6C     2BCC       0
                maintext                           1B4D     1B4D       11     369A       0
                cstackBANK0                          20       20       2A       20       1
                cstackCOMMON                         70       70        7       70       1
                cstackBANK1                          A0       A0       44       A0       1
                clrtext                            1ABB     1ABB        C     3576       0
                inittext                           1AC7     1AC7        C     358E       0
                bssBANK5                            2A0      2A0       3C      2A0       1
                bssBANK4                            220      220       1C      220       1
                dataBANK3                           1DA      1DA       10      1A0       1
                bssBANK3                            1A0      1A0       3A      1A0       1
                dataBANK2                           158      158       16      120       1
                bssBANK2                            120      120       38      120       1
                dataBANK1                            EF       EF        1       A0       1
                bssBANK1                             E4       E4        B       A0       1
                dataBANK0                            6E       6E        2       20       1
                bssBANK0                             4A       4A       24       20       1
                dataCOMMON                           7C       7C        2       70       1
                bssCOMMON                            77       77        5       70       1
                nvBANK4                             23C      23C        6      220       1
                nvBANK3                             1EA      1EA        6      1A0       1
                nvBANK2                             16E      16E        1      120       1
                stringtext2                        2001     2001        1     4000       0
                stringtext1                        2000     2000        1     4000       0
                idataBANK3                         1B1B     1B1B       10     3636       0
                idataBANK2                         1B9C     1B9C       16     3738       0
                idataBANK1                          7FF      7FF        1        8       0
                idataBANK0                         1A31     1A31        2     3462       0
                idataCOMMON                           2        2        2        0       0

TOTAL           Name                               Link     Load   Length     Space
        CLASS   CODE           
                end_init                             43       43        2         0
                cinit                                45       45       87         0
                intentry                              4        4       3F         0
                reset_vec                             0        0        2         0
                text98                             1A33     1A33        3         0
                text97                             1C15     1C15       1A         0
                text96                             1A3F     1A3F        4         0
                text95                             1A2F     1A2F        1         0
                text94                             1A43     1A43        4         0
                text93                             118A     118A       41         0
                text92                             1D63     1D63       23         0
                text91                             1510     1510       6A         0
                text90                             175E     175E       A2         0
                text89                             1A50     1A50        6         0
                text88                             1652     1652       79         0
                text87                              C66      C66      1CD         0
                text86                             1B5E     1B5E       14         0
                text85                             1B2B     1B2B       11         0
                text84                             1000     1000       17         0
                text82                             1C2F     1C2F       1B         0
                text81                             1A4B     1A4B        5         0
                text80                             1B3C     1B3C       11         0
                text79                             1A6A     1A6A        9         0
                text78                             1A73     1A73        9         0
                text77                             1A7C     1A7C        9         0
                text76                             1A85     1A85        9         0
                text75                             1A8E     1A8E        9         0
                text74                             120D     120D       44         0
                text73                             1A47     1A47        4         0
                text72                             1AD3     1AD3        D         0
                text71                             1A97     1A97        9         0
                text70                             12E0     12E0       4B         0
                text69                             1A62     1A62        8         0
                text68                             1AA0     1AA0        9         0
                text67                             1D20     1D20       21         0
                text66                             1C82     1C82       1F         0
                text65                             1B86     1B86       16         0
                text64                             1053     1053       3D         0
                text63                             14A8     14A8       68         0
                text62                             1A30     1A30        1         0
                text61                             1443     1443       65         0
                text60                             1EB7     1EB7       35         0
                text59                             1017     1017       3C         0
                text58                             1BCA     1BCA       19         0
                text57                              9C0      9C0       B9         0
                text56                             1D41     1D41       22         0
                text55                             1AFC     1AFC        F         0
                text54                             1251     1251       47         0
                text53                             1AA9     1AA9        9         0
                text52                             1A36     1A36        3         0
                text51                             1A39     1A39        3         0
                text50                             1A3C     1A3C        3         0
                text49                             1090     1090       3D         0
                text48                             1E54     1E54       30         0
                text47                             1CA1     1CA1       1F         0
                text46                             1BE3     1BE3       19         0
                text45                             1EEC     1EEC       35         0
                text44                             1D86     1D86       23         0
                text43                             1DA9     1DA9       23         0
                text42                             1298     1298       48         0
                text41                             1B72     1B72       14         0
                text40                             1B0B     1B0B       10         0
                text39                             1F21     1F21       35         0
                text38                             1DF7     1DF7       2E         0
                text37                             1F56     1F56       37         0
                text36                             110B     110B       3F         0
                text35                             114A     114A       40         0
                text34                             11CB     11CB       42         0
                text33                             1BB2     1BB2       18         0
                text32                             1AB2     1AB2        9         0
                text31                             1CC0     1CC0       20         0
                text30                             1BFC     1BFC       19         0
                text29                             1A56     1A56        6         0
                text28                             1A5C     1A5C        6         0
                text27                             16CB     16CB       93         0
                text26                              7AB      7AB       54         0
                text25                             1DCC     1DCC       2B         0
                text24                             1AE0     1AE0        E         0
                text23                              6E0      6E0       CB         0
                text22                             1CE0     1CE0       20         0
                text21                             1D00     1D00       20         0
                text20                             157A     157A       6C         0
                text19                             10CD     10CD       3E         0
                text18                             1FC6     1FC6       3A         0
                text17                              A79      A79       B9         0
                text16                             132B     132B       56         0
                text15                             1F8D     1F8D       39         0
                text14                               CC       CC      614         0
                text13                             13E0     13E0       63         0
                text12                              91C      91C       A4         0
                text11                              800      800       79         0
                text10                              E33      E33      1CD         0
                text9                               B32      B32      134         0
                text8                              1E84     1E84       33         0
                text7                              1381     1381       5F         0
                text6                              1C4A     1C4A       1C         0
                text5                              1AEE     1AEE        E         0
                text4                              1C66     1C66       1C         0
                text3                              1E25     1E25       2F         0
                text2                               879      879       A3         0
                text1                              15E6     15E6       6C         0
                maintext                           1B4D     1B4D       11         0
                clrtext                            1ABB     1ABB        C         0
                inittext                           1AC7     1AC7        C         0
                idataBANK3                         1B1B     1B1B       10         0
                idataBANK2                         1B9C     1B9C       16         0
                idataBANK1                          7FF      7FF        1         0
                idataBANK0                         1A31     1A31        2         0
                idataCOMMON                           2        2        2         0

        CLASS   STRCODE        
                stringtext2                        2001     2001        1         0
                stringtext1                        2000     2000        1         0

        CLASS   STRING         

        CLASS   CONST          

        CLASS   ENTRY          

        CLASS   COMMON         
                cstackCOMMON                         70       70        7         1
                dataCOMMON                           7C       7C        2         1
                bssCOMMON                            77       77        5         1

        CLASS   BANK0          
                cstackBANK0                          20       20       2A         1
                dataBANK0                            6E       6E        2         1
                bssBANK0                             4A       4A       24         1

        CLASS   BANK1          
                cstackBANK1                          A0       A0       44         1
                dataBANK1                            EF       EF        1         1
                bssBANK1                             E4       E4        B         1

        CLASS   BANK2          
                dataBANK2                           158      158       16         1
                bssBANK2                            120      120       38         1
                nvBANK2                             16E      16E        1         1

        CLASS   BANK3          
                dataBANK3                           1DA      1DA       10         1
                bssBANK3                            1A0      1A0       3A         1
                nvBANK3                             1EA      1EA        6         1

        CLASS   BANK4          
                bssBANK4                            220      220       1C         1
                nvBANK4                             23C      23C        6         1

        CLASS   BANK5          
                bssBANK5                            2A0      2A0       3C         1

        CLASS   BANK6          

        CLASS   BANK7          

        CLASS   BANK8          

        CLASS   BANK9          

        CLASS   BANK10         

        CLASS   BANK11         

        CLASS   BANK12         

        CLASS   BANK13         

        CLASS   BANK14         

        CLASS   BANK15         

        CLASS   BANK16         

        CLASS   BANK17         

        CLASS   BANK18         

        CLASS   BANK19         

        CLASS   BANK20         

        CLASS   BANK21         

        CLASS   BANK22         

        CLASS   BANK23         

        CLASS   BANK24         

        CLASS   BANK25         

        CLASS   BANK26         

        CLASS   BANK27         

        CLASS   BANK28         

        CLASS   BANK29         

        CLASS   BANK30         

        CLASS   BANK31         

        CLASS   BANK32         

        CLASS   BANK33         

        CLASS   BANK34         

        CLASS   BANK35         

        CLASS   BANK36         

        CLASS   BANK37         

        CLASS   BANK38         

        CLASS   BANK39         

        CLASS   BANK40         

        CLASS   BANK41         

        CLASS   BANK42         

        CLASS   BANK43         

        CLASS   BANK44         

        CLASS   BANK45         

        CLASS   BANK46         

        CLASS   BANK47         

        CLASS   BANK48         

        CLASS   BANK49         

        CLASS   BANK50         

        CLASS   BIGRAM         

        CLASS   RAM            

        CLASS   ABS1           
                abs_s1                               7E       7E        2         1
                abs_s1                             12DA     12DA       16         1
                abs_s1                             1320     1320       50         1
                abs_s1                             13A0     13A0       50         1
                abs_s1                             1420     1420       50         1
                abs_s1                             14A0     14A0       50         1
                abs_s1                             1520     1520       50         1
                abs_s1                             15A0     15A0       50         1
                abs_s1                             1620     1620       50         1
                abs_s1                             16A0     16A0       50         1
                abs_s1                             1720     1720       50         1
                abs_s1                             17A0     17A0       50         1
                abs_s1                             1820     1820       50         1
                abs_s1                             18A0     18A0       50         1
                abs_s1                             1920     1920       50         1
                abs_s1                             2BCA     2BCA        0         1
                abs_s1                             2D5A     2D5A        0         1
                abs_s1                             2E98     2E98        0         1
                abs_s1                             2F88     2F88        0         1

        CLASS   SFR0           

        CLASS   SFR1           

        CLASS   SFR2           

        CLASS   SFR3           

        CLASS   SFR4           

        CLASS   SFR5           

        CLASS   SFR6           

        CLASS   SFR7           

        CLASS   SFR8           

        CLASS   SFR9           

        CLASS   SFR10          

        CLASS   SFR11          

        CLASS   SFR12          

        CLASS   SFR13          

        CLASS   SFR14          

        CLASS   SFR15          

        CLASS   SFR16          

        CLASS   SFR17          

        CLASS   SFR18          

        CLASS   SFR19          

        CLASS   SFR20          

        CLASS   SFR21          

        CLASS   SFR22          

        CLASS   SFR23          

        CLASS   SFR24          

        CLASS   SFR25          

        CLASS   SFR26          

        CLASS   SFR27          

        CLASS   SFR28          

        CLASS   SFR29          

        CLASS   SFR30          

        CLASS   SFR31          

        CLASS   SFR32          

        CLASS   SFR33          

        CLASS   SFR34          

        CLASS   SFR35          

        CLASS   SFR36          

        CLASS   SFR37          

        CLASS   SFR38          

        CLASS   SFR39          

        CLASS   SFR40          

        CLASS   SFR41          

        CLASS   SFR42          

        CLASS   SFR43          

        CLASS   SFR44          

        CLASS   SFR45          

        CLASS   SFR46          

        CLASS   SFR47          

        CLASS   SFR48          

        CLASS   SFR49          

        CLASS   SFR50          

        CLASS   SFR51          

        CLASS   SFR52          

        CLASS   SFR53          

        CLASS   SFR54          

        CLASS   SFR55          

        CLASS   SFR56          

        CLASS   SFR57          

        CLASS   SFR58          

        CLASS   SFR59          

        CLASS   SFR60          

        CLASS   SFR61          

        CLASS   SFR62          

        CLASS   SFR63          

        CLASS   CONFIG         
                config                             8007     8007        5         4

        CLASS   IDLOC          
                idloc                              8000     8000        4         5

        CLASS   EEDATA         

        CLASS   BANK63         

        CLASS   BANK62         

        CLASS   BANK61         

        CLASS   BANK60         

        CLASS   BANK59         

        CLASS   BANK58         

        CLASS   BANK57         

        CLASS   BANK56         

        CLASS   BANK55         

        CLASS   BANK54         

        CLASS   BANK53         

        CLASS   BANK52         

        CLASS   BANK51         

        CLASS   HEAP           

        CLASS   STACK          



SEGMENTS        Name                           Load    Length   Top    Selector   Space  Class     Delta

                reset_vec                      000000  000004  000004         0       0  CODE        2
                intentry                       000004  0007FC  000800         8       0  CODE        2
                cstackBANK0                    000020  000050  000070        20       1  BANK0       1
                cstackCOMMON                   000070  00000E  00007E        70       1  COMMON      1
                cstackBANK1                    0000A0  000050  0000F0        A0       1  BANK1       1
                bssBANK2                       000120  00004F  00016F       120       1  BANK2       1
                bssBANK3                       0001A0  000050  0001F0       1A0       1  BANK3       1
                bssBANK4                       000220  000022  000242       220       1  BANK4       1
                bssBANK5                       0002A0  00003C  0002DC       2A0       1  BANK5       1
                text11                         000800  000079  000879      1000       0  CODE        2
                text2                          000879  0000A3  00091C      10F2       0  CODE        2
                text12                         00091C  0000A4  0009C0      1238       0  CODE        2
                text57                         0009C0  0000B9  000A79      1380       0  CODE        2
                text17                         000A79  0000B9  000B32      14F2       0  CODE        2
                text9                          000B32  000134  000C66      1664       0  CODE        2
                text87                         000C66  0001CD  000E33      18CC       0  CODE        2
                text10                         000E33  0001E4  001017      1C66       0  CODE        2
                text59                         001017  00003C  001053      202E       0  CODE        2
                text64                         001053  00003D  001090      20A6       0  CODE        2
                text49                         001090  00003D  0010CD      2120       0  CODE        2
                text19                         0010CD  00003E  00110B      219A       0  CODE        2
                text36                         00110B  00003F  00114A      2216       0  CODE        2
                text35                         00114A  000040  00118A      2294       0  CODE        2
                text93                         00118A  000041  0011CB      2314       0  CODE        2
                text34                         0011CB  000042  00120D      2396       0  CODE        2
                text74                         00120D  000044  001251      241A       0  CODE        2
                text54                         001251  000047  001298      24A2       0  CODE        2
                text42                         001298  000048  0012E0      2530       0  CODE        2
                text70                         0012E0  00004B  00132B      25C0       0  CODE        2
                text16                         00132B  000056  001381      2656       0  CODE        2
                text7                          001381  00005F  0013E0      2702       0  CODE        2
                text13                         0013E0  000063  001443      27C0       0  CODE        2
                text61                         001443  000065  0014A8      2886       0  CODE        2
                text63                         0014A8  000068  001510      2950       0  CODE        2
                text91                         001510  00006A  00157A      2A20       0  CODE        2
                text20                         00157A  00006C  0015E6      2AF4       0  CODE        2
                text1                          0015E6  00006C  001652      2BCC       0  CODE        2
                text88                         001652  000079  0016CB      2CA4       0  CODE        2
                text27                         0016CB  000093  00175E      2D96       0  CODE        2
                text90                         00175E  0000A2  001800      2EBC       0  CODE        2
                text95                         001A2F  000001  001A30      345E       0  CODE        2
                text62                         001A30  000001  001A31      3460       0  CODE        2
                idataBANK0                     001A31  000002  001A33      3462       0  CODE        2
                text98                         001A33  000003  001A36      3466       0  CODE        2
                text52                         001A36  000003  001A39      346C       0  CODE        2
                text51                         001A39  000003  001A3C      3472       0  CODE        2
                text50                         001A3C  000003  001A3F      3478       0  CODE        2
                text96                         001A3F  000004  001A43      347E       0  CODE        2
                text94                         001A43  000004  001A47      3486       0  CODE        2
                text73                         001A47  000004  001A4B      348E       0  CODE        2
                text81                         001A4B  000005  001A50      3496       0  CODE        2
                text89                         001A50  000006  001A56      34A0       0  CODE        2
                text29                         001A56  000006  001A5C      34AC       0  CODE        2
                text28                         001A5C  000006  001A62      34B8       0  CODE        2
                text69                         001A62  000008  001A6A      34C4       0  CODE        2
                text79                         001A6A  000009  001A73      34D4       0  CODE        2
                text78                         001A73  000009  001A7C      34E6       0  CODE        2
                text77                         001A7C  000009  001A85      34F8       0  CODE        2
                text76                         001A85  000009  001A8E      350A       0  CODE        2
                text75                         001A8E  000009  001A97      351C       0  CODE        2
                text71                         001A97  000009  001AA0      352E       0  CODE        2
                text68                         001AA0  000009  001AA9      3540       0  CODE        2
                text53                         001AA9  000009  001AB2      3552       0  CODE        2
                text32                         001AB2  000009  001ABB      3564       0  CODE        2
                clrtext                        001ABB  00000C  001AC7      3576       0  CODE        2
                inittext                       001AC7  00000C  001AD3      358E       0  CODE        2
                text72                         001AD3  00000D  001AE0      35A6       0  CODE        2
                text24                         001AE0  00000E  001AEE      35C0       0  CODE        2
                text5                          001AEE  00000E  001AFC      35DC       0  CODE        2
                text55                         001AFC  00000F  001B0B      35F8       0  CODE        2
                text40                         001B0B  000010  001B1B      3616       0  CODE        2
                idataBANK3                     001B1B  000010  001B2B      3636       0  CODE        2
                text85                         001B2B  000011  001B3C      3656       0  CODE        2
                text80                         001B3C  000011  001B4D      3678       0  CODE        2
                maintext                       001B4D  000011  001B5E      369A       0  CODE        2
                text86                         001B5E  000014  001B72      36BC       0  CODE        2
                text41                         001B72  000014  001B86      36E4       0  CODE        2
                text65                         001B86  000016  001B9C      370C       0  CODE        2
                idataBANK2                     001B9C  000016  001BB2      3738       0  CODE        2
                text33                         001BB2  000018  001BCA      3764       0  CODE        2
                text58                         001BCA  000019  001BE3      3794       0  CODE        2
                text46                         001BE3  000019  001BFC      37C6       0  CODE        2
                text30                         001BFC  000019  001C15      37F8       0  CODE        2
                text97                         001C15  00001A  001C2F      382A       0  CODE        2
                text82                         001C2F  00001B  001C4A      385E       0  CODE        2
                text6                          001C4A  00001C  001C66      3894       0  CODE        2
                text4                          001C66  00001C  001C82      38CC       0  CODE        2
                text66                         001C82  00001F  001CA1      3904       0  CODE        2
                text47                         001CA1  00001F  001CC0      3942       0  CODE        2
                text31                         001CC0  000020  001CE0      3980       0  CODE        2
                text22                         001CE0  000020  001D00      39C0       0  CODE        2
                text21                         001D00  000020  001D20      3A00       0  CODE        2
                text67                         001D20  000021  001D41      3A40       0  CODE        2
                text56                         001D41  000022  001D63      3A82       0  CODE        2
                text92                         001D63  000023  001D86      3AC6       0  CODE        2
                text44                         001D86  000023  001DA9      3B0C       0  CODE        2
                text43                         001DA9  000023  001DCC      3B52       0  CODE        2
                text25                         001DCC  00002B  001DF7      3B98       0  CODE        2
                text38                         001DF7  00002E  001E25      3BEE       0  CODE        2
                text3                          001E25  00002F  001E54      3C4A       0  CODE        2
                text48                         001E54  000030  001E84      3CA8       0  CODE        2
                text8                          001E84  000033  001EB7      3D08       0  CODE        2
                text60                         001EB7  000035  001EEC      3D6E       0  CODE        2
                text45                         001EEC  000035  001F21      3DD8       0  CODE        2
                text39                         001F21  000035  001F56      3E42       0  CODE        2
                text37                         001F56  000037  001F8D      3EAC       0  CODE        2
                text15                         001F8D  000039  001FC6      3F1A       0  CODE        2
                text18                         001FC6  00003A  002000      3F8C       0  CODE        2
                stringtext1                    002000  000002  002002      4000       0  STRCODE     2


UNUSED ADDRESS RANGES

        Name                Unused          Largest block    Delta
        BANK10           00520-0056F              50           1
        BANK11           005A0-005EF              50           1
        BANK12           00620-0066F              50           1
        BANK13           006A0-006EF              50           1
        BANK14           00720-0076F              50           1
        BANK15           007A0-007EF              50           1
        BANK16           00820-0086F              50           1
        BANK17           008A0-008EF              50           1
        BANK18           00920-0096F              50           1
        BANK19           009A0-009EF              50           1
        BANK2            0016F-0016F               1           1
        BANK20           00A20-00A6F              50           1
        BANK21           00AA0-00AEF              50           1
        BANK22           00B20-00B6F              50           1
        BANK23           00BA0-00BEF              50           1
        BANK24           00C20-00C6F              50           1
        BANK25           00CA0-00CEF              50           1
        BANK26           00D20-00D6F              50           1
        BANK27           00DA0-00DEF              50           1
        BANK28           00E20-00E6F              50           1
        BANK29           00EA0-00EEF              50           1
        BANK30           00F20-00F6F              50           1
        BANK31           00FA0-00FEF              50           1
        BANK32           01020-0106F              50           1
        BANK33           010A0-010EF              50           1
        BANK34           01120-0116F              50           1
        BANK35           011A0-011EF              50           1
        BANK36           01220-0126F              50           1
        BANK37           012A0-012D9              3A           1
        BANK4            00242-0026F              2E           1
        BANK5            002DC-002EF              14           1
        BANK6            00320-0036F              50           1
        BANK7            003A0-003EF              50           1
        BANK8            00420-0046F              50           1
        BANK9            004A0-004EF              50           1
        BIGRAM           02000-02FEF             FF0           1
        CODE             01800-01A2E             22F           2
                         02002-07FFF             800
        CONST            01800-01A2E             100           2
                         02002-07FFF             100
        EEDATA           0F000-0F0FF             100           2
        ENTRY            01800-01A2E             100           2
                         02002-07FFF             100
        RAM              0016F-0016F               1           1
                         00242-0026F              2E
                         002DC-002EF              14
                         00320-0036F              50
                         003A0-003EF              50
                         00420-0046F              50
                         004A0-004EF              50
                         00520-0056F              50
                         005A0-005EF              50
                         00620-0066F              50
                         006A0-006EF              50
                         00720-0076F              50
                         007A0-007EF              50
                         00820-0086F              50
                         008A0-008EF              50
                         00920-0096F              50
                         009A0-009EF              50
                         00A20-00A6F              50
                         00AA0-00AEF              50
                         00B20-00B6F              50
                         00BA0-00BEF              50
                         00C20-00C6F              50
                         00CA0-00CEF              50
                         00D20-00D6F              50
                         00DA0-00DEF              50
                         00E20-00E6F              50
                         00EA0-00EEF              50
                         00F20-00F6F              50
                         00FA0-00FEF              50
                         01020-0106F              50
                         010A0-010EF              50
                         01120-0116F              50
                         011A0-011EF              50
                         01220-0126F              50
                         012A0-012D9              3A
        SFR0             00000-0001F              20           1
        SFR1             00080-0009F              20           1
        SFR10            00500-0051F              20           1
        SFR11            00580-0059F              20           1
        SFR12            00600-0061F              20           1
        SFR13            00680-0069F              20           1
        SFR14            00700-0071F              20           1
        SFR15            00780-0079F              20           1
        SFR16            00800-0081F              20           1
        SFR17            00880-0089F              20           1
        SFR18            00900-0091F              20           1
        SFR19            00980-0099F              20           1
        SFR2             00100-0011F              20           1
        SFR20            00A00-00A1F              20           1
        SFR21            00A80-00A9F              20           1
        SFR22            00B00-00B1F              20           1
        SFR23            00B80-00B9F              20           1
        SFR24            00C00-00C1F              20           1
        SFR25            00C80-00C9F              20           1
        SFR26            00D00-00D1F              20           1
        SFR27            00D80-00D9F              20           1
        SFR28            00E00-00E1F              20           1
        SFR29            00E80-00E9F              20           1
        SFR3             00180-0019F              20           1
        SFR30            00F00-00F1F              20           1
        SFR31            00F80-00F9F              20           1
        SFR32            01000-0101F              20           1
        SFR33            01080-0109F              20           1
        SFR34            01100-0111F              20           1
        SFR35            01180-0119F              20           1
        SFR36            01200-0121F              20           1
        SFR37            01280-0129F              20           1
        SFR38            01300-0131F              20           1
        SFR39            01380-0139F              20           1
        SFR4             00200-0021F              20           1
        SFR40            01400-0141F              20           1
        SFR41            01480-0149F              20           1
        SFR42            01500-0151F              20           1
        SFR43            01580-0159F              20           1
        SFR44            01600-0161F              20           1
        SFR45            01680-0169F              20           1
        SFR46            01700-0171F              20           1
        SFR47            01780-0179F              20           1
        SFR48            01800-0181F              20           1
        SFR49            01880-0189F              20           1
        SFR5             00280-0029F              20           1
        SFR50            01900-0191F              20           1
        SFR51            01980-019EF              70           1
        SFR52            01A00-01A6F              70           1
        SFR53            01A80-01AEF              70           1
        SFR54            01B00-01B6F              70           1
        SFR55            01B80-01BEF              70           1
        SFR56            01C00-01C6F              70           1
        SFR57            01C80-01CEF              70           1
        SFR58            01D00-01D6F              70           1
        SFR59            01D80-01DEF              70           1
        SFR6             00300-0031F              20           1
        SFR60            01E00-01E6F              70           1
        SFR61            01E80-01EEF              70           1
        SFR62            01F00-01F6F              70           1
        SFR63            01F80-01FEF              70           1
        SFR7             00380-0039F              20           1
        SFR8             00400-0041F              20           1
        SFR9             00480-0049F              20           1
        STRCODE          01800-01A2E             22F           2
                         02002-07FFF            5FFE
        STRING           01800-01A2E             100           2
                         02002-07FFF             100

                                  Symbol Table

?_ADCC_GetSingleConversion                     cstackBANK0  00020
?_ADC_Average                                  cstackBANK0  00028
?_FLASH_ReadWord                               cstackBANK0  00020
?_HalSdp_GetThr                                cstackBANK0  00034
?___awmod                                      cstackBANK0  00020
?___lwdiv                                      cstackBANK0  00020
?_flash_init                                   cstackBANK0  00023
ADCC_GetSingleConversion@channel               cstackBANK0  00022
ADC_Average@adc_ch                             cstackBANK0  0002E
ADC_Average@adc_max                            cstackBANK0  0002F
ADC_Average@adc_min                            cstackBANK0  00031
ADC_Average@adc_single                         cstackBANK0  00036
ADC_Average@adc_sum                            cstackBANK0  00034
ADC_Average@i                                  cstackBANK0  00033
BatTask_Process@bat_vol_bk                     cstackBANK0  0003A
ChargeTask_Process@bat_flag_bk                 cstackBANK0  00029
ChargeTask_Process@charge_pin                  cstackBANK0  00028
ChargeTask_Process@vbus_pin                    cstackBANK0  0002A
EUSART_SetErrorHandler@interruptHandler        cstackBANK0  00020
EUSART_SetFramingErrorHandler@interruptHandler cstackBANK0  00020
EUSART_SetOverrunErrorHandler@interruptHandler cstackBANK0  00020
EUSART_SetRxInterruptHandler@interruptHandler  cstackBANK0  00020
EUSART_SetTxInterruptHandler@interruptHandler  cstackBANK0  00020
FLASH_EraseBlock@GIEBitValue                   cstackBANK0  00022
FLASH_EraseBlock@startAddr                     cstackBANK0  00020
FLASH_ReadWord@GIEBitValue                     cstackBANK0  00022
FLASH_ReadWord@flashAddr                       cstackBANK0  00020
FLASH_WriteBlock@GIEBitValue                   cstackBANK0  0002B
FLASH_WriteBlock@blockStartAddr                cstackBANK0  00029
FLASH_WriteBlock@flashWordArray                cstackBANK0  00025
FLASH_WriteBlock@i                             cstackBANK0  0002C
FLASH_WriteBlock@writeAddr                     cstackBANK0  00023
FLASH_WriteWord@blockStartAddr                 cstackBANK0  00034
FLASH_WriteWord@flashAddr                      cstackBANK0  0002D
FLASH_WriteWord@i                              cstackBANK0  00036
FLASH_WriteWord@offset                         cstackBANK0  00033
FLASH_WriteWord@ramBuf                         cstackBANK0  0002F
FLASH_WriteWord@word                           cstackBANK0  00030
HalI2CRead@cnt                                 cstackBANK0  00028
HalI2CRead@len                                 cstackBANK0  00029
HalI2CRead@pBuf                                cstackBANK0  00024
HalI2CRead@tmpAddr                             cstackBANK0  00027
HalI2CWrite@cnt                                cstackBANK0  00029
HalI2CWrite@len                                cstackBANK0  00027
HalI2CWrite@pBuf                               cstackBANK0  00024
HalI2CWrite@tmpAddr                            cstackBANK0  00028
HalLed_AllOnOff@mode                           cstackBANK0  00020
HalLed_StatusOnOff@mode                        cstackBANK0  00020
HalLed_StatusOnOff@type                        cstackBANK0  00021
HalSdp_Command@cmd                             cstackBANK0  00030
HalSdp_Command@data                            cstackBANK0  00033
HalSdp_Command@result                          cstackBANK0  00032
HalSdp_GetID@buffer                            cstackBANK0  00035
HalSdp_GetID@i                                 cstackBANK0  00047
HalSdp_GetThr@data                             cstackBANK0  00038
HalSdp_GetValue@data                           cstackBANK0  00036
HalSdp_GetValue@thr                            cstackBANK0  00032
HalSdp_GetValue@value                          cstackBANK0  00030
HalSdp_Init@result                             cstackBANK0  00048
HalSdp_Read@crc_value                          cstackBANK0  0002E
HalSdp_Read@result                             cstackBANK0  0002F
HalSdp_Reset@result                            cstackBANK0  00030
HalSensorRead@i                                cstackBANK0  0002D
HalSensorRead@nBytes                           cstackBANK0  0002C
HalSensorRead@pBuf                             cstackBANK0  0002A
HalSensorWriteReg@addr                         cstackBANK0  0002D
HalSensorWriteReg@i                            cstackBANK0  0002E
HalSensorWriteReg@nBytes                       cstackBANK0  0002B
HalSensorWriteReg@p                            cstackBANK0  0002F
HalSensorWriteReg@pBuf                         cstackBANK0  0002A
Hal_I2C_Release@device                         cstackBANK0  00020
Hal_I2C_Select@device                          cstackBANK0  00020
I2C_DELAY@delay_us                             cstackBANK0  00020
KeyTask_Process@key                            cstackBANK0  00021
LedTask_Process@blink                          cstackBANK0  00024
PWM_Duty_Set@cnt                               cstackBANK0  00022
PWM_Duty_Set@cwg1con0                          cstackBANK0  00021
SprayTask_Process@current_inc                  bssBANK1     000E8
SprayTask_Process@current_index                bssBANK2     00140
SprayTask_Process@pressure_inc                 bssBANK1     000E9
SprayTask_Process@pressure_index               bssBANK1     000EA
TMR1_SetInterruptHandler@InterruptHandler      cstackBANK0  00020
TMR1_WriteTimer@timerVal                       cstackCOMMON 00070
VI2C_RD_AckBit@bit                             cstackBANK0  00023
VI2C_RD_AckBit@wait                            cstackBANK0  00021
VI2C_READ@data                                 cstackBANK0  00022
VI2C_READ@i                                    cstackBANK0  00023
VI2C_WRITE@data                                cstackBANK0  00022
VI2C_WRITE@i                                   cstackBANK0  00023
_ADACCH                                        (abs)        00091
_ADACCL                                        (abs)        00090
_ADACQ                                         (abs)        0009D
_ADACT                                         (abs)        00099
_ADCAP                                         (abs)        0009B
_ADCC_ADI_InterruptHandler                     bssBANK2     00123
_ADCC_GetSingleConversion                      text65       01B86
_ADCC_ISR                                      text98       01A33
_ADCC_Initialize                               text82       01C2F
_ADCLK                                         (abs)        00098
_ADCNT                                         (abs)        0010C
_ADCON0                                        (abs)        00093
_ADCON0bits                                    (abs)        00093
_ADCON1                                        (abs)        00094
_ADCON1bits                                    (abs)        00094
_ADCON2                                        (abs)        00095
_ADCON2bits                                    (abs)        00095
_ADCON3                                        (abs)        00096
_ADCON3bits                                    (abs)        00096
_ADC_Average                                   text63       014A8
_ADC_Start                                     text62       01A30
_ADERRH                                        (abs)        00117
_ADERRL                                        (abs)        00116
_ADFLTRH                                       (abs)        00115
_ADFLTRL                                       (abs)        00114
_ADLTHH                                        (abs)        0010F
_ADLTHL                                        (abs)        0010E
_ADPCH                                         (abs)        0009E
_ADPRE                                         (abs)        0009C
_ADPREVH                                       (abs)        0008F
_ADPREVL                                       (abs)        0008E
_ADREF                                         (abs)        0009A
_ADRESH                                        (abs)        0008D
_ADRESL                                        (abs)        0008C
_ADRPT                                         (abs)        0010D
_ADSTAT                                        (abs)        00097
_ADSTATbits                                    (abs)        00097
_ADSTPTH                                       (abs)        00113
_ADSTPTL                                       (abs)        00112
_ADUTHH                                        (abs)        00111
_ADUTHL                                        (abs)        00110
_ANSELA                                        (abs)        01F38
_ANSELAbits                                    (abs)        01F38
_ANSELB                                        (abs)        01F43
_ANSELBbits                                    (abs)        01F43
_ANSELC                                        (abs)        01F4E
_ANSELCbits                                    (abs)        01F4E
_ANSELD                                        (abs)        01F59
_ANSELDbits                                    (abs)        01F59
_ANSELE                                        (abs)        01F64
_BAUD1CON                                      (abs)        0011F
_BatTask_Process                               text59       01017
_CLKRCLK                                       (abs)        00896
_CLKRCON                                       (abs)        00895
_CLKREF_Initialize                             text81       01A4B
_CWG1AS0                                       (abs)        00612
_CWG1AS0bits                                   (abs)        00612
_CWG1AS1                                       (abs)        00613
_CWG1CLKCON                                    (abs)        0060C
_CWG1CON0                                      (abs)        00610
_CWG1CON1                                      (abs)        00611
_CWG1DBF                                       (abs)        0060F
_CWG1DBR                                       (abs)        0060E
_CWG1ISM                                       (abs)        0060D
_CWG1STR                                       (abs)        00614
_CWG1_Initialize                               text80       01B3C
_ChargeTask_Process                            text57       009C0
_Device_Address                                bssBANK0     0006A
_Device_Address_Read                           bssBANK2     00153
_Device_Address_Write                          bssBANK2     00154
_EUSART_DefaultErrorHandler                    text96       01A3F
_EUSART_DefaultFramingErrorHandler             text95       01A2F
_EUSART_DefaultOverrunErrorHandler             text94       01A43
_EUSART_ErrorHandler                           nvBANK4      0023C
_EUSART_FramingErrorHandler                    nvBANK4      00240
_EUSART_Initialize                             text74       0120D
_EUSART_OverrunErrorHandler                    nvBANK4      0023E
_EUSART_Receive_ISR                            text93       0118A
_EUSART_RxDataHandler                          text97       01C15
_EUSART_RxDefaultInterruptHandler              nvBANK3      001EA
_EUSART_SetErrorHandler                        text79       01A6A
_EUSART_SetFramingErrorHandler                 text78       01A73
_EUSART_SetOverrunErrorHandler                 text77       01A7C
_EUSART_SetRxInterruptHandler                  text76       01A85
_EUSART_SetTxInterruptHandler                  text75       01A8E
_EUSART_Transmit_ISR                           text92       01D63
_EUSART_TxDefaultInterruptHandler              nvBANK3      001EC
_FLASH_EraseBlock                              text21       01D00
_FLASH_ReadWord                                text22       01CE0
_FLASH_WriteBlock                              text20       0157A
_FLASH_WriteWord                               text19       010CD
_FVRCON                                        (abs)        0090C
_FVRCONbits                                    (abs)        0090C
_FVR_Initialize                                text73       01A47
_HalI2CRead                                    text42       01298
_HalI2CWrite                                   text35       0114A
_HalLed_AllOnOff                               text56       01D41
_HalLed_Init                                   text8        01E84
_HalLed_StatusOnOff                            text13       013E0
_HalSdp_Command                                text33       01BB2
_HalSdp_GetID                                  text7        01381
_HalSdp_GetThr                                 text16       0132B
_HalSdp_GetValue                               text36       0110B
_HalSdp_Init                                   text5        01AEE
_HalSdp_Read                                   text37       01F56
_HalSdp_Reset                                  text6        01C4A
_HalSdp_Start_Measure                          text32       01AB2
_HalSdp_Stop_Measure                           text31       01CC0
_HalSensorRead                                 text41       01B72
_HalSensorWriteReg                             text34       011CB
_Hal_I2C_Release                               text40       01B0B
_Hal_I2C_Select                                text39       01F21
_I2C_DELAY                                     text53       01AA9
_I2C_Device                                    bssCOMMON    0007B
_INLVLA                                        (abs)        01F3C
_INLVLB                                        (abs)        01F47
_INLVLC                                        (abs)        01F52
_INLVLD                                        (abs)        01F5D
_INLVLE                                        (abs)        01F68
_INTCONbits                                    (abs)        0000B
_INTERRUPT_InterruptManager                    intentry     00004
_KeyOn                                         bssBANK3     001D6
_KeyTask_Process                               text54       01251
_LATA                                          (abs)        00016
_LATAbits                                      (abs)        00016
_LATB                                          (abs)        00017
_LATBbits                                      (abs)        00017
_LATC                                          (abs)        00018
_LATCbits                                      (abs)        00018
_LATD                                          (abs)        00019
_LATDbits                                      (abs)        00019
_LATE                                          (abs)        0001A
_LATEbits                                      (abs)        0001A
_LedTask_Process                               text12       0091C
_NCO1ACCH                                      (abs)        0058D
_NCO1ACCL                                      (abs)        0058C
_NCO1ACCU                                      (abs)        0058E
_NCO1CLK                                       (abs)        00593
_NCO1CON                                       (abs)        00592
_NCO1CONbits                                   (abs)        00592
_NCO1INCH                                      (abs)        00590
_NCO1INCL                                      (abs)        0058F
_NCO1INCU                                      (abs)        00591
_NCO1_Initialize                               text72       01AD3
_NVMADRH                                       (abs)        0081B
_NVMADRL                                       (abs)        0081A
_NVMCON1bits                                   (abs)        0081E
_NVMCON2                                       (abs)        0081F
_NVMDATH                                       (abs)        0081D
_NVMDATL                                       (abs)        0081C
_ODCONA                                        (abs)        01F3A
_ODCONAbits                                    (abs)        01F3A
_ODCONB                                        (abs)        01F45
_ODCONBbits                                    (abs)        01F45
_ODCONC                                        (abs)        01F50
_ODCONCbits                                    (abs)        01F50
_ODCOND                                        (abs)        01F5B
_ODCONDbits                                    (abs)        01F5B
_ODCONE                                        (abs)        01F66
_ODCONEbits                                    (abs)        01F66
_OSCCON1                                       (abs)        0088D
_OSCCON3                                       (abs)        0088F
_OSCEN                                         (abs)        00891
_OSCFRQ                                        (abs)        00893
_OSCILLATOR_Initialize                         text71       01A97
_OSCTUNE                                       (abs)        00892
_PIE1bits                                      (abs)        00717
_PIE3bits                                      (abs)        00719
_PIE4bits                                      (abs)        0071A
_PIN_MANAGER_Initialize                        text70       012E0
_PIR1bits                                      (abs)        0070D
_PIR3bits                                      (abs)        0070F
_PIR4bits                                      (abs)        00710
_PMD0                                          (abs)        00796
_PMD1                                          (abs)        00797
_PMD2                                          (abs)        00798
_PMD3                                          (abs)        00799
_PMD4                                          (abs)        0079A
_PMD5                                          (abs)        0079B
_PMD_Initialize                                text69       01A62
_PORTCbits                                     (abs)        0000E
_PORTDbits                                     (abs)        0000F
_PWM_Duty_Set                                  text30       01BFC
_PWM_Start                                     text29       01A56
_PWM_Stop                                      text28       01A5C
_RB4PPS                                        (abs)        01F1C
_RB5PPS                                        (abs)        01F1D
_RC1REG                                        (abs)        00119
_RC1STA                                        (abs)        0011D
_RC1STAbits                                    (abs)        0011D
_RC6PPS                                        (abs)        01F26
_RXPPS                                         (abs)        01ECB
_SCL_PIN_AS_OUTPUT                             text52       01A36
_SDA_PIN_AS_INPUT                              text51       01A39
_SDA_PIN_AS_OUTPUT                             text50       01A3C
_SLRCONA                                       (abs)        01F3B
_SLRCONB                                       (abs)        01F46
_SLRCONC                                       (abs)        01F51
_SLRCOND                                       (abs)        01F5C
_SLRCONE                                       (abs)        01F67
_SP1BRGH                                       (abs)        0011C
_SP1BRGL                                       (abs)        0011B
_SYSTEM_Initialize                             text66       01C82
_SprayTask_Process                             text14       000CC
_T1CLK                                         (abs)        00211
_T1CON                                         (abs)        0020E
_T1CONbits                                     (abs)        0020E
_T1GATE                                        (abs)        00210
_T1GCON                                        (abs)        0020F
_T1GCONbits                                    (abs)        0020F
_T2AINPPS                                      (abs)        01E9C
_TMR1H                                         (abs)        0020D
_TMR1L                                         (abs)        0020C
_TMR1_DefaultInterruptHandler                  text86       01B5E
_TMR1_ISR                                      text84       01000
_TMR1_Initialize                               text67       01D20
_TMR1_InterruptHandler                         nvBANK3      001EE
_TMR1_SetInterruptHandler                      text68       01AA0
_TMR1_WriteTimer                               text85       01B2B
_TRISA                                         (abs)        00011
_TRISAbits                                     (abs)        00011
_TRISB                                         (abs)        00012
_TRISBbits                                     (abs)        00012
_TRISC                                         (abs)        00013
_TRISCbits                                     (abs)        00013
_TRISD                                         (abs)        00014
_TRISDbits                                     (abs)        00014
_TRISE                                         (abs)        00015
_TRISEbits                                     (abs)        00015
_TX1REG                                        (abs)        0011A
_TX1STA                                        (abs)        0011E
_TX1STAbits                                    (abs)        0011E
_VI2C_RD_AckBit                                text49       01090
_VI2C_READ                                     text48       01E54
_VI2C_StartBit                                 text47       01CA1
_VI2C_StopBit                                  text46       01BE3
_VI2C_WRITE                                    text45       01EEC
_VI2C_WR_AckBit                                text44       01D86
_VI2C_WR_NAckBit                               text43       01DA9
_VT_value_set                                  text27       016CB
_WPUA                                          (abs)        01F39
_WPUB                                          (abs)        01F44
_WPUC                                          (abs)        01F4F
_WPUCbits                                      (abs)        01F4F
_WPUD                                          (abs)        01F5A
_WPUDbits                                      (abs)        01F5A
_WPUE                                          (abs)        01F65
__H__absolute__                                __absolute__ 00000
__Habs1                                        abs1         00000
__Hbank0                                       bank0        00000
__Hbank1                                       bank1        00000
__Hbank10                                      bank10       00000
__Hbank11                                      bank11       00000
__Hbank12                                      bank12       00000
__Hbank13                                      bank13       00000
__Hbank14                                      bank14       00000
__Hbank15                                      bank15       00000
__Hbank16                                      bank16       00000
__Hbank17                                      bank17       00000
__Hbank18                                      bank18       00000
__Hbank19                                      bank19       00000
__Hbank2                                       bank2        00000
__Hbank20                                      bank20       00000
__Hbank21                                      bank21       00000
__Hbank22                                      bank22       00000
__Hbank23                                      bank23       00000
__Hbank24                                      bank24       00000
__Hbank25                                      bank25       00000
__Hbank26                                      bank26       00000
__Hbank27                                      bank27       00000
__Hbank28                                      bank28       00000
__Hbank29                                      bank29       00000
__Hbank3                                       bank3        00000
__Hbank30                                      bank30       00000
__Hbank31                                      bank31       00000
__Hbank32                                      bank32       00000
__Hbank33                                      bank33       00000
__Hbank34                                      bank34       00000
__Hbank35                                      bank35       00000
__Hbank36                                      bank36       00000
__Hbank37                                      bank37       00000
__Hbank38                                      bank38       00000
__Hbank39                                      bank39       00000
__Hbank4                                       bank4        00000
__Hbank40                                      bank40       00000
__Hbank41                                      bank41       00000
[...]
__ptext54                                      text54       01251
__ptext55                                      text55       01AFC
__ptext56                                      text56       01D41
__ptext57                                      text57       009C0
__ptext58                                      text58       01BCA
__ptext59                                      text59       01017
__ptext6                                       text6        01C4A
__ptext60                                      text60       01EB7
__ptext61                                      text61       01443
__ptext62                                      text62       01A30
__ptext63                                      text63       014A8
__ptext64                                      text64       01053
__ptext65                                      text65       01B86
__ptext66                                      text66       01C82
__ptext67                                      text67       01D20
__ptext68                                      text68       01AA0
__ptext69                                      text69       01A62
__ptext7                                       text7        01381
__ptext70                                      text70       012E0
__ptext71                                      text71       01A97
__ptext72                                      text72       01AD3
__ptext73                                      text73       01A47
__ptext74                                      text74       0120D
__ptext75                                      text75       01A8E
__ptext76                                      text76       01A85
__ptext77                                      text77       01A7C
__ptext78                                      text78       01A73
__ptext79                                      text79       01A6A
__ptext8                                       text8        01E84
__ptext80                                      text80       01B3C
__ptext81                                      text81       01A4B
__ptext82                                      text82       01C2F
__ptext84                                      text84       01000
__ptext85                                      text85       01B2B
__ptext86                                      text86       01B5E
__ptext87                                      text87       00C66
__ptext88                                      text88       01652
__ptext89                                      text89       01A50
__ptext9                                       text9        00B32
__ptext90                                      text90       0175E
__ptext91                                      text91       01510
__ptext92                                      text92       01D63
__ptext93                                      text93       0118A
__ptext94                                      text94       01A43
__ptext95                                      text95       01A2F
__ptext96                                      text96       01A3F
__ptext97                                      text97       01C15
__ptext98                                      text98       01A33
_adc_bat_check                                 text61       01443
_adc_buf_index                                 bssBANK1     000EE
_adc_results                                   bssBANK4     00220
_adc_state                                     bssBANK0     0006B
_alarm_repeat                                  bssBANK2     0014C
_app_Task                                      (abs)        02F88
_app_set_frq                                   text25       01DCC
_app_task_Callback                             text9        00B32
_app_task_Init                                 text2        00879
_bat_adc                                       bssBANK0     00057
_bat_cnt                                       bssCOMMON    0007A
_bat_flag                                      bssBANK0     00060
_bat_init                                      text4        01C66
_bat_led_flash                                 bssCOMMON    00079
_bat_vol                                       bssBANK0     00061
_bk_adc_max                                    bssBANK3     001D0
_bk_frc                                        bssBANK3     001B4
_blink_shot_flag                               bssBANK0     00066
_buffer                                        bssBANK5     002A0
_cnt_adc_10                                    bssBANK2     00129
_cnt_alarm1                                    bssBANK2     00147
_cnt_alarm2                                    bssBANK2     00146
_cnt_alarm3                                    bssBANK2     00145
_cnt_delay_ini                                 bssBANK2     00125
_curPress                                      bssBANK2     00133
_cur_flash_address                             bssBANK1     000E6
_currentIndex                                  bssBANK0     00064
_current_frc@app_task$F1092                    bssBANK0     00052
_delay_ms                                      text58       01BCA
_duty_set_val                                  bssBANK0     00065
_eusartRxBuffer                                bssBANK4     00234
_eusartRxCount                                 bssCOMMON    00077
_eusartRxHead                                  bssBANK0     0005B
_eusartRxLastError                             bssBANK2     0013F
_eusartRxStatusBuffer                          bssBANK3     001A0
_eusartRxTail                                  bssCOMMON    00078
_eusartTxBuffer                                bssBANK3     001A8
_eusartTxBufferRemaining                       bssBANK0     0005C
_eusartTxHead                                  bssBANK0     0005E
_eusartTxTail                                  bssBANK0     0005D
_fg_stop_spray                                 bssBANK0     0005F
_flag_led_red                                  bssBANK2     0014B
_flash_init                                    text3        01E25
_gpio_Init                                     text1        015E6
_halKeyScan                                    text11       00800
_is_mem_full                                   text24       01AE0
_key_value                                     dataBANK0    0006F
_led_bat_update                                text60       01EB7
_led_state                                     bssBANK2     0013D
_lt_en_time                                    bssBANK0     0004A
_main                                          maintext     01B4D
_max_frc                                       bssBANK2     00120
_memset                                        text23       006E0
_pApp_Task                                     dataCOMMON   0007C
_power_off                                     text55       01AFC
_pressBuf                                      (abs)        02BCA
_pressureBuf                                   bssBANK2     00155
_pwm_adc_cnt                                   bssBANK0     00063
_pwm_adc_evg                                   bssBANK0     00055
_pwm_adc_max                                   bssBANK2     0012B
_pwm_adc_offset                                bssBANK0     00062
_pwm_adc_sum                                   bssBANK2     00127
_pwm_adc_val                                   bssBANK0     00059
_pwm_freq_adc                                  (abs)        02E98
_pwm_list_offset                               bssBANK1     000EB
_s_spray_state                                 bssBANK0     00068
_save_shot                                     text17       00A79
_sdp_cnt                                       bssBANK1     000EC
_sdp_thr                                       bssBANK0     00069
_sdp_value                                     bssBANK0     0006C
_sdp_value_max                                 bssBANK3     001B0
_shot_info                                     (abs)        02D5A
_spray_intv                                    dataBANK2    0015C
_spray_key_en                                  bssBANK1     000ED
_spray_ready_time                              bssBANK2     0012F
_spray_ready_time_total                        bssBANK2     0012D
_spray_time                                    bssBANK3     001BC
_spray_triger                                  bssBANK0     00067
_state_spray_ready_init                        text15       01F8D
_sw_status                                     nvBANK2      0016E
_sys_ticket                                    bssBANK0     0004E
_sys_ticket_bool                               bssBANK2     00151
_sys_ticket_fg1                                bssBANK2     00150
_task_ticket_update                            text10       00E33
_ticket_count@app_task$F1563                   dataBANK2    00158
_timer1ReloadVal                               bssBANK1     000E4
_uln_level                                     dataBANK0    0006E
_wakeup_type                                   bssBANK2     0014D
_wdt_ticket                                    bssBANK2     0014F
_wdt_wakeup_time                               bssBANK2     0014E
_write_shot                                    text18       01FC6
_xCal_crc                                      text38       01DF7
adc_bat_check@bat_vol_bk                       cstackBANK0  00038
app_set_frq@frq                                cstackBANK0  00020
bat_init@bat_vol_bk                            cstackBANK0  0003A
btemp                                          (abs)        0007E
clear_ram0                                     clrtext      01ABB
delay_ms@delay_ms                              cstackBANK0  00020
delay_ms@wait_loop_index                       cstackBANK0  00024
end_of_initialization                          cinit        000C8
flash_init@data                                cstackBANK0  00027
flash_init@last_shot_num                       cstackBANK0  00025
halKeyScan@pKey                                cstackBANK0  00024
halKeyScan@pin                                 cstackBANK0  00023
halKeyScan@rslt                                cstackBANK0  00022
i1HalLed_StatusOnOff@mode                      cstackCOMMON 00070
i1HalLed_StatusOnOff@type                      cstackCOMMON 00071
i1LedTask_Process@blink                        cstackCOMMON 00074
i1_HalLed_StatusOnOff                          text91       01510
i1_LedTask_Process                             text90       0175E
i1_PWM_Stop                                    text89       01A50
i1_halKeyScan                                  text88       01652
i1_task_ticket_update                          text87       00C66
i1halKeyScan@pKey                              cstackCOMMON 00074
i1halKeyScan@pin                               cstackCOMMON 00073
i1halKeyScan@rslt                              cstackCOMMON 00072
init_ram                                       inittext     01AC7
int$flags                                      (abs)        0007E
intlevel0                                      functab      00000
intlevel1                                      functab      00000
intlevel2                                      functab      00000
intlevel3                                      functab      00000
intlevel4                                      functab      00000
intlevel5                                      functab      00000
memset@c                                       cstackBANK0  00022
memset@dest                                    cstackBANK0  00020
memset@k                                       cstackBANK0  0002A
memset@n                                       cstackBANK0  00024
memset@s                                       cstackBANK0  0002C
reset_vec                                      reset_vec    00000
save_shot@i                                    cstackBANK0  00043
start                                          init         00043
start_initialization                           cinit        00045
state_spray_ready_init@rst                     cstackBANK0  0003C
state_spray_ready_init@value                   cstackBANK0  0003A
write_shot@buf                                 cstackBANK1  000A0
write_shot@i                                   cstackBANK1  000E2
write_shot@ptr                                 cstackBANK1  000E0
write_shot@shot                                cstackBANK0  00037
wtemp0                                         (abs)        0007E
xCal_crc@crc                                   cstackBANK0  00025
xCal_crc@i                                     cstackBANK0  00024
xCal_crc@len                                   cstackBANK0  00022
xCal_crc@ptr                                   cstackBANK0  00020


MODULE INFORMATION

Module		Function		Class		Link	Load	Size
C:\Program Files\Microchip\xc8\v2.41\pic\sources\c99\common\awmod.c
		___awmod       		CODE           	07AB	0000	84

C:\Program Files\Microchip\xc8\v2.41\pic\sources\c99\common\awmod.c estimated size: 84

mcc_generated_files/fvr.c
		_FVR_Initialize		CODE           	1A47	0000	4

mcc_generated_files/fvr.c estimated size: 4

application/app_task.c
		_LedTask_Process		CODE           	091C	0000	164
		_ChargeTask_Process		CODE           	09C0	0000	185
		_app_task_Init 		CODE           	0879	0000	163
		_PWM_Duty_Set  		CODE           	1BFC	0000	25
		_power_off     		CODE           	1AFC	0000	15
		_app_task_Callback		CODE           	0B32	0000	308
		_led_bat_update		CODE           	1EB7	0000	53
		_VT_value_set  		CODE           	16CB	0000	147
		_SprayTask_Process		CODE           	00CC	0000	1556
		_state_spray_ready_init		CODE           	1F8D	0000	57
		_bat_init      		CODE           	1C66	0000	28
		_BatTask_Process		CODE           	1017	0000	60
		_task_ticket_update		CODE           	0E33	0000	461
		_save_shot     		CODE           	0A79	0000	185
		_adc_bat_check 		CODE           	1443	0000	101
		_app_set_frq   		CODE           	1DCC	0000	43
		_KeyTask_Process		CODE           	1251	0000	71

application/app_task.c estimated size: 3622

application/hal_i2c.c
		_Hal_I2C_Release		CODE           	1B0B	0000	16
		_HalSensorRead 		CODE           	1B72	0000	20
		_SCL_PIN_AS_OUTPUT		CODE           	1A36	0000	3
		_HalSensorWriteReg		CODE           	11CB	0000	66
		_VI2C_StopBit  		CODE           	1BE3	0000	25
		_VI2C_StartBit 		CODE           	1CA1	0000	31
		_I2C_DELAY     		CODE           	1AA9	0000	9
		_SDA_PIN_AS_OUTPUT		CODE           	1A3C	0000	3
		_delay_ms      		CODE           	1BCA	0000	25
		_SDA_PIN_AS_INPUT		CODE           	1A39	0000	3
		_Hal_I2C_Select		CODE           	1F21	0000	53

application/hal_i2c.c estimated size: 254

mcc_generated_files/interrupt_manager.c
		_INTERRUPT_InterruptManager		CODE           	0004	0000	63

mcc_generated_files/interrupt_manager.c estimated size: 63

application/hal_pwm.c
		_PWM_Start     		CODE           	1A56	0000	6
		_PWM_Stop      		CODE           	1A5C	0000	6

application/hal_pwm.c estimated size: 12

C:\Program Files\Microchip\xc8\v2.41\pic\sources\c99\common\memset.c
		_memset        		CODE           	06E0	0000	203

C:\Program Files\Microchip\xc8\v2.41\pic\sources\c99\common\memset.c estimated size: 203

mcc_generated_files/pin_manager.c
		_PIN_MANAGER_Initialize		CODE           	12E0	0000	75

mcc_generated_files/pin_manager.c estimated size: 75

C:\Program Files\Microchip\xc8\v2.41\pic\sources\c99\common\lwdiv.c
		___lwdiv       		CODE           	1053	0000	61

C:\Program Files\Microchip\xc8\v2.41\pic\sources\c99\common\lwdiv.c estimated size: 61

mcc_generated_files/nco1.c
		_NCO1_Initialize		CODE           	1AD3	0000	13

mcc_generated_files/nco1.c estimated size: 13

application/hal_key.c
		_halKeyScan    		CODE           	0800	0000	121

application/hal_key.c estimated size: 121

application/hal_adc.c
		_ADC_Start     		CODE           	1A30	0000	1
		_ADC_Average   		CODE           	14A8	0000	104

application/hal_adc.c estimated size: 105

application/hal_flash.c
		_flash_init    		CODE           	1E25	0000	47
		_is_mem_full   		CODE           	1AE0	0000	14
		_write_shot    		CODE           	1FC6	0000	58

application/hal_flash.c estimated size: 119

mcc_generated_files/clkref.c
		_CLKREF_Initialize		CODE           	1A4B	0000	5

mcc_generated_files/clkref.c estimated size: 5

shared
		SprayTask_Process@pressure_rate		STRCODE        	0000	0000	0
		SprayTask_Process@current_rate		STRCODE        	0000	0000	0
		i1_HalLed_StatusOnOff		CODE           	1510	0000	106
		i1_halKeyScan  		CODE           	1652	0000	121
		__initialization		CODE           	0045	0000	131
		i1_PWM_Stop    		CODE           	1A50	0000	6
		i1_LedTask_Process		CODE           	175E	0000	162
		i1_task_ticket_update		CODE           	0C66	0000	461

shared estimated size: 987

mcc_generated_files/mcc.c
		_PMD_Initialize		CODE           	1A62	0000	8
		_OSCILLATOR_Initialize		CODE           	1A97	0000	9
		_SYSTEM_Initialize		CODE           	1C82	0000	31

mcc_generated_files/mcc.c estimated size: 48

application/hal_virtual_i2c.c
		_VI2C_RD_AckBit		CODE           	1090	0000	61
		_VI2C_WRITE    		CODE           	1EEC	0000	53
		_HalI2CWrite   		CODE           	114A	0000	64
		_VI2C_WR_AckBit		CODE           	1D86	0000	35
		_VI2C_READ     		CODE           	1E54	0000	48
		_VI2C_WR_NAckBit		CODE           	1DA9	0000	35
		_HalI2CRead    		CODE           	1298	0000	72

application/hal_virtual_i2c.c estimated size: 368

mcc_generated_files/tmr1.c
		_TMR1_Initialize		CODE           	1D20	0000	33
		_TMR1_SetInterruptHandler		CODE           	1AA0	0000	9
		_TMR1_DefaultInterruptHandler		CODE           	1B5E	0000	20
		_TMR1_WriteTimer		CODE           	1B2B	0000	17
		_TMR1_ISR      		CODE           	1000	0000	23

mcc_generated_files/tmr1.c estimated size: 102

application/hal_sdp.c
		_HalSdp_Command		CODE           	1BB2	0000	24
		_xCal_crc      		CODE           	1DF7	0000	46
		_HalSdp_Start_Measure		CODE           	1AB2	0000	9
		_HalSdp_GetValue		CODE           	110B	0000	63
		_HalSdp_Read   		CODE           	1F56	0000	55
		_HalSdp_Init   		CODE           	1AEE	0000	14
		_HalSdp_GetID  		CODE           	1381	0000	95
		_HalSdp_Reset  		CODE           	1C4A	0000	28
		_HalSdp_GetThr 		CODE           	132B	0000	86
		_HalSdp_Stop_Measure		CODE           	1CC0	0000	32

application/hal_sdp.c estimated size: 452

mcc_generated_files/cwg1.c
		_CWG1_Initialize		CODE           	1B3C	0000	17

mcc_generated_files/cwg1.c estimated size: 17

mcc_generated_files/memory.c
		_FLASH_EraseBlock		CODE           	1D00	0000	32
		_FLASH_ReadWord		CODE           	1CE0	0000	32
		_FLASH_WriteBlock		CODE           	157A	0000	108
		_FLASH_WriteWord		CODE           	10CD	0000	62

mcc_generated_files/memory.c estimated size: 234

application/hal_led.c
		_HalLed_Init   		CODE           	1E84	0000	51
		_HalLed_StatusOnOff		CODE           	13E0	0000	99
		_HalLed_AllOnOff		CODE           	1D41	0000	34

application/hal_led.c estimated size: 184

mcc_generated_files/adcc.c
		_ADCC_GetSingleConversion		CODE           	1B86	0000	22
		_ADCC_ISR      		CODE           	1A33	0000	3
		_ADCC_Initialize		CODE           	1C2F	0000	27

mcc_generated_files/adcc.c estimated size: 52

mcc_generated_files/eusart.c
		_EUSART_SetRxInterruptHandler		CODE           	1A85	0000	9
		_EUSART_SetTxInterruptHandler		CODE           	1A8E	0000	9
		_EUSART_DefaultOverrunErrorHandler		CODE           	1A43	0000	4
		_EUSART_DefaultErrorHandler		CODE           	1A3F	0000	4
		_EUSART_Transmit_ISR		CODE           	1D63	0000	35
		_EUSART_Initialize		CODE           	120D	0000	68
		_EUSART_SetFramingErrorHandler		CODE           	1A73	0000	9
		_EUSART_SetErrorHandler		CODE           	1A6A	0000	9
		_EUSART_SetOverrunErrorHandler		CODE           	1A7C	0000	9
		_EUSART_Receive_ISR		CODE           	118A	0000	65
		_EUSART_RxDataHandler		CODE           	1C15	0000	26
		_EUSART_DefaultFramingErrorHandler		CODE           	1A2F	0000	1

mcc_generated_files/eusart.c estimated size: 248

main.c
		_main          		CODE           	1B4D	0000	17
		_gpio_Init     		CODE           	15E6	0000	108

main.c estimated size: 125

