Microchip MPLAB XC8 Compiler V2.41

Linker command line:

-W-3 \
  --edf=C:\Program Files\Microchip\xc8\v2.41\pic\dat\20230208172133_en.msgs \
  -pivt0x8=08h -cn \
  -h+dist/default/production\BlueSky5.3_PIC18F57Q43.X.production.sym \
  --cmf=dist/default/production\BlueSky5.3_PIC18F57Q43.X.production.cmf -z \
  -Q18F57Q43 -oC:\Users\rapps\AppData\Local\Temp\xcAs65o.\driver_tmp_3.o \
  --defsym=__MPLAB_BUILD=1 --fixupoverflow=error \
  -Mdist/default/production/BlueSky5.3_PIC18F57Q43.X.production.map \
  --md=C:\Users\rapps\AppData\Local\Temp\xcAs65o.\driver_tmp_0.dat -E1 \
  -ver=XC8 Compiler --acfsm=1493 -ACODE=00h-01FFFFh -ACONST=00h-01FFFFh \
  -ASMALLCONST=02600h-026FFhx474 \
  -AMEDIUMCONST=02600h-0FFFFh,012600h-01FFFFh -ACOMRAM=0501h-055Fh \
  -AABS1=0500h-024FFh -ABIGRAM=0501h-024FFh \
  -ARAM=0560h-05FFh,0600h-06FFhx31 -ABANK5=0560h-05FFh -ABANK6=0600h-06FFh \
  -ABANK7=0700h-07FFh -ABANK8=0800h-08FFh -ABANK9=0900h-09FFh \
  -ABANK10=0A00h-0AFFh -ABANK11=0B00h-0BFFh -ABANK12=0C00h-0CFFh \
  -ABANK13=0D00h-0DFFh -ABANK14=0E00h-0EFFh -ABANK15=0F00h-0FFFh \
  -ABANK16=01000h-010FFh -ABANK17=01100h-011FFh -ABANK18=01200h-012FFh \
  -ABANK19=01300h-013FFh -ABANK20=01400h-014FFh -ABANK21=01500h-015FFh \
  -ABANK22=01600h-016FFh -ABANK23=01700h-017FFh -ABANK24=01800h-018FFh \
  -ABANK25=01900h-019FFh -ABANK26=01A00h-01AFFh -ABANK27=01B00h-01BFFh \
  -ABANK28=01C00h-01CFFh -ABANK29=01D00h-01DFFh -ABANK30=01E00h-01EFFh \
  -ABANK31=01F00h-01FFFh -ABANK32=02000h-020FFh -ABANK33=02100h-021FFh \
  -ABANK34=02200h-022FFh -ABANK35=02300h-023FFh -ABANK36=02400h-024FFh \
  -ASFR=00h-0FFhx4,0400h-045Fh,0460h-04FFh,02500h-025FFh \
  -ABIGSFR=00h-04FFh,02500h-025FFh -ACONFIG=0300000h-0300011h \
  -AIDLOC=0200000h-020003Fh -AEEDATA=0380000h-03803FFh -peeprom_data=EEDATA \
  -preset_vec=00h -ppowerup=CODE,init -pramtop=02600h \
  -psmallconst=SMALLCONST -pmediumconst=MEDIUMCONST -pconst=CONST \
  -AFARRAM=00h-00h \
  -prdata=COMRAM,nvrram=COMRAM,nvbit=COMRAM,rbss=COMRAM,rbit=COMRAM \
  -pfarbss=FARRAM,fardata=FARRAM,nvFARRAM=FARRAM \
  -pintsave_regs=BIGRAM,bigbss=BIGRAM,bigdata=BIGRAM -pbss=RAM \
  -pidata=CODE,irdata=CODE,ibigdata=CODE,ifardata=CODE -prparam=COMRAM \
  C:\Users\rapps\AppData\Local\Temp\xcAs65o.\driver_tmp_9.o \
  dist/default/production\BlueSky5.3_PIC18F57Q43.X.production.o 

Object code version is 3.11

Machine type is 18F57Q43



                Name                               Link     Load   Length Selector   Space Scale
C:\Users\rapps\AppData\Local\Temp\xcAs65o.\driver_tmp_9.o
                idloc                            200000   200000       40        0       5
                config                           300000   300000        A        0       4
                init                                 1C       1C        4        4       0
                reset_vec                             0        0        4        0       0
dist/default/production\BlueSky5.3_PIC18F57Q43.X.production.o
                idloc                            200000   200000       40        0       5
                config                           300000   300000        A        0       4
                smallconst                         2600     2600       A4     1300       0
                ivt0x8                                8        8       14        4       0
                text122                            6D0A     6D0A        2     3656       0
                text121                            6796     6796       34     1352       0
                text120                            6D08     6D08        2     3656       0
                text119                            68DE     68DE       2A     1352       0
                text118                            5082     5082      104     1352       0
                text117                            6C94     6C94        C     1352       0
                text116                            3936     3936      44C     1352       0
                text115                            657E     657E       44     1352       0
                text114                            6D06     6D06        2     3656       0
                text113                            6D04     6D04        2     3656       0
                text112                            6D02     6D02        2     3656       0
                text111                            6D00     6D00        2     3656       0
                text110                            5374     5374       F4     1352       0
                text109                            527E     527E       F6     1352       0
                text108                            55FE     55FE       C2     1352       0
                text107                            6CFE     6CFE        2     3656       0
                text106                            6C88     6C88        C     1352       0
                text105                            6C7C     6C7C        C     1352       0
                text104                            6CFC     6CFC        2     3656       0
                text103                            6CFA     6CFA        2     3656       0
                text102                            59AC     59AC       B4     1352       0
                text101                            66B6     66B6       3A     1352       0
                text100                            58F8     58F8       B4     1352       0
                text99                             667C     667C       3A     1352       0
                text98                             4E54     4E54      11A     1352       0
                text97                             6C3E     6C3E        E     1352       0
                text96                             6126     6126       72     1352       0
                text95                             6C70     6C70        C     1352       0
                text94                             6BBA     6BBA       1C     1352       0
                text93                             6958     6958       28     1352       0
                text92                             6CCA     6CCA        8     3656       0
                text91                             6C30     6C30        E     1352       0
                text90                             6C22     6C22        E     1352       0
                text89                             6C14     6C14        E     1352       0
                text88                             6440     6440       54     1352       0
                text87                             6A14     6A14       24     1352       0
                text86                             6CE4     6CE4        6     3656       0
                text85                             6CDE     6CDE        6     3656       0
                text84                             5186     5186       F8     1352       0
                text83                             69F0     69F0       24     1352       0
                text82                             6C06     6C06        E     1352       0
                text81                             6534     6534       4A     1352       0
                text80                             6B26     6B26       22     1352       0
                text79                             6B04     6B04       22     1352       0
                text78                             6AE2     6AE2       22     1352       0
                text77                             5780     5780       C0     1352       0
                text76                             6AC0     6AC0       22     1352       0
                text75                             6A9E     6A9E       22     1352       0
                text74                             6A7C     6A7C       22     1352       0
                text73                             56C0     56C0       C0     1352       0
                text72                             6C64     6C64        C     1352       0
                text71                             6642     6642       3A     1352       0
                text70                             6CD8     6CD8        6     3656       0
                text69                             6CD2     6CD2        6     3656       0
                text68                             685A     685A       2E     1352       0
                text67                             5468     5468       D4     1352       0
                text66                             6CF8     6CF8        2     3656       0
                text65                             451A     451A      1FE     1352       0
                text64                             6BD6     6BD6       14     1352       0
                text63                             6888     6888       2C     1352       0
                text62                             48C0     48C0      182     1352       0
                text61                             64E4     64E4       50     1352       0
                text60                             6A5A     6A5A       22     1352       0
                text59                             5840     5840       B8     1352       0
                text58                             4D38     4D38      11C     1352       0
                text57                             42CC     42CC      24E     1352       0
                text56                             6CC0     6CC0        A     3656       0
                text55                             6CF2     6CF2        4     3656       0
                text54                             6CEE     6CEE        4     3656       0
                text53                             6CEA     6CEA        4     3656       0
                text52                             6198     6198       6C     1352       0
                text51                             63EC     63EC       54     1352       0
                text50                             68B4     68B4       2A     1352       0
                text49                             6A38     6A38       22     1352       0
                text48                             6390     6390       5C     1352       0
                text47                             682A     682A       30     1352       0
                text46                             67FA     67FA       30     1352       0
                text45                             5DDA     5DDA       84     1352       0
                text44                             6930     6930       28     1352       0
                text43                             6B48     6B48       1E     1352       0
                text42                             5CCA     5CCA       8A     1352       0
                text41                             6330     6330       60     1352       0
                text40                             60B4     60B4       72     1352       0
                text39                             626E     626E       62     1352       0
                text38                             5EDA     5EDA       7C     1352       0
                text37                             5E5E     5E5E       7C     1352       0
                text36                             6908     6908       28     1352       0
                text35                             6BF8     6BF8        E     1352       0
                text34                             6728     6728       38     1352       0
                text33                             6B9E     6B9E       1C     1352       0
                text32                             6C58     6C58        C     1352       0
                text31                             6C4C     6C4C        C     1352       0
                text30                             3D82     3D82      2F2     1352       0
                text29                             6760     6760       36     1352       0
                text28                             5B08     5B08       A4     1352       0
                text27                             6204     6204       6A     1352       0
                text26                             5FCE     5FCE       74     1352       0
                text25                             69A6     69A6       26     1352       0
                text24                             6BEA     6BEA        E     1352       0
                text23                             6980     6980       26     1352       0
                text22                             4BC2     4BC2      176     1352       0
                text21                             6042     6042       72     1352       0
                text20                             6CB6     6CB6        A     3656       0
                text19                             6CAC     6CAC        A     3656       0
                text18                             5D54     5D54       86     1352       0
                text17                             4F6E     4F6E      114     1352       0
                text16                             6602     6602       40     1352       0
                text15                             66F0     66F0       38     1352       0
                text14                             26A4     26A4     1292     1352       0
                text13                             6B82     6B82       1C     1352       0
                text12                             6494     6494       50     1352       0
                text11                             62D0     62D0       60     1352       0
                text10                             4074     4074      258     1352       0
                text9                              65C2     65C2       40     1352       0
                text8                              553C     553C       C2     1352       0
                text7                              67CA     67CA       30     1352       0
                text6                              6B66     6B66       1C     1352       0
                text5                              4718     4718      1A8     1352       0
                text4                              5C3E     5C3E       8C     1352       0
                text3                              5BAC     5BAC       92     1352       0
                text2                              4A42     4A42      180     1352       0
                text1                              5F56     5F56       78     1352       0
                text0                              69CC     69CC       24     1352       0
                cstackCOMRAM                        501      501       36      501       1
                bssBIGRAM                           960      960      BE6      960       1
                bssBANK9                            900      900       60      900       1
                bssBANK8                            800      800       BC      800       1
                bssBANK7                            700      700       CB      700       1
                bssBANK6                            600      600       E9      600       1
                dataBANK5                           5F4      5F4        B      560       1
                bssBANK5                            560      560       94      560       1
                dataCOMRAM                          55D      55D        2      501       1
                bssCOMRAM                           537      537       26      501       1
                cinit                              5A60     5A60       A8     1352       0
                nvBANK6                             6E9      6E9        F      600       1
                idataBANK5                         6CA0     6CA0        B     1352       0
                idataCOMRAM                        6CF6     6CF6        2     3656       0

TOTAL           Name                               Link     Load   Length     Space
        CLASS   CODE           
                init                                 1C       1C        4         0
                reset_vec                             0        0        4         0
                ivt0x8                                8        8       14         0
                text122                            6D0A     6D0A        2         0
                text121                            6796     6796       34         0
                text120                            6D08     6D08        2         0
                text119                            68DE     68DE       2A         0
                text118                            5082     5082      104         0
                text117                            6C94     6C94        C         0
                text116                            3936     3936      44C         0
                text115                            657E     657E       44         0
                text114                            6D06     6D06        2         0
                text113                            6D04     6D04        2         0
                text112                            6D02     6D02        2         0
                text111                            6D00     6D00        2         0
                text110                            5374     5374       F4         0
                text109                            527E     527E       F6         0
                text108                            55FE     55FE       C2         0
                text107                            6CFE     6CFE        2         0
                text106                            6C88     6C88        C         0
                text105                            6C7C     6C7C        C         0
                text104                            6CFC     6CFC        2         0
                text103                            6CFA     6CFA        2         0
                text102                            59AC     59AC       B4         0
                text101                            66B6     66B6       3A         0
                text100                            58F8     58F8       B4         0
                text99                             667C     667C       3A         0
                text98                             4E54     4E54      11A         0
                text97                             6C3E     6C3E        E         0
                text96                             6126     6126       72         0
                text95                             6C70     6C70        C         0
                text94                             6BBA     6BBA       1C         0
                text93                             6958     6958       28         0
                text92                             6CCA     6CCA        8         0
                text91                             6C30     6C30        E         0
                text90                             6C22     6C22        E         0
                text89                             6C14     6C14        E         0
                text88                             6440     6440       54         0
                text87                             6A14     6A14       24         0
                text86                             6CE4     6CE4        6         0
                text85                             6CDE     6CDE        6         0
                text84                             5186     5186       F8         0
                text83                             69F0     69F0       24         0
                text82                             6C06     6C06        E         0
                text81                             6534     6534       4A         0
                text80                             6B26     6B26       22         0
                text79                             6B04     6B04       22         0
                text78                             6AE2     6AE2       22         0
                text77                             5780     5780       C0         0
                text76                             6AC0     6AC0       22         0
                text75                             6A9E     6A9E       22         0
                text74                             6A7C     6A7C       22         0
                text73                             56C0     56C0       C0         0
                text72                             6C64     6C64        C         0
                text71                             6642     6642       3A         0
                text70                             6CD8     6CD8        6         0
                text69                             6CD2     6CD2        6         0
                text68                             685A     685A       2E         0
                text67                             5468     5468       D4         0
                text66                             6CF8     6CF8        2         0
                text65                             451A     451A      1FE         0
                text64                             6BD6     6BD6       14         0
                text63                             6888     6888       2C         0
                text62                             48C0     48C0      182         0
                text61                             64E4     64E4       50         0
                text60                             6A5A     6A5A       22         0
                text59                             5840     5840       B8         0
                text58                             4D38     4D38      11C         0
                text57                             42CC     42CC      24E         0
                text56                             6CC0     6CC0        A         0
                text55                             6CF2     6CF2        4         0
                text54                             6CEE     6CEE        4         0
                text53                             6CEA     6CEA        4         0
                text52                             6198     6198       6C         0
                text51                             63EC     63EC       54         0
                text50                             68B4     68B4       2A         0
                text49                             6A38     6A38       22         0
                text48                             6390     6390       5C         0
                text47                             682A     682A       30         0
                text46                             67FA     67FA       30         0
                text45                             5DDA     5DDA       84         0
                text44                             6930     6930       28         0
                text43                             6B48     6B48       1E         0
                text42                             5CCA     5CCA       8A         0
                text41                             6330     6330       60         0
                text40                             60B4     60B4       72         0
                text39                             626E     626E       62         0
                text38                             5EDA     5EDA       7C         0
                text37                             5E5E     5E5E       7C         0
                text36                             6908     6908       28         0
                text35                             6BF8     6BF8        E         0
                text34                             6728     6728       38         0
                text33                             6B9E     6B9E       1C         0
                text32                             6C58     6C58        C         0
                text31                             6C4C     6C4C        C         0
                text30                             3D82     3D82      2F2         0
                text29                             6760     6760       36         0
                text28                             5B08     5B08       A4         0
                text27                             6204     6204       6A         0
                text26                             5FCE     5FCE       74         0
                text25                             69A6     69A6       26         0
                text24                             6BEA     6BEA        E         0
                text23                             6980     6980       26         0
                text22                             4BC2     4BC2      176         0
                text21                             6042     6042       72         0
                text20                             6CB6     6CB6        A         0
                text19                             6CAC     6CAC        A         0
                text18                             5D54     5D54       86         0
                text17                             4F6E     4F6E      114         0
                text16                             6602     6602       40         0
                text15                             66F0     66F0       38         0
                text14                             26A4     26A4     1292         0
                text13                             6B82     6B82       1C         0
                text12                             6494     6494       50         0
                text11                             62D0     62D0       60         0
                text10                             4074     4074      258         0
                text9                              65C2     65C2       40         0
                text8                              553C     553C       C2         0
                text7                              67CA     67CA       30         0
                text6                              6B66     6B66       1C         0
                text5                              4718     4718      1A8         0
                text4                              5C3E     5C3E       8C         0
                text3                              5BAC     5BAC       92         0
                text2                              4A42     4A42      180         0
                text1                              5F56     5F56       78         0
                text0                              69CC     69CC       24         0
                cinit                              5A60     5A60       A8         0
                idataBANK5                         6CA0     6CA0        B         0
                idataCOMRAM                        6CF6     6CF6        2         0

        CLASS   CONST          

        CLASS   SMALLCONST     
                smallconst                         2600     2600       A4         0

        CLASS   MEDIUMCONST    

        CLASS   COMRAM         
                cstackCOMRAM                        501      501       36         1
                dataCOMRAM                          55D      55D        2         1
                bssCOMRAM                           537      537       26         1

        CLASS   ABS1           

        CLASS   BIGRAM         
                bssBIGRAM                           960      960      BE6         1

        CLASS   RAM            

        CLASS   BANK5          
                dataBANK5                           5F4      5F4        B         1
                bssBANK5                            560      560       94         1

        CLASS   BANK6          
                bssBANK6                            600      600       E9         1
                nvBANK6                             6E9      6E9        F         1

        CLASS   BANK7          
                bssBANK7                            700      700       CB         1

        CLASS   BANK8          
                bssBANK8                            800      800       BC         1

        CLASS   BANK9          
                bssBANK9                            900      900       60         1

        CLASS   BANK10         

        CLASS   BANK11         

        CLASS   BANK12         

        CLASS   BANK13         

        CLASS   BANK14         

        CLASS   BANK15         

        CLASS   BANK16         

        CLASS   BANK17         

        CLASS   BANK18         

        CLASS   BANK19         

        CLASS   BANK20         

        CLASS   BANK21         

        CLASS   BANK22         

        CLASS   BANK23         

        CLASS   BANK24         

        CLASS   BANK25         

        CLASS   BANK26         

        CLASS   BANK27         

        CLASS   BANK28         

        CLASS   BANK29         

        CLASS   BANK30         

        CLASS   BANK31         

        CLASS   BANK32         

        CLASS   BANK33         

        CLASS   BANK34         

        CLASS   BANK35         

        CLASS   BANK36         

        CLASS   SFR            

        CLASS   BIGSFR         

        CLASS   CONFIG         
                config                           300000   300000        A         4

        CLASS   IDLOC          
                idloc                            200000   200000       40         5

        CLASS   EEDATA         

        CLASS   FARRAM         

        CLASS   HEAP           

        CLASS   STACK          



SEGMENTS        Name                           Load    Length   Top    Selector   Space  Class

                reset_vec                      000000  000004  000004         0       0  CODE    
                ivt0x8                         000008  000018  000020         4       0  CODE    
                cstackCOMRAM                   000501  00005E  00055F       501       1  COMRAM  
                bssBANK5                       000560  00009F  0005FF       560       1  BANK5   
                bssBANK6                       000600  0000F8  0006F8       600       1  BANK6   
                bssBANK7                       000700  0000CB  0007CB       700       1  BANK7   
                bssBANK8                       000800  0000BC  0008BC       800       1  BANK8   
                bssBANK9                       000900  000060  000960       900       1  BANK9   
                bssBIGRAM                      000960  000BE6  001546       960       1  BIGRAM  
                smallconst                     002600  0000A4  0026A4      1300       0  SMALLCON
                text14                         0026A4  004607  006CAB      1352       0  CODE    
                text19                         006CAC  000060  006D0C      3656       0  CODE    


UNUSED ADDRESS RANGES

        Name                Unused          Largest block    Delta
        BANK21           001546-0015FF               BA
        BANK22           001600-0016FF              100
        BANK23           001700-0017FF              100
        BANK24           001800-0018FF              100
        BANK25           001900-0019FF              100
        BANK26           001A00-001AFF              100
        BANK27           001B00-001BFF              100
        BANK28           001C00-001CFF              100
        BANK29           001D00-001DFF              100
        BANK30           001E00-001EFF              100
        BANK31           001F00-001FFF              100
        BANK32           002000-0020FF              100
        BANK33           002100-0021FF              100
        BANK34           002200-0022FF              100
        BANK35           002300-0023FF              100
        BANK36           002400-0024FF              100
        BANK5            0005FF-0005FF                1
        BANK6            0006F8-0006FF                8
        BANK7            0007CB-0007FF               35
        BANK8            0008BC-0008FF               44
        BIGRAM           00055F-00055F                1
                         0005FF-0005FF                1
                         0006F8-0006FF                8
                         0007CB-0007FF               35
                         0008BC-0008FF               44
                         001546-0024FF              FBA
        BIGSFR           000000-0004FF              500
                         002500-0025FF              100
        CODE             000004-000007                4
                         000020-0025FF             25E0
                         006CAB-006CAB                1
                         006D0C-01FFFF            192F4
        COMRAM           00055F-00055F                1
        CONFIG           30000A-300011                8
        CONST            000004-000007                4
                         000020-0025FF             25E0
                         006CAB-006CAB                1
                         006D0C-01FFFF            192F4
        EEDATA           380000-3803FF              400
        MEDIUMCONST      006CAB-006CAB                1
                         006D0C-00FFFF             92F4
                         012600-01FFFF             DA00
        RAM              0005FF-0005FF                1
                         0006F8-0006FF                8
                         0007CB-0007FF               35
                         0008BC-0008FF               44
                         001546-0024FF              100
        SFR              000000-0004FF              100
                         002500-0025FF              100
        SMALLCONST       006CAB-006CAB                1
                         006D0C-01FFFF              100

                                  Symbol Table

?_ADCC_GetSingleConversion                         cstackCOMRAM 00050F
?_ADC_Average                                      cstackCOMRAM 000514
?___lldiv                                          cstackCOMRAM 00051B
?___lmul                                           cstackCOMRAM 00050F
?___lwdiv                                          cstackCOMRAM 00050F
?___wmul                                           cstackCOMRAM 00050F
?_flash_init                                       cstackCOMRAM 000522
?_swap_16bits                                      cstackCOMRAM 00050F
ADCC_GetSingleConversion@channel                   cstackCOMRAM 000513
ADCC_SetADIInterruptHandler@InterruptHandler       cstackCOMRAM 00050F
ADC_Average@adc_ch                                 cstackCOMRAM 000518
ADC_Average@adc_max                                cstackCOMRAM 000519
ADC_Average@adc_min                                cstackCOMRAM 00051B
ADC_Average@adc_single                             cstackCOMRAM 000520
ADC_Average@adc_sum                                cstackCOMRAM 00051D
ADC_Average@i                                      cstackCOMRAM 00051F
BatTask_Process@bat_vol_bk                         cstackCOMRAM 000522
ChargeTask_Process@bat_flag_bk                     cstackCOMRAM 000517
ChargeTask_Process@charge_pin                      cstackCOMRAM 000516
ChargeTask_Process@vbus_pin                        cstackCOMRAM 000515
FLASH_Read@address                                 cstackCOMRAM 00050F
FLASH_Read@tablePointer                            cstackCOMRAM 00051E
FLASH_Write@address                                cstackCOMRAM 00050F
FLASH_Write@data                                   cstackCOMRAM 000512
FLASH_Write@globalInterruptBitValue                cstackCOMRAM 000517
HalI2CRead@cnt                                     cstackCOMRAM 000516
HalI2CRead@len                                     cstackCOMRAM 000517
HalI2CRead@pBuf                                    cstackCOMRAM 000513
HalI2CRead@tmpAddr                                 cstackCOMRAM 000515
HalI2CWrite@cnt                                    cstackCOMRAM 000517
HalI2CWrite@len                                    cstackCOMRAM 000515
HalI2CWrite@pBuf                                   cstackCOMRAM 000513
HalI2CWrite@tmpAddr                                cstackCOMRAM 000516
HalLed_AllOnOff@mode                               cstackCOMRAM 00050F
HalLed_StatusOnOff@mode                            cstackCOMRAM 00050F
HalLed_StatusOnOff@type                            cstackCOMRAM 000510
HalSdp_Command@cmd                                 cstackCOMRAM 00051F
HalSdp_Command@data                                cstackCOMRAM 000522
HalSdp_Command@result                              cstackCOMRAM 000521
HalSdp_GetID@buffer                                cstackCOMRAM 000523
HalSdp_GetID@i                                     cstackCOMRAM 000535
HalSdp_GetValue@data                               cstackCOMRAM 000524
HalSdp_GetValue@thr                                cstackCOMRAM 000520
HalSdp_GetValue@value                              cstackCOMRAM 00051E
HalSdp_Init@result                                 cstackCOMRAM 000536
HalSdp_Read@crc_value                              cstackCOMRAM 00051C
HalSdp_Read@result                                 cstackCOMRAM 00051D
HalSdp_Reset@result                                cstackCOMRAM 00051F
HalSensorRead@i                                    cstackCOMRAM 00051B
HalSensorRead@nBytes                               cstackCOMRAM 00051A
HalSensorRead@pBuf                                 cstackCOMRAM 000518
HalSensorWriteReg@addr                             cstackCOMRAM 00051B
HalSensorWriteReg@i                                cstackCOMRAM 00051E
HalSensorWriteReg@nBytes                           cstackCOMRAM 00051A
HalSensorWriteReg@p                                cstackCOMRAM 00051C
HalSensorWriteReg@pBuf                             cstackCOMRAM 000518
Hal_I2C_Release@device                             cstackCOMRAM 00050F
Hal_I2C_Select@device                              cstackCOMRAM 00050F
I2C_DELAY@delay_us                                 cstackCOMRAM 00050F
INT0_SetInterruptHandler@InterruptHandler          cstackCOMRAM 00050F
INT1_SetInterruptHandler@InterruptHandler          cstackCOMRAM 00050F
INT2_SetInterruptHandler@InterruptHandler          cstackCOMRAM 00050F
INTSTAT_ADDR                                       (abs)        0000D7
IVTBASEH                                           (abs)        00045E
IVTBASEL                                           (abs)        00045D
IVTBASEU                                           (abs)        00045F
KeyTask_Process@key                                cstackCOMRAM 000510
LedTask_Process@blink                              cstackCOMRAM 000513
LedTask_Process@percent                            cstackCOMRAM 000515
LedTask_Process@type                               cstackCOMRAM 000514
NVM_UnlockKeySet@unlockKey                         cstackCOMRAM 00050F
PWM_Duty_Set@cnt                                   cstackCOMRAM 000510
PWM_Duty_Set@cwg1con0                              cstackCOMRAM 00050F
SprayTask_Process@current_inc                      bssBANK5     0005CB
SprayTask_Process@current_index                    bssCOMRAM    000551
SprayTask_Process@pressure_inc                     bssBANK5     0005CC
SprayTask_Process@pressure_index                   bssBANK5     0005CD
SprayTask_Process@pressure_rate                    cstackCOMRAM 00052C
Timer1_OverflowCallbackRegister@CallbackHandler    cstackCOMRAM 00050F
Timer1_Write@timerVal                              cstackCOMRAM 000501
UART2_FramingErrorCallbackRegister@callbackHandler cstackCOMRAM 00050F
UART2_OverrunErrorCallbackRegister@callbackHandler cstackCOMRAM 00050F
UART2_ParityErrorCallbackRegister@callbackHandler  cstackCOMRAM 00050F
UART2_ReceiveISR@regValue                          cstackCOMRAM 000501
UART2_ReceiveISR@tempRxHead                        cstackCOMRAM 000502
UART2_TransmitISR@tempTxTail                       cstackCOMRAM 00050B
UART3_FramingErrorCallbackRegister@callbackHandler cstackCOMRAM 00050F
UART3_OverrunErrorCallbackRegister@callbackHandler cstackCOMRAM 00050F
UART3_ParityErrorCallbackRegister@callbackHandler  cstackCOMRAM 00050F
UART3_ReceiveISR@regValue                          cstackCOMRAM 000501
UART3_ReceiveISR@tempRxHead                        cstackCOMRAM 000502
UART3_TransmitISR@tempTxTail                       cstackCOMRAM 00050B
VI2C_RD_AckBit@bit                                 cstackCOMRAM 000512
VI2C_RD_AckBit@wait                                cstackCOMRAM 000510
VI2C_READ@data                                     cstackCOMRAM 000510
VI2C_READ@i                                        cstackCOMRAM 000511
VI2C_WRITE@data                                    cstackCOMRAM 000510
VI2C_WRITE@i                                       cstackCOMRAM 000511
WWDT_TimerClear@state                              cstackCOMRAM 00050F
_ACTCON                                            (abs)        0000AC
_ADACCH                                            (abs)        0003E4
_ADACCL                                            (abs)        0003E3
_ADACCU                                            (abs)        0003E5
_ADACQH                                            (abs)        0003EF
_ADACQL                                            (abs)        0003EE
_ADACT                                             (abs)        0003F9
_ADCAP                                             (abs)        0003F0
_ADCC_ADI_InterruptHandler                         nvBANK6      0006F5
_ADCC_DefaultADI_ISR                               text122      006D0A
_ADCC_GetSingleConversion                          text68       00685A
_ADCC_ISR                                          text121      006796
_ADCC_Initialize                                   text96       006126
_ADCC_SetADIInterruptHandler                       text97       006C3E
_ADCLK                                             (abs)        0003FA
_ADCNT                                             (abs)        0003E6
_ADCON0                                            (abs)        0003F3
_ADCON0bits                                        (abs)        0003F3
_ADCON1                                            (abs)        0003F4
_ADCON1bits                                        (abs)        0003F4
_ADCON2                                            (abs)        0003F5
_ADCON2bits                                        (abs)        0003F5
_ADCON3                                            (abs)        0003F6
_ADCON3bits                                        (abs)        0003F6
_ADC_Average                                       text67       005468
_ADC_Start                                         text66       006CF8
_ADERRH                                            (abs)        0003DE
_ADERRL                                            (abs)        0003DD
_ADFLTRH                                           (abs)        0003E2
_ADFLTRL                                           (abs)        0003E1
_ADLTHH                                            (abs)        0003DA
_ADLTHL                                            (abs)        0003D9
_ADPCH                                             (abs)        0003EC
_ADPREH                                            (abs)        0003F2
_ADPREL                                            (abs)        0003F1
_ADPREVH                                           (abs)        0003E9
_ADPREVL                                           (abs)        0003E8
_ADREF                                             (abs)        0003F8
_ADRESH                                            (abs)        0003EB
_ADRESL                                            (abs)        0003EA
_ADRPT                                             (abs)        0003E7
_ADSTAT                                            (abs)        0003F7
_ADSTATbits                                        (abs)        0003F7
_ADSTPTH                                           (abs)        0003E0
_ADSTPTL                                           (abs)        0003DF
_ADUTHH                                            (abs)        0003DC
_ADUTHL                                            (abs)        0003DB
_ANSELA                                            (abs)        000400
_ANSELAbits                                        (abs)        000400
_ANSELB                                            (abs)        000408
_ANSELBbits                                        (abs)        000408
_ANSELC                                            (abs)        000410
_ANSELCbits                                        (abs)        000410
_ANSELD                                            (abs)        000418
_ANSELDbits                                        (abs)        000418
_ANSELE                                            (abs)        000420
_ANSELF                                            (abs)        000428
_ANSELFbits                                        (abs)        000428
_BatTask_Process                                   text65       00451A
_CLKRCLK                                           (abs)        00003A
_CLKRCON                                           (abs)        000039
_CLKREF_Initialize                                 text95       006C70
_CLOCK_Initialize                                  text94       006BBA
_CWG1AS0                                           (abs)        0003C2
_CWG1AS0bits                                       (abs)        0003C2
_CWG1AS1                                           (abs)        0003C3
_CWG1CLKCON                                        (abs)        0003BC
_CWG1CON0                                          (abs)        0003C0
_CWG1CON0bits                                      (abs)        0003C0
_CWG1CON1                                          (abs)        0003C1
_CWG1DBF                                           (abs)        0003BF
_CWG1DBR                                           (abs)        0003BE
_CWG1ISM                                           (abs)        0003BD
_CWG1STR                                           (abs)        0003C4
_CWG1_Initialize                                   text93       006958
_CartTask_Process                                  text64       006BD6
_ChargeTask_Process                                text62       0048C0
_Device_Address                                    bssBANK5     0005C9
_Device_Address_Read                               bssBANK5     0005C6
_Device_Address_Write                              bssBANK5     0005C7
_FLASH_Read                                        text4        005C3E
_FLASH_Write                                       text21       006042
_FVRCON                                            (abs)        0003D7
_FVRCONbits                                        (abs)        0003D7
_FVR_Initialize                                    text92       006CCA
_GIE                                               (abs)        0026B7
_HalI2CRead                                        text45       005DDA
_HalI2CWrite                                       text38       005EDA
_HalLed_AllOnOff                                   text61       0064E4
_HalLed_Init                                       text9        0065C2
_HalLed_StatusOnOff                                text58       004D38
_HalSdp_Command                                    text36       006908
_HalSdp_GetID                                      text8        00553C
_HalSdp_GetValue                                   text39       00626E
_HalSdp_Init                                       text6        006B66
_HalSdp_Read                                       text40       0060B4
_HalSdp_Reset                                      text7        0067CA
_HalSdp_Start_Measure                              text35       006BF8
_HalSdp_Stop_Measure                               text34       006728
_HalSensorRead                                     text44       006930
_HalSensorWriteReg                                 text37       005E5E
_Hal_I2C_Release                                   text43       006B48
_Hal_I2C_Select                                    text42       005CCA
_I2C_DELAY                                         text56       006CC0
_I2C_Device                                        bssBANK5     0005C8
_INLVLA                                            (abs)        000404
_INLVLB                                            (abs)        00040C
_INLVLC                                            (abs)        000414
_INLVLD                                            (abs)        00041C
_INLVLE                                            (abs)        000424
_INLVLF                                            (abs)        00042C
_INT0_DefaultInterruptHandler                      (abs)        000000
_INT0_InterruptHandler                             bssBANK5     000592
_INT0_SetInterruptHandler                          text91       006C30
_INT1_DefaultInterruptHandler                      (abs)        000000
_INT1_InterruptHandler                             bssBANK5     00058F
_INT1_SetInterruptHandler                          text90       006C22
_INT2_DefaultInterruptHandler                      (abs)        000000
_INT2_InterruptHandler                             bssBANK5     00058C
_INT2_SetInterruptHandler                          text89       006C14
_INTCON0bits                                       (abs)        0004D6
_INTERRUPT_Initialize                              text88       006440
_INTERRUPT_InterruptManagerHigh                    text108      0055FE
_INTERRUPT_InterruptManagerLow                     text98       004E54
_IOCAF                                             (abs)        000407
_IOCAN                                             (abs)        000406
_IOCAP                                             (abs)        000405
_IOCBF                                             (abs)        00040F
_IOCBN                                             (abs)        00040E
_IOCBP                                             (abs)        00040D
_IOCCF                                             (abs)        000417
_IOCCN                                             (abs)        000416
_IOCCP                                             (abs)        000415
_IOCEF                                             (abs)        000427
_IOCEN                                             (abs)        000426
_IOCEP                                             (abs)        000425
_IPR0bits                                          (abs)        000362
_IPR1bits                                          (abs)        000363
_IPR3bits                                          (abs)        000365
_IPR8bits                                          (abs)        00036A
_IPR9bits                                          (abs)        00036B
_KeyOn                                             bssBANK6     0006E5
_KeyTask_Process                                   text59       005840
_LATA                                              (abs)        0004BE
_LATAbits                                          (abs)        0004BE
_LATB                                              (abs)        0004BF
_LATBbits                                          (abs)        0004BF
_LATC                                              (abs)        0004C0
_LATCbits                                          (abs)        0004C0
_LATD                                              (abs)        0004C1
_LATDbits                                          (abs)        0004C1
_LATE                                              (abs)        0004C2
_LATEbits                                          (abs)        0004C2
_LATF                                              (abs)        0004C3
_LATFbits                                          (abs)        0004C3
_LedTask_Process                                   text57       0042CC
_NCO1ACCH                                          (abs)        000441
_NCO1ACCL                                          (abs)        000440
_NCO1ACCU                                          (abs)        000442
_NCO1CLK                                           (abs)        000447
_NCO1CON                                           (abs)        000446
_NCO1CONbits                                       (abs)        000446
_NCO1INCH                                          (abs)        000444
_NCO1INCL                                          (abs)        000443
_NCO1INCU                                          (abs)        000445
_NCO1_Initialize                                   text87       006A14
_NVMADRH                                           (abs)        000044
_NVMADRL                                           (abs)        000043
_NVMADRU                                           (abs)        000045
_NVMCON0bits                                       (abs)        000040
_NVMCON1bits                                       (abs)        000041
_NVMDATH                                           (abs)        000047
_NVMDATL                                           (abs)        000046
_NVMLOCK                                           (abs)        000042
_NVM_Initialize                                    text85       006CDE
_NVM_StatusClear                                   text86       006CE4
_NVM_UnlockKeyClear                                text20       006CB6
_NVM_UnlockKeySet                                  text19       006CAC
_ODCONA                                            (abs)        000402
_ODCONAbits                                        (abs)        000402
_ODCONB                                            (abs)        00040A
_ODCONBbits                                        (abs)        00040A
_ODCONC                                            (abs)        000412
_ODCONCbits                                        (abs)        000412
_ODCOND                                            (abs)        00041A
_ODCONDbits                                        (abs)        00041A
_ODCONE                                            (abs)        000422
_ODCONEbits                                        (abs)        000422
_ODCONF                                            (abs)        00042A
_ODCONFbits                                        (abs)        00042A
_OSCCON1                                           (abs)        0000AD
_OSCCON3                                           (abs)        0000AF
_OSCEN                                             (abs)        0000B3
_OSCFRQ                                            (abs)        0000B1
_OSCTUNE                                           (abs)        0000B0
_PIE0bits                                          (abs)        00049E
_PIE1bits                                          (abs)        00049F
_PIE3bits                                          (abs)        0004A1
_PIE8bits                                          (abs)        0004A6
_PIE9bits                                          (abs)        0004A7
_PIN_MANAGER_IOC                                   text107      006CFE
_PIN_MANAGER_Initialize                            text84       005186
_PIR0bits                                          (abs)        0004AE
_PIR10bits                                         (abs)        0004B8
_PIR1bits                                          (abs)        0004AF
_PIR2bits                                          (abs)        0004B0
_PIR3bits                                          (abs)        0004B1
_PIR6bits                                          (abs)        0004B4
_PIR8bits                                          (abs)        0004B6
_PIR9bits                                          (abs)        0004B7
_PMD0                                              (abs)        000060
_PMD1                                              (abs)        000061
_PMD3                                              (abs)        000063
_PMD4                                              (abs)        000064
_PMD5                                              (abs)        000065
_PMD6                                              (abs)        000066
_PMD7                                              (abs)        000067
_PMD8                                              (abs)        000068
_PMD_Initialize                                    text83       0069F0
_PORTDbits                                         (abs)        0004D1
_PORTFbits                                         (abs)        0004D3
_PWM_Duty_Set                                      text33       006B9E
_PWM_Start                                         text32       006C58
_PWM_Stop                                          text31       006C4C
_RB1I2C                                            (abs)        000289
_RB2I2C                                            (abs)        000288
_RB4PPS                                            (abs)        00020D
_RB5PPS                                            (abs)        00020E
_RC3I2C                                            (abs)        000287
_RC4I2C                                            (abs)        000286
_RD6PPS                                            (abs)        00021F
_RF1PPS                                            (abs)        00022A
_SCL_PIN_AS_OUTPUT                                 text55       006CF2
_SDA_PIN_AS_INPUT                                  text54       006CEE
_SDA_PIN_AS_OUTPUT                                 text53       006CEA
_SLRCONA                                           (abs)        000403
_SLRCONB                                           (abs)        00040B
_SLRCONC                                           (abs)        000413
_SLRCOND                                           (abs)        00041B
_SLRCONE                                           (abs)        000423
_SLRCONF                                           (abs)        00042B
_SYSTEM_Initialize                                 text71       006642
_SprayTask_Process                                 text14       0026A4
_T1CLK                                             (abs)        000321
_T1CON                                             (abs)        00031E
_T1CONbits                                         (abs)        00031E
_T1GATE                                            (abs)        000320
_T1GCON                                            (abs)        00031F
_T1GCONbits                                        (abs)        00031F
_TABLAT                                            (abs)        0004F5
_TBLPTRH                                           (abs)        0004F7
_TBLPTRL                                           (abs)        0004F6
_TBLPTRU                                           (abs)        0004F8
_TMR1H                                             (abs)        00031D
_TMR1L                                             (abs)        00031C
_TRISA                                             (abs)        0004C6
_TRISAbits                                         (abs)        0004C6
_TRISB                                             (abs)        0004C7
_TRISBbits                                         (abs)        0004C7
_TRISC                                             (abs)        0004C8
_TRISCbits                                         (abs)        0004C8
_TRISD                                             (abs)        0004C9
_TRISDbits                                         (abs)        0004C9
_TRISE                                             (abs)        0004CA
_TRISEbits                                         (abs)        0004CA
_TRISF                                             (abs)        0004CB
_TRISFbits                                         (abs)        0004CB
_Timer1                                            smallconst   002691
_Timer1_DefaultOverflowCallback                    text120      006D08
_Timer1_Initialize                                 text81       006534
_Timer1_InterruptHandler                           bssBANK6     00069C
_Timer1_OverflowCallback                           nvBANK6      0006E9
_Timer1_OverflowCallbackRegister                   text82       006C06
_Timer1_OverflowISR                                text115      00657E
_Timer1_PeriodCountSet                             (abs)        000000
_Timer1_Start                                      text70       006CD8
_Timer1_Stop                                       (abs)        000000
_Timer1_Write                                      text119      0068DE
_U2BRGH                                            (abs)        0002C2
_U2BRGL                                            (abs)        0002C1
_U2CON0                                            (abs)        0002BE
_U2CON0bits                                        (abs)        0002BE
_U2CON1                                            (abs)        0002BF
_U2CON1bits                                        (abs)        0002BF
_U2CON2                                            (abs)        0002C0
_U2ERRIE                                           (abs)        0002C6
_U2ERRIR                                           (abs)        0002C5
_U2ERRIRbits                                       (abs)        0002C5
_U2FIFO                                            (abs)        0002C3
_U2P1L                                             (abs)        0002B8
_U2P2L                                             (abs)        0002BA
_U2P3L                                             (abs)        0002BC
_U2RXB                                             (abs)        0002B4
_U2RXPPS                                           (abs)        000274
_U2TXB                                             (abs)        0002B6
_U2UIR                                             (abs)        0002C4
_U2UIRbits                                         (abs)        0002C4
_U3BRGH                                            (abs)        0002D5
_U3BRGL                                            (abs)        0002D4
_U3CON0                                            (abs)        0002D1
_U3CON0bits                                        (abs)        0002D1
_U3CON1                                            (abs)        0002D2
_U3CON1bits                                        (abs)        0002D2
_U3CON2                                            (abs)        0002D3
_U3ERRIE                                           (abs)        0002D9
_U3ERRIR                                           (abs)        0002D8
_U3ERRIRbits                                       (abs)        0002D8
_U3FIFO                                            (abs)        0002D6
_U3P1L                                             (abs)        0002CB
_U3P2L                                             (abs)        0002CD
_U3P3L                                             (abs)        0002CF
_U3RXB                                             (abs)        0002C7
_U3RXPPS                                           (abs)        000276
_U3TXB                                             (abs)        0002C9
_U3UIR                                             (abs)        0002D7
_U3UIRbits                                         (abs)        0002D7
_UART2                                             smallconst   002601
_UART2_AutoBaudQuery                               (abs)        000000
_UART2_AutoBaudSet                                 (abs)        000000
_UART2_CommunicationErrorInterruptHandler          bssBANK5     000568
_UART2_DefaultFramingErrorCallback                 text105      006C7C
_UART2_DefaultFramingErrorCallback$intlevel1       text105      006C86
_UART2_DefaultOverrunErrorCallback                 text113      006D04
_UART2_DefaultParityErrorCallback                  text103      006CFA
_UART2_Deinitialize                                (abs)        000000
_UART2_ErrorGet                                    (abs)        000000
_UART2_ErrorISR                                    text102      0059AC
_UART2_ErrorInterruptHandler                       nvBANK6      0006EC
_UART2_FramingErrorCallbackRegister                text80       006B26
_UART2_FramingErrorHandler                         bssBANK5     000577
_UART2_Initialize                                  text77       005780
_UART2_IsRxReady                                   (abs)        000000
_UART2_IsTxDone                                    (abs)        000000
_UART2_IsTxReady                                   (abs)        000000
_UART2_OverrunErrorCallbackRegister                text79       006B04
_UART2_OverrunErrorHandler                         bssBANK5     000574
_UART2_ParityErrorCallbackRegister                 text78       006AE2
_UART2_ParityErrorHandler                          bssBANK5     000571
_UART2_Read                                        (abs)        000000
_UART2_ReceiveISR                                  text110      005374
_UART2_RxCompleteCallbackRegister                  (abs)        000000
_UART2_RxCompleteInterruptHandler                  bssBANK5     00056B
_UART2_RxInterruptHandler                          nvBANK6      0006EF
_UART2_TransmitDisable                             (abs)        000000
_UART2_TransmitEnable                              (abs)        000000
_UART2_TransmitISR                                 text101      0066B6
_UART2_TxCompleteCallbackRegister                  (abs)        000000
_UART2_TxCompleteInterruptHandler                  bssBANK5     00056E
_UART2_TxInterruptHandler                          nvBANK6      0006F2
_UART2_Write                                       (abs)        000000
_UART3                                             smallconst   002649
_UART3_AutoBaudQuery                               (abs)        000000
_UART3_AutoBaudSet                                 (abs)        000000
_UART3_CommunicationErrorInterruptHandler          bssBANK5     00057A
_UART3_DefaultFramingErrorCallback                 text106      006C88
_UART3_DefaultFramingErrorCallback$intlevel1       text106      006C92
_UART3_DefaultOverrunErrorCallback                 text114      006D06
_UART3_DefaultParityErrorCallback                  text104      006CFC
_UART3_Deinitialize                                (abs)        000000
_UART3_ErrorGet                                    (abs)        000000
_UART3_ErrorISR                                    text100      0058F8
_UART3_ErrorInterruptHandler                       bssBANK5     000595
_UART3_FramingErrorCallbackRegister                text76       006AC0
_UART3_FramingErrorHandler                         bssBANK5     000589
_UART3_Initialize                                  text73       0056C0
_UART3_IsRxReady                                   (abs)        000000
_UART3_IsTxDone                                    (abs)        000000
_UART3_IsTxReady                                   (abs)        000000
_UART3_OverrunErrorCallbackRegister                text75       006A9E
_UART3_OverrunErrorHandler                         bssBANK5     000586
_UART3_ParityErrorCallbackRegister                 text74       006A7C
_UART3_ParityErrorHandler                          bssBANK5     000583
_UART3_Read                                        (abs)        000000
_UART3_ReceiveISR                                  text109      00527E
_UART3_RxCompleteCallbackRegister                  (abs)        000000
_UART3_RxCompleteInterruptHandler                  bssBANK5     00057D
_UART3_RxInterruptHandler                          bssBANK5     000598
_UART3_TransmitDisable                             (abs)        000000
_UART3_TransmitEnable                              (abs)        000000
_UART3_TransmitISR                                 text99       00667C
_UART3_TxCompleteCallbackRegister                  (abs)        000000
_UART3_TxCompleteInterruptHandler                  bssBANK5     000580
_UART3_TxInterruptHandler                          bssBANK5     00059B
_UART3_Write                                       (abs)        000000
_VI2C_RD_AckBit                                    text52       006198
_VI2C_READ                                         text51       0063EC
_VI2C_StartBit                                     text50       0068B4
_VI2C_StopBit                                      text49       006A38
_VI2C_WRITE                                        text48       006390
_VI2C_WR_AckBit                                    text47       00682A
_VI2C_WR_NAckBit                                   text46       0067FA
_VT_value_set                                      text30       003D82
_WDTCON0                                           (abs)        000078
_WDTCON0bits                                       (abs)        000078
_WDTCON1                                           (abs)        000079
_WPUA                                              (abs)        000401
_WPUB                                              (abs)        000409
_WPUC                                              (abs)        000411
_WPUCbits                                          (abs)        000411
_WPUD                                              (abs)        000419
_WPUDbits                                          (abs)        000419
_WPUE                                              (abs)        000421
_WPUF                                              (abs)        000429
_WPUFbits                                          (abs)        000429
_WWDT_Initialize                                   text72       006C64
_WWDT_SoftEnable                                   text69       006CD2
_WWDT_TimerClear                                   text13       006B82
__HRAM                                             (abs)        000000
__H__absolute__                                    __absolute__ 000000
__Habs1                                            abs1         000000
__Hbank10                                          bank10       000000
__Hbank11                                          bank11       000000
__Hbank12                                          bank12       000000
__Hbank13                                          bank13       000000
__Hbank14                                          bank14       000000
__Hbank15                                          bank15       000000
__Hbank16                                          bank16       000000
__Hbank17                                          bank17       000000
__Hbank18                                          bank18       000000
__Hbank19                                          bank19       000000
__Hbank20                                          bank20       000000
__Hbank21                                          bank21       000000
__Hbank22                                          bank22       000000
__Hbank23                                          bank23       000000
__Hbank24                                          bank24       000000
__Hbank25                                          bank25       000000
__Hbank26                                          bank26       000000
__Hbank27                                          bank27       000000
__Hbank28                                          bank28       000000
__Hbank29                                          bank29       000000
__Hbank30                                          bank30       000000
__Hbank31                                          bank31       000000
__Hbank32                                          bank32       000000
__Hbank33                                          bank33       000000
__Hbank34                                          bank34       000000
__Hbank35                                          bank35       000000
__Hbank36                                          bank36       000000
__Hbank5                                           bank5        000000
__Hbank6                                           bank6        000000
__Hbank7                                           bank7        000000
__Hbank8                                           bank8        000000
__Hbank9                                           bank9        000000
__Hbigbss                                          bigbss       000000
__Hbigdata                                         bigdata      000000
__Hbigram                                          bigram       000000
__Hbigsfr                                          bigsfr       000000
__Hbss                                             bss          000000
__HbssBANK5                                        bssBANK5     000000
__HbssBANK6                                        bssBANK6     000000
__HbssBANK7                                        bssBANK7     000000
__HbssBANK8                                        bssBANK8     000000
__HbssBANK9                                        bssBANK9     000000
__HbssBIGRAM                                       bssBIGRAM    000000
__HbssCOMRAM                                       bssCOMRAM    000000
__Hcinit                                           cinit        000000
__Hclrtext                                         clrtext      000000
__Hcomram                                          comram       000000
__Hconfig                                          config       30000A
__Hconst                                           const        000000
__HcstackCOMRAM                                    cstackCOMRAM 000000
__Hdata                                            data         000000
__HdataBANK5                                       dataBANK5    000000
__HdataCOMRAM                                      dataCOMRAM   000000
__Heeprom_data                                     eeprom_data  000000
__Hfarbss                                          farbss       000000
__Hfardata                                         fardata      000000
__Hheap                                            heap         000000
__Hibigdata                                        ibigdata     000000
__Hidata                                           idata        000000
__HidataBANK5                                      idataBANK5   000000
__HidataCOMRAM                                     idataCOMRAM  000000
__Hidloc                                           idloc        200040
__Hifardata                                        ifardata     000000
__Hinit                                            init         000020
__Hintsave_regs                                    intsave_regs 000000
__Hirdata                                          irdata       000000
__Hivt0x8                                          ivt0x8       00001C
__Hmediumconst                                     mediumconst  000000
__HnvBANK6                                         nvBANK6      000000
__HnvFARRAM                                        nvFARRAM     000000
__Hnvbit                                           nvbit        000000
__Hnvrram                                          nvrram       000000
__Hparam                                           rparam       000000
__Hpowerup                                         powerup      000000
__Hram                                             ram          000000
__Hramtop                                          ramtop       002600
__Hrbit                                            rbit         000000
__Hrbss                                            rbss         000000
__Hrdata                                           rdata        000000
__Hreset_vec                                       reset_vec    000004
__Hrparam                                          rparam       000000
__Hsfr                                             sfr          000000
__Hsmallconst                                      smallconst   0026A4
__Hspace_0                                         (abs)        006D0C
__Hspace_1                                         (abs)        001546
__Hspace_2                                         (abs)        000000
__Hspace_4                                         (abs)        60000A
__Hstack                                           stack        000000
__Hstruct                                          struct       000000
__Htemp                                            temp         000000
__Htext                                            text         000000
__Htext0                                           text0        000000
__Htext1                                           text1        000000
__Htext10                                          text10       000000
__Htext100                                         text100      000000
__Htext101                                         text101      000000
__Htext102                                         text102      000000
__Htext103                                         text103      000000
__Htext104                                         text104      000000
__Htext105                                         text105      000000
__Htext106                                         text106      000000
__Htext107                                         text107      000000
__Htext108                                         text108      000000
__Htext109                                         text109      000000
__Htext11                                          text11       000000
__Htext110                                         text110      000000
__Htext111                                         text111      000000
__Htext112                                         text112      000000
__Htext113                                         text113      000000
__Htext114                                         text114      000000
__Htext115                                         text115      000000
__Htext116                                         text116      000000
__Htext117                                         text117      000000
__Htext118                                         text118      000000
__Htext119                                         text119      000000
__Htext12                                          text12       000000
__Htext120                                         text120      000000
__Htext121                                         text121      000000
__Htext122                                         text122      000000
__Htext123                                         text123      000000
__Htext13                                          text13       000000
__Htext14                                          text14       000000
__Htext15                                          text15       000000
__Htext16                                          text16       000000
__Htext17                                          text17       000000
__Htext18                                          text18       000000
__Htext19                                          text19       000000
__Htext2                                           text2        000000
__Htext20                                          text20       000000
__Htext21                                          text21       000000
__Htext22                                          text22       000000
__Htext23                                          text23       000000
__Htext24                                          text24       000000
__Htext25                                          text25       000000
__Htext26                                          text26       000000
__Htext27                                          text27       000000
__Htext28                                          text28       000000
__Htext29                                          text29       000000
__Htext3                                           text3        000000
__Htext30                                          text30       000000
__Htext31                                          text31       000000
__Htext32                                          text32       000000
[...]
_current_frc                                       bssCOMRAM    000537
_curt_adc_offset1                                  bssCOMRAM    000555
_curt_adc_offset2                                  bssCOMRAM    000554
_delay_ms                                          text63       006888
_duty_set_val                                      bssCOMRAM    000559
_fg_stop_spray                                     bssBANK5     0005DD
_flash_init                                        text3        005BAC
_gpio_Init                                         text1        005F56
_halKeyScan                                        text118      005082
_is_mem_full                                       text23       006980
_key_cnt                                           bssBANK5     0005B9
_key_state_backup                                  dataBANK5    0005FB
_key_value                                         dataBANK5    0005FC
_lcd_disp                                          bssBANK5     0005BD
_lcd_disp_backup                                   bssBANK5     0005BB
_led_AllOff                                        dataBANK5    0005FD
_led_state                                         bssBANK7     000794
_lt_en_start                                       bssBANK6     00068C
_lt_en_stop                                        bssBANK6     000688
_lt_en_time                                        bssCOMRAM    00053B
_lt_sta2_time                                      bssBANK6     000690
_machine_state                                     dataBANK5    0005FE
_main                                              text0        0069CC
_max_frc                                           bssBANK5     000564
_memcpy                                            text12       006494
_memset                                            text22       004BC2
_pApp_Task                                         dataCOMRAM   00055D
_p_user_info                                       dataBANK5    0005F4
_power_off                                         text60       006A5A
_pressureBuf                                       bssBANK5     0005EF
_pwm_adc_cnt                                       bssCOMRAM    000543
_pwm_adc_evg                                       bssCOMRAM    000545
_pwm_adc_max                                       bssBANK5     0005B1
_pwm_adc_offset                                    bssBANK5     0005E0
_pwm_adc_sum                                       bssBANK5     0005AB
_pwm_adc_val                                       bssCOMRAM    000549
_pwm_duty                                          bssBIGRAM    0010FE
_pwm_freq_adc                                      bssBIGRAM    000960
_pwm_list_offset                                   bssBANK5     0005E1
_pwm_set_adc                                       bssBANK5     0005A9
_pwm_tx_adc                                        bssBIGRAM    000C80
_rasps_repeat                                      bssBANK5     0005E7
_s_spray_state                                     bssCOMRAM    00055A
_save_shot                                         text17       004F6E
_sdp_cnt                                           bssBANK5     0005E2
_sdp_thr                                           bssBANK5     0005EE
_sdp_value                                         bssBANK5     0005F2
_sdp_value_max                                     bssBANK5     000560
_shot_info                                         bssBIGRAM    0013EC
_spray_intv                                        dataBANK5    0005F8
_spray_key_en                                      bssBANK5     0005E4
_spray_ready_time                                  bssBANK5     0005B5
_spray_ready_time_total                            bssBANK5     0005B3
_spray_time                                        bssBANK6     000694
_spray_triger                                      bssBANK5     0005E5
_state_spray_ready_init                            text16       006602
_sw_status                                         bssCOMRAM    000556
_swap_16bits                                       text15       0066F0
_sys_ticket                                        bssCOMRAM    00053F
_sys_ticket_bool                                   bssBANK5     0005ED
_sys_ticket_fg1                                    bssBANK5     0005EC
_task_ticket_update                                text116      003936
_timer1ReloadVal                                   bssBANK5     0005A1
_uart2RxBuffer                                     bssBANK7     000740
_uart2RxCount                                      bssCOMRAM    00055B
_uart2RxHead                                       bssCOMRAM    00054C
_uart2RxLastError                                  bssBANK6     00069F
_uart2RxStatusBuffer                               bssBANK6     000600
_uart2RxTail                                       bssCOMRAM    00054B
_uart2TxBuffer                                     bssBANK7     000700
_uart2TxBufferRemaining                            bssBANK5     0005BF
_uart2TxHead                                       bssBANK5     0005C1
_uart2TxTail                                       bssBANK5     0005C0
_uart3RxBuffer                                     bssBANK7     000760
_uart3RxCount                                      bssBANK5     0005C2
_uart3RxHead                                       bssCOMRAM    00054E
_uart3RxLastError                                  bssBANK6     0006A1
_uart3RxStatusBuffer                               bssBANK6     000640
_uart3RxTail                                       bssCOMRAM    00054D
_uart3TxBuffer                                     bssBANK8     000800
_uart3TxBufferRemaining                            bssBANK5     0005C3
_uart3TxHead                                       bssBANK5     0005C5
_uart3TxTail                                       bssBANK5     0005C4
_uart_rx_delay                                     bssBANK5     0005CF
_uart_rx_process                                   text11       0062D0
_uln_level                                         bssCOMRAM    000553
_uln_vol                                           bssBIGRAM    000FA0
_unlockKeyHigh                                     bssCOMRAM    00054F
_unlockKeyLow                                      bssCOMRAM    000550
_user_info                                         bssBANK6     0006A5
_voice_para                                        bssBANK6     000698
_vol_duty_cnt                                      bssBANK5     0005A3
_wakeup_type                                       bssBANK5     0005E8
_wdt_ticket                                        bssBANK5     0005EB
_wdt_wakeup_time                                   bssBANK5     0005E9
_write_shot                                        text18       005D54
_xCal_crc                                          text41       006330
app_set_frq@frq                                    cstackCOMRAM 00050F
bat_init@bat_vol_bk                                cstackCOMRAM 000522
delay_ms@delay_ms                                  cstackCOMRAM 00050F
delay_ms@wait_loop_index                           cstackCOMRAM 000511
end_of_initialization                              cinit        005B02
flash_init@data                                    cstackCOMRAM 000529
flash_init@last_shot_num                           cstackCOMRAM 000527
halKeyScan@pKey                                    cstackCOMRAM 000505
halKeyScan@pin                                     cstackCOMRAM 000504
halKeyScan@rslt                                    cstackCOMRAM 000503
i2_PWM_Stop                                        text117      006C94
i2_UART2_DefaultFramingErrorCallback               text111      006D00
i2_UART3_DefaultFramingErrorCallback               text112      006D02
intlevel0                                          text         000000
intlevel1                                          text         000000
intlevel2                                          text         000000
intlevel3                                          text         000000
isa$std                                            (abs)        000001
isa$xinst                                          (abs)        000000
ivt0x8_base                                        ivt0x8       000008
memcpy@d                                           cstackCOMRAM 000515
memcpy@d1                                          cstackCOMRAM 00050F
memcpy@n                                           cstackCOMRAM 000513
memcpy@s                                           cstackCOMRAM 000517
memcpy@s1                                          cstackCOMRAM 000511
memcpy@tmp                                         cstackCOMRAM 000519
memset@c                                           cstackCOMRAM 000511
memset@dest                                        cstackCOMRAM 00050F
memset@k                                           cstackCOMRAM 000517
memset@n                                           cstackCOMRAM 000513
memset@s                                           cstackCOMRAM 000519
save_shot@i                                        cstackCOMRAM 00051E
stackhi                                            (abs)        000000
stacklo                                            (abs)        000000
start                                              init         00001C
start_initialization                               cinit        005A60
state_spray_ready_init@rst                         cstackCOMRAM 00050F
swap_16bits@data                                   cstackCOMRAM 00050F
swap_16bits@tmp                                    cstackCOMRAM 000515
write_shot@i                                       cstackCOMRAM 00051C
write_shot@ptr                                     cstackCOMRAM 00051A
write_shot@shot                                    cstackCOMRAM 000518
xCal_crc@crc                                       cstackCOMRAM 000513
xCal_crc@i                                         cstackCOMRAM 000512
xCal_crc@len                                       cstackCOMRAM 000511
xCal_crc@ptr                                       cstackCOMRAM 00050F


MODULE INFORMATION

Module		Function		Class		Link	Load	Size
C:\Program Files\Microchip\xc8\v2.41\pic\sources\c99\common\Umul32.c
		___lmul        		CODE           	6204	0000	106

C:\Program Files\Microchip\xc8\v2.41\pic\sources\c99\common\Umul32.c estimated size: 106

application/app_task.c
		_LedTask_Process		CODE           	42CC	0000	590
		_swap_16bits   		CODE           	66F0	0000	56
		_ChargeTask_Process		CODE           	48C0	0000	386
		_app_task_Init 		CODE           	4A42	0000	384
		_PWM_Duty_Set  		CODE           	6B9E	0000	28
		_power_off     		CODE           	6A5A	0000	34
		_app_task_Callback		CODE           	4074	0000	600
		_VT_value_set  		CODE           	3D82	0000	754
		_SprayTask_Process		CODE           	26A4	0000	4754
		_state_spray_ready_init		CODE           	6602	0000	64
		_bat_init      		CODE           	4718	0000	424
		_BatTask_Process		CODE           	451A	0000	510
		_task_ticket_update		CODE           	3936	0000	1100
		_save_shot     		CODE           	4F6E	0000	276
		_app_set_frq   		CODE           	6BEA	0000	14
		_CartTask_Process		CODE           	6BD6	0000	20
		_KeyTask_Process		CODE           	5840	0000	184
		_uart_rx_process		CODE           	62D0	0000	96

application/app_task.c estimated size: 10274

mcc_generated_files/system/src/watchdog.c
		_WWDT_TimerClear		CODE           	6B82	0000	28
		_WWDT_Initialize		CODE           	6C64	0000	12
		_WWDT_SoftEnable		CODE           	6CD2	0000	6

mcc_generated_files/system/src/watchdog.c estimated size: 46

hal_flash.c
		_flash_init    		CODE           	5BAC	0000	146
		_is_mem_full   		CODE           	6980	0000	38
		_write_shot    		CODE           	5D54	0000	134

hal_flash.c estimated size: 318

application/hal_i2c.c
		_Hal_I2C_Release		CODE           	6B48	0000	30
		_HalSensorRead 		CODE           	6930	0000	40
		_SCL_PIN_AS_OUTPUT		CODE           	6CF2	0000	4
		_HalSensorWriteReg		CODE           	5E5E	0000	124
		_VI2C_StopBit  		CODE           	6A38	0000	34
		_VI2C_StartBit 		CODE           	68B4	0000	42
		_I2C_DELAY     		CODE           	6CC0	0000	10
		_SDA_PIN_AS_OUTPUT		CODE           	6CEA	0000	4
		_delay_ms      		CODE           	6888	0000	44
		_SDA_PIN_AS_INPUT		CODE           	6CEE	0000	4
		_Hal_I2C_Select		CODE           	5CCA	0000	138

application/hal_i2c.c estimated size: 474

C:\Program Files\Microchip\xc8\v2.41\pic\sources\c99\common\__lldiv.c
		___lldiv       		CODE           	5B08	0000	164

C:\Program Files\Microchip\xc8\v2.41\pic\sources\c99\common\__lldiv.c estimated size: 164

mcc_generated_files/nco/src/nco1.c
		_NCO1_Initialize		CODE           	6A14	0000	36

mcc_generated_files/nco/src/nco1.c estimated size: 36

application/hal_pwm.c
		_PWM_Start     		CODE           	6C58	0000	12
		_PWM_Stop      		CODE           	6C4C	0000	12

application/hal_pwm.c estimated size: 24

C:\Program Files\Microchip\xc8\v2.41\pic\sources\c99\common\memset.c
		_memset        		CODE           	4BC2	0000	374

C:\Program Files\Microchip\xc8\v2.41\pic\sources\c99\common\memset.c estimated size: 374

mcc_generated_files/timer/src/tmr1.c
		_Timer1_OverflowISR		CODE           	657E	0000	68
		_Timer1_DefaultOverflowCallback		CODE           	6D08	0000	2
		_Timer1_Write  		CODE           	68DE	0000	42
		_Timer1_Start  		CODE           	6CD8	0000	6
		_Timer1_Initialize		CODE           	6534	0000	74
		_Timer1_OverflowCallbackRegister		CODE           	6C06	0000	14

mcc_generated_files/timer/src/tmr1.c estimated size: 206

C:\Program Files\Microchip\xc8\v2.41\pic\sources\c99\common\lwdiv.c
		___lwdiv       		CODE           	5FCE	0000	116

C:\Program Files\Microchip\xc8\v2.41\pic\sources\c99\common\lwdiv.c estimated size: 116

mcc_generated_files/system/src/interrupt.c
		_INT0_SetInterruptHandler		CODE           	6C30	0000	14
		_INT1_SetInterruptHandler		CODE           	6C22	0000	14
		_INT2_SetInterruptHandler		CODE           	6C14	0000	14
		_INTERRUPT_Initialize		CODE           	6440	0000	84
		_INTERRUPT_InterruptManagerLow		CODE           	4E54	0000	282
		_INTERRUPT_InterruptManagerHigh		CODE           	55FE	0000	194

mcc_generated_files/system/src/interrupt.c estimated size: 602

application/hal_adc.c
		_ADC_Start     		CODE           	6CF8	0000	2
		_ADC_Average   		CODE           	5468	0000	212

application/hal_adc.c estimated size: 214

application/hal_key.c
		_halKeyScan    		CODE           	5082	0000	260

application/hal_key.c estimated size: 260

mcc_generated_files/adc/src/adcc.c
		_ADCC_DefaultADI_ISR		CODE           	6D0A	0000	2
		_ADCC_GetSingleConversion		CODE           	685A	0000	46
		_ADCC_SetADIInterruptHandler		CODE           	6C3E	0000	14
		_ADCC_ISR      		CODE           	6796	0000	52
		_ADCC_Initialize		CODE           	6126	0000	114

mcc_generated_files/adc/src/adcc.c estimated size: 228

C:\Program Files\Microchip\xc8\v2.41\pic\sources\c99\common\lbmod.c
		___lbmod       		CODE           	6760	0000	54

C:\Program Files\Microchip\xc8\v2.41\pic\sources\c99\common\lbmod.c estimated size: 54

mcc_generated_files/uart/src/uart3.c
		_UART3_DefaultFramingErrorCallback		CODE           	6C88	0000	12
		_UART3_TransmitISR		CODE           	667C	0000	58
		_UART3_ErrorISR		CODE           	58F8	0000	180
		_UART3_ParityErrorCallbackRegister		CODE           	6A7C	0000	34
		_UART3_DefaultOverrunErrorCallback		CODE           	6D06	0000	2
		_UART3_DefaultParityErrorCallback		CODE           	6CFC	0000	2
		_UART3_FramingErrorCallbackRegister		CODE           	6AC0	0000	34
		_UART3_OverrunErrorCallbackRegister		CODE           	6A9E	0000	34
		_UART3_ReceiveISR		CODE           	527E	0000	246
		_UART3_Initialize		CODE           	56C0	0000	192

mcc_generated_files/uart/src/uart3.c estimated size: 794

mcc_generated_files/nvm/src/nvm.c
		_NVM_UnlockKeySet		CODE           	6CAC	0000	10
		_NVM_Initialize		CODE           	6CDE	0000	6
		_FLASH_Write   		CODE           	6042	0000	114
		_NVM_UnlockKeyClear		CODE           	6CB6	0000	10
		_NVM_StatusClear		CODE           	6CE4	0000	6
		_FLASH_Read    		CODE           	5C3E	0000	140

mcc_generated_files/nvm/src/nvm.c estimated size: 286

mcc_generated_files/system/src/pins.c
		_PIN_MANAGER_Initialize		CODE           	5186	0000	248
		_PIN_MANAGER_IOC		CODE           	6CFE	0000	2

mcc_generated_files/system/src/pins.c estimated size: 250

shared
		i2_UART2_DefaultFramingErrorCallback		CODE           	6D00	0000	2
		_Timer1        		SMALLCONST     	2691	0000	18
		__initialization		CODE           	5A60	0000	162
		i2_PWM_Stop    		CODE           	6C94	0000	12
		i2_UART3_DefaultFramingErrorCallback		CODE           	6D02	0000	2
		_UART2         		SMALLCONST     	2601	0000	72
		_UART3         		SMALLCONST     	2649	0000	72

shared estimated size: 340

C:\Program Files\Microchip\xc8\v2.41\pic\sources\c99\common\memcpy.c
		_memcpy        		CODE           	6494	0000	80

C:\Program Files\Microchip\xc8\v2.41\pic\sources\c99\common\memcpy.c estimated size: 80

application/hal_virtual_i2c.c
		_VI2C_RD_AckBit		CODE           	6198	0000	108
		_VI2C_WRITE    		CODE           	6390	0000	92
		_HalI2CWrite   		CODE           	5EDA	0000	124
		_VI2C_WR_AckBit		CODE           	682A	0000	48
		_VI2C_READ     		CODE           	63EC	0000	84
		_VI2C_WR_NAckBit		CODE           	67FA	0000	48
		_HalI2CRead    		CODE           	5DDA	0000	132

application/hal_virtual_i2c.c estimated size: 636

application/hal_sdp.c
		_HalSdp_Command		CODE           	6908	0000	40
		_xCal_crc      		CODE           	6330	0000	96
		_HalSdp_Start_Measure		CODE           	6BF8	0000	14
		_HalSdp_GetValue		CODE           	626E	0000	98
		_HalSdp_Read   		CODE           	60B4	0000	114
		_HalSdp_Init   		CODE           	6B66	0000	28
		_HalSdp_GetID  		CODE           	553C	0000	194
		_HalSdp_Reset  		CODE           	67CA	0000	48
		_HalSdp_Stop_Measure		CODE           	6728	0000	56

application/hal_sdp.c estimated size: 688

C:\Program Files\Microchip\xc8\v2.41\pic\sources\c99\common\Umul16.c
		___wmul        		CODE           	69A6	0000	38

C:\Program Files\Microchip\xc8\v2.41\pic\sources\c99\common\Umul16.c estimated size: 38

mcc_generated_files/system/src/clock.c
		_CLOCK_Initialize		CODE           	6BBA	0000	28

mcc_generated_files/system/src/clock.c estimated size: 28

application/hal_led.c
		_HalLed_Init   		CODE           	65C2	0000	64
		_HalLed_StatusOnOff		CODE           	4D38	0000	284
		_HalLed_AllOnOff		CODE           	64E4	0000	80

application/hal_led.c estimated size: 428

mcc_generated_files/clkref/src/clkref.c
		_CLKREF_Initialize		CODE           	6C70	0000	12

mcc_generated_files/clkref/src/clkref.c estimated size: 12

main.c
		_main          		CODE           	69CC	0000	36
		_gpio_Init     		CODE           	5F56	0000	120

main.c estimated size: 156

mcc_generated_files/fvr/src/fvr.c
		_FVR_Initialize		CODE           	6CCA	0000	8

mcc_generated_files/fvr/src/fvr.c estimated size: 8

mcc_generated_files/uart/src/uart2.c
		_UART2_TransmitISR		CODE           	66B6	0000	58
		_UART2_ErrorISR		CODE           	59AC	0000	180
		_UART2_ParityErrorCallbackRegister		CODE           	6AE2	0000	34
		_UART2_DefaultOverrunErrorCallback		CODE           	6D04	0000	2
		_UART2_DefaultParityErrorCallback		CODE           	6CFA	0000	2
		_UART2_FramingErrorCallbackRegister		CODE           	6B26	0000	34
		_UART2_OverrunErrorCallbackRegister		CODE           	6B04	0000	34
		_UART2_ReceiveISR		CODE           	5374	0000	244
		_UART2_Initialize		CODE           	5780	0000	192
		_UART2_DefaultFramingErrorCallback		CODE           	6C7C	0000	12

mcc_generated_files/uart/src/uart2.c estimated size: 792

mcc_generated_files/system/src/system.c
		_PMD_Initialize		CODE           	69F0	0000	36
		_SYSTEM_Initialize		CODE           	6642	0000	58

mcc_generated_files/system/src/system.c estimated size: 94

mcc_generated_files/cwg/src/cwg1.c
		_CWG1_Initialize		CODE           	6958	0000	40

mcc_generated_files/cwg/src/cwg1.c estimated size: 40

