Microchip MPLAB XC8 Compiler V2.41

Linker command line:

-W-3 \
  --edf=C:\Program Files\Microchip\xc8\v2.41\pic\dat\20230208172133_en.msgs \
  -pivt0x8=08h -cn \
  -h+dist/default/production\BlueSky5.3_PIC18F57Q43_128.X.production.sym \
  --cmf=dist/default/production\BlueSky5.3_PIC18F57Q43_128.X.production.cmf \
  -z -Q18F57Q43 -oC:\Users\rapps\AppData\Local\Temp\xcAspkk.\driver_tmp_3.o \
  --defsym=__MPLAB_BUILD=1 --fixupoverflow=error \
  -Mdist/default/production/BlueSky5.3_PIC18F57Q43_128.X.production.map \
  --md=C:\Users\rapps\AppData\Local\Temp\xcAspkk.\driver_tmp_0.dat -E1 \
  -ver=XC8 Compiler --acfsm=1493 -ACODE=00h-01FFFFh -ACONST=00h-01FFFFh \
  -ASMALLCONST=02600h-026FFhx474 \
  -AMEDIUMCONST=02600h-0FFFFh,012600h-01FFFFh -ACOMRAM=0501h-055Fh \
  -AABS1=0500h-024FFh -ABIGRAM=0501h-024FFh \
  -ARAM=0560h-05FFh,0600h-06FFhx31 -ABANK5=0560h-05FFh -ABANK6=0600h-06FFh \
  -ABANK7=0700h-07FFh -ABANK8=0800h-08FFh -ABANK9=0900h-09FFh \
  -ABANK10=0A00h-0AFFh -ABANK11=0B00h-0BFFh -ABANK12=0C00h-0CFFh \
  -ABANK13=0D00h-0DFFh -ABANK14=0E00h-0EFFh -ABANK15=0F00h-0FFFh \
  -ABANK16=01000h-010FFh -ABANK17=01100h-011FFh -ABANK18=01200h-012FFh \
  -ABANK19=01300h-013FFh -ABANK20=01400h-014FFh -ABANK21=01500h-015FFh \
  -ABANK22=01600h-016FFh -ABANK23=01700h-017FFh -ABANK24=01800h-018FFh \
  -ABANK25=01900h-019FFh -ABANK26=01A00h-01AFFh -ABANK27=01B00h-01BFFh \
  -ABANK28=01C00h-01CFFh -ABANK29=01D00h-01DFFh -ABANK30=01E00h-01EFFh \
  -ABANK31=01F00h-01FFFh -ABANK32=02000h-020FFh -ABANK33=02100h-021FFh \
  -ABANK34=02200h-022FFh -ABANK35=02300h-023FFh -ABANK36=02400h-024FFh \
  -ASFR=00h-0FFhx4,0400h-045Fh,0460h-04FFh,02500h-025FFh \
  -ABIGSFR=00h-04FFh,02500h-025FFh -ACONFIG=0300000h-0300011h \
  -AIDLOC=0200000h-020003Fh -AEEDATA=0380000h-03803FFh -peeprom_data=EEDATA \
  -preset_vec=00h -ppowerup=CODE,init -pramtop=02600h \
  -psmallconst=SMALLCONST -pmediumconst=MEDIUMCONST -pconst=CONST \
  -AFARRAM=00h-00h \
  -prdata=COMRAM,nvrram=COMRAM,nvbit=COMRAM,rbss=COMRAM,rbit=COMRAM \
  -pfarbss=FARRAM,fardata=FARRAM,nvFARRAM=FARRAM \
  -pintsave_regs=BIGRAM,bigbss=BIGRAM,bigdata=BIGRAM -pbss=RAM \
  -pidata=CODE,irdata=CODE,ibigdata=CODE,ifardata=CODE -prparam=COMRAM \
  C:\Users\rapps\AppData\Local\Temp\xcAspkk.\driver_tmp_9.o \
  dist/default/production\BlueSky5.3_PIC18F57Q43_128.X.production.o 

Object code version is 3.11

Machine type is 18F57Q43



                Name                               Link     Load   Length Selector   Space Scale
C:\Users\rapps\AppData\Local\Temp\xcAspkk.\driver_tmp_9.o
                idloc                            200000   200000       40        0       5
                config                           300000   300000        A        0       4
                init                                 1C       1C        4        4       0
                reset_vec                             0        0        4        0       0
dist/default/production\BlueSky5.3_PIC18F57Q43_128.X.production.o
                idloc                            200000   200000       40        0       5
                config                           300000   300000        A        0       4
                smallconst                         2600     2600       A4     1300       0
                ivt0x8                                8        8       14        4       0
                text123                            7D5C     7D5C        2     3E8D       0
                text122                            77E8     77E8       34     1352       0
                text121                            7D5A     7D5A        2     3E8D       0
                text120                            7930     7930       2A     1352       0
                text119                            5FDE     5FDE      104     1352       0
                text118                            7CE6     7CE6        C     1352       0
                text117                            4B86     4B86      44A     1352       0
                text116                            7608     7608       44     1352       0
                text115                            7D58     7D58        2     3E8D       0
                text114                            7D56     7D56        2     3E8D       0
                text113                            7D54     7D54        2     3E8D       0
                text112                            7D52     7D52        2     3E8D       0
                text111                            62D0     62D0       F4     1352       0
                text110                            61DA     61DA       F6     1352       0
                text109                            655A     655A       C2     1352       0
                text108                            7D50     7D50        2     3E8D       0
                text107                            7CDA     7CDA        C     1352       0
                text106                            7CCE     7CCE        C     1352       0
                text105                            7D4E     7D4E        2     3E8D       0
                text104                            7D4C     7D4C        2     3E8D       0
                text103                            69C8     69C8       B4     1352       0
                text102                            7740     7740       3A     1352       0
                text101                            6914     6914       B4     1352       0
                text100                            7706     7706       3A     1352       0
                text99                             5DB0     5DB0      11A     1352       0
                text98                             7C90     7C90        E     1352       0
                text97                             71B0     71B0       72     1352       0
                text96                             7CC2     7CC2        C     1352       0
                text95                             7C0C     7C0C       1C     1352       0
                text94                             79AA     79AA       28     1352       0
                text93                             7D1A     7D1A        8     3E8D       0
                text92                             7C82     7C82        E     1352       0
                text91                             7C74     7C74        E     1352       0
                text90                             7C66     7C66        E     1352       0
                text89                             74CA     74CA       54     1352       0
                text88                             7A66     7A66       24     1352       0
                text87                             7D34     7D34        6     3E8D       0
                text86                             7D2E     7D2E        6     3E8D       0
                text85                             60E2     60E2       F8     1352       0
                text84                             7A42     7A42       24     1352       0
                text83                             7C58     7C58        E     1352       0
                text82                             75BE     75BE       4A     1352       0
                text81                             7B78     7B78       22     1352       0
                text80                             7B56     7B56       22     1352       0
                text79                             7B34     7B34       22     1352       0
                text78                             679C     679C       C0     1352       0
                text77                             7B12     7B12       22     1352       0
                text76                             7AF0     7AF0       22     1352       0
                text75                             7ACE     7ACE       22     1352       0
                text74                             66DC     66DC       C0     1352       0
                text73                             7CB6     7CB6        C     1352       0
                text72                             76CC     76CC       3A     1352       0
                text71                             7D28     7D28        6     3E8D       0
                text70                             7D22     7D22        6     3E8D       0
                text69                             78AC     78AC       2E     1352       0
                text68                             63C4     63C4       D4     1352       0
                text67                             7D4A     7D4A        2     3E8D       0
                text66                             5476     5476      1FE     1352       0
                text65                             7C28     7C28       14     1352       0
                text64                             78DA     78DA       2C     1352       0
                text63                             581C     581C      182     1352       0
                text62                             756E     756E       50     1352       0
                text61                             7AAC     7AAC       22     1352       0
                text60                             685C     685C       B8     1352       0
                text59                             5C94     5C94      11C     1352       0
                text58                             5228     5228      24E     1352       0
                text57                             7D06     7D06        A     1352       0
                text56                             7D42     7D42        4     3E8D       0
                text55                             7D3E     7D3E        4     3E8D       0
                text54                             7D3A     7D3A        4     3E8D       0
                text53                             7222     7222       6C     1352       0
                text52                             7476     7476       54     1352       0
                text51                             7906     7906       2A     1352       0
                text50                             7A8A     7A8A       22     1352       0
                text49                             741A     741A       5C     1352       0
                text48                             787C     787C       30     1352       0
                text47                             784C     784C       30     1352       0
                text46                             6E64     6E64       84     1352       0
                text45                             7982     7982       28     1352       0
                text44                             7B9A     7B9A       1E     1352       0
                text43                             6CCC     6CCC       8A     1352       0
                text42                             73BA     73BA       60     1352       0
                text41                             713E     713E       72     1352       0
                text40                             72F8     72F8       62     1352       0
                text39                             6F64     6F64       7C     1352       0
                text38                             6EE8     6EE8       7C     1352       0
                text37                             795A     795A       28     1352       0
                text36                             7C4A     7C4A        E     1352       0
                text35                             777A     777A       38     1352       0
                text34                             7BF0     7BF0       1C     1352       0
                text33                             7CAA     7CAA        C     1352       0
                text32                             7C9E     7C9E        C     1352       0
                text31                             3E50     3E50      D36     1352       0
                text30                             77B2     77B2       36     1352       0
                text29                             6A7C     6A7C       A4     1352       0
                text28                             728E     728E       6A     1352       0
                text27                             7058     7058       74     1352       0
                text26                             79F8     79F8       26     1352       0
                text25                             768C     768C       40     1352       0
                text24                             7C3C     7C3C        E     1352       0
                text23                             79D2     79D2       26     1352       0
                text22                             5B1E     5B1E      176     1352       0
                text21                             70CC     70CC       72     1352       0
                text20                             7CFC     7CFC        A     1352       0
                text19                             7CF2     7CF2        A     1352       0
                text18                             6DDE     6DDE       86     1352       0
                text17                             5ECA     5ECA      114     1352       0
                text16                             6BB2     6BB2       8E     1352       0
                text15                             6FE0     6FE0       78     1352       0
                text14                             26A4     26A4     17AC     1352       0
                text13                             7BD4     7BD4       1C     1352       0
                text12                             751E     751E       50     1352       0
                text11                             735A     735A       60     1352       0
                text10                             4FD0     4FD0      258     1352       0
                text9                              764C     764C       40     1352       0
                text8                              6498     6498       C2     1352       0
                text7                              781C     781C       30     1352       0
                text6                              7BB8     7BB8       1C     1352       0
                text5                              5674     5674      1A8     1352       0
                text4                              6C40     6C40       8C     1352       0
                text3                              6B20     6B20       92     1352       0
                text2                              599E     599E      180     1352       0
                text1                              6D56     6D56       88     1352       0
                text0                              7A1E     7A1E       24     1352       0
                cstackCOMRAM                        501      501       36      501       1
                bssBIGRAM                           960      960      C06      960       1
                bssBANK9                            900      900       60      900       1
                bssBANK8                            800      800       BC      800       1
                bssBANK7                            700      700       CB      700       1
                dataBANK6                           6FE      6FE        2      600       1
                bssBANK6                            600      600       EF      600       1
                dataBANK5                           5F6      5F6        9      560       1
                bssBANK5                            560      560       96      560       1
                dataCOMRAM                          55D      55D        2      501       1
                bssCOMRAM                           537      537       26      501       1
                cinit                              661C     661C       C0     1352       0
                nvBANK6                             6EF      6EF        F      600       1
                idataBANK6                         7D48     7D48        2     3E8D       0
                idataBANK5                         7D10     7D10        9     1352       0
                idataCOMRAM                        7D46     7D46        2     3E8D       0

TOTAL           Name                               Link     Load   Length     Space
        CLASS   CODE           
                init                                 1C       1C        4         0
                reset_vec                             0        0        4         0
                ivt0x8                                8        8       14         0
                text123                            7D5C     7D5C        2         0
                text122                            77E8     77E8       34         0
                text121                            7D5A     7D5A        2         0
                text120                            7930     7930       2A         0
                text119                            5FDE     5FDE      104         0
                text118                            7CE6     7CE6        C         0
                text117                            4B86     4B86      44A         0
                text116                            7608     7608       44         0
                text115                            7D58     7D58        2         0
                text114                            7D56     7D56        2         0
                text113                            7D54     7D54        2         0
                text112                            7D52     7D52        2         0
                text111                            62D0     62D0       F4         0
                text110                            61DA     61DA       F6         0
                text109                            655A     655A       C2         0
                text108                            7D50     7D50        2         0
                text107                            7CDA     7CDA        C         0
                text106                            7CCE     7CCE        C         0
                text105                            7D4E     7D4E        2         0
                text104                            7D4C     7D4C        2         0
                text103                            69C8     69C8       B4         0
                text102                            7740     7740       3A         0
                text101                            6914     6914       B4         0
                text100                            7706     7706       3A         0
                text99                             5DB0     5DB0      11A         0
                text98                             7C90     7C90        E         0
                text97                             71B0     71B0       72         0
                text96                             7CC2     7CC2        C         0
                text95                             7C0C     7C0C       1C         0
                text94                             79AA     79AA       28         0
                text93                             7D1A     7D1A        8         0
                text92                             7C82     7C82        E         0
                text91                             7C74     7C74        E         0
                text90                             7C66     7C66        E         0
                text89                             74CA     74CA       54         0
                text88                             7A66     7A66       24         0
                text87                             7D34     7D34        6         0
                text86                             7D2E     7D2E        6         0
                text85                             60E2     60E2       F8         0
                text84                             7A42     7A42       24         0
                text83                             7C58     7C58        E         0
                text82                             75BE     75BE       4A         0
                text81                             7B78     7B78       22         0
                text80                             7B56     7B56       22         0
                text79                             7B34     7B34       22         0
                text78                             679C     679C       C0         0
                text77                             7B12     7B12       22         0
                text76                             7AF0     7AF0       22         0
                text75                             7ACE     7ACE       22         0
                text74                             66DC     66DC       C0         0
                text73                             7CB6     7CB6        C         0
                text72                             76CC     76CC       3A         0
                text71                             7D28     7D28        6         0
                text70                             7D22     7D22        6         0
                text69                             78AC     78AC       2E         0
                text68                             63C4     63C4       D4         0
                text67                             7D4A     7D4A        2         0
                text66                             5476     5476      1FE         0
                text65                             7C28     7C28       14         0
                text64                             78DA     78DA       2C         0
                text63                             581C     581C      182         0
                text62                             756E     756E       50         0
                text61                             7AAC     7AAC       22         0
                text60                             685C     685C       B8         0
                text59                             5C94     5C94      11C         0
                text58                             5228     5228      24E         0
                text57                             7D06     7D06        A         0
                text56                             7D42     7D42        4         0
                text55                             7D3E     7D3E        4         0
                text54                             7D3A     7D3A        4         0
                text53                             7222     7222       6C         0
                text52                             7476     7476       54         0
                text51                             7906     7906       2A         0
                text50                             7A8A     7A8A       22         0
                text49                             741A     741A       5C         0
                text48                             787C     787C       30         0
                text47                             784C     784C       30         0
                text46                             6E64     6E64       84         0
                text45                             7982     7982       28         0
                text44                             7B9A     7B9A       1E         0
                text43                             6CCC     6CCC       8A         0
                text42                             73BA     73BA       60         0
                text41                             713E     713E       72         0
                text40                             72F8     72F8       62         0
                text39                             6F64     6F64       7C         0
                text38                             6EE8     6EE8       7C         0
                text37                             795A     795A       28         0
                text36                             7C4A     7C4A        E         0
                text35                             777A     777A       38         0
                text34                             7BF0     7BF0       1C         0
                text33                             7CAA     7CAA        C         0
                text32                             7C9E     7C9E        C         0
                text31                             3E50     3E50      D36         0
                text30                             77B2     77B2       36         0
                text29                             6A7C     6A7C       A4         0
                text28                             728E     728E       6A         0
                text27                             7058     7058       74         0
                text26                             79F8     79F8       26         0
                text25                             768C     768C       40         0
                text24                             7C3C     7C3C        E         0
                text23                             79D2     79D2       26         0
                text22                             5B1E     5B1E      176         0
                text21                             70CC     70CC       72         0
                text20                             7CFC     7CFC        A         0
                text19                             7CF2     7CF2        A         0
                text18                             6DDE     6DDE       86         0
                text17                             5ECA     5ECA      114         0
                text16                             6BB2     6BB2       8E         0
                text15                             6FE0     6FE0       78         0
                text14                             26A4     26A4     17AC         0
                text13                             7BD4     7BD4       1C         0
                text12                             751E     751E       50         0
                text11                             735A     735A       60         0
                text10                             4FD0     4FD0      258         0
                text9                              764C     764C       40         0
                text8                              6498     6498       C2         0
                text7                              781C     781C       30         0
                text6                              7BB8     7BB8       1C         0
                text5                              5674     5674      1A8         0
                text4                              6C40     6C40       8C         0
                text3                              6B20     6B20       92         0
                text2                              599E     599E      180         0
                text1                              6D56     6D56       88         0
                text0                              7A1E     7A1E       24         0
                cinit                              661C     661C       C0         0
                idataBANK6                         7D48     7D48        2         0
                idataBANK5                         7D10     7D10        9         0
                idataCOMRAM                        7D46     7D46        2         0

        CLASS   CONST          

        CLASS   SMALLCONST     
                smallconst                         2600     2600       A4         0

        CLASS   MEDIUMCONST    

        CLASS   COMRAM         
                cstackCOMRAM                        501      501       36         1
                dataCOMRAM                          55D      55D        2         1
                bssCOMRAM                           537      537       26         1

        CLASS   ABS1           

        CLASS   BIGRAM         
                bssBIGRAM                           960      960      C06         1

        CLASS   RAM            

        CLASS   BANK5          
                dataBANK5                           5F6      5F6        9         1
                bssBANK5                            560      560       96         1

        CLASS   BANK6          
                dataBANK6                           6FE      6FE        2         1
                bssBANK6                            600      600       EF         1
                nvBANK6                             6EF      6EF        F         1

        CLASS   BANK7          
                bssBANK7                            700      700       CB         1

        CLASS   BANK8          
                bssBANK8                            800      800       BC         1

        CLASS   BANK9          
                bssBANK9                            900      900       60         1

        CLASS   BANK10         

        CLASS   BANK11         

        CLASS   BANK12         

        CLASS   BANK13         

        CLASS   BANK14         

        CLASS   BANK15         

        CLASS   BANK16         

        CLASS   BANK17         

        CLASS   BANK18         

        CLASS   BANK19         

        CLASS   BANK20         

        CLASS   BANK21         

        CLASS   BANK22         

        CLASS   BANK23         

        CLASS   BANK24         

        CLASS   BANK25         

        CLASS   BANK26         

        CLASS   BANK27         

        CLASS   BANK28         

        CLASS   BANK29         

        CLASS   BANK30         

        CLASS   BANK31         

        CLASS   BANK32         

        CLASS   BANK33         

        CLASS   BANK34         

        CLASS   BANK35         

        CLASS   BANK36         

        CLASS   SFR            

        CLASS   BIGSFR         

        CLASS   CONFIG         
                config                           300000   300000        A         4

        CLASS   IDLOC          
                idloc                            200000   200000       40         5

        CLASS   EEDATA         

        CLASS   FARRAM         

        CLASS   HEAP           

        CLASS   STACK          



SEGMENTS        Name                           Load    Length   Top    Selector   Space  Class

                reset_vec                      000000  000004  000004         0       0  CODE    
                ivt0x8                         000008  000018  000020         4       0  CODE    
                cstackCOMRAM                   000501  00005E  00055F       501       1  COMRAM  
                bssBANK5                       000560  00009F  0005FF       560       1  BANK5   
                bssBANK6                       000600  000100  000700       600       1  BANK6   
                bssBANK7                       000700  0000CB  0007CB       700       1  BANK7   
                bssBANK8                       000800  0000BC  0008BC       800       1  BANK8   
                bssBANK9                       000900  000060  000960       900       1  BANK9   
                bssBIGRAM                      000960  000C06  001566       960       1  BIGRAM  
                smallconst                     002600  0000A4  0026A4      1300       0  SMALLCON
                text14                         0026A4  005675  007D19      1352       0  CODE    
                text93                         007D1A  000044  007D5E      3E8D       0  CODE    


UNUSED ADDRESS RANGES

        Name                Unused          Largest block    Delta
        BANK21           001566-0015FF               9A
        BANK22           001600-0016FF              100
        BANK23           001700-0017FF              100
        BANK24           001800-0018FF              100
        BANK25           001900-0019FF              100
        BANK26           001A00-001AFF              100
        BANK27           001B00-001BFF              100
        BANK28           001C00-001CFF              100
        BANK29           001D00-001DFF              100
        BANK30           001E00-001EFF              100
        BANK31           001F00-001FFF              100
        BANK32           002000-0020FF              100
        BANK33           002100-0021FF              100
        BANK34           002200-0022FF              100
        BANK35           002300-0023FF              100
        BANK36           002400-0024FF              100
        BANK5            0005FF-0005FF                1
        BANK7            0007CB-0007FF               35
        BANK8            0008BC-0008FF               44
        BIGRAM           00055F-00055F                1
                         0005FF-0005FF                1
                         0007CB-0007FF               35
                         0008BC-0008FF               44
                         001566-0024FF              F9A
        BIGSFR           000000-0004FF              500
                         002500-0025FF              100
        CODE             000004-000007                4
                         000020-0025FF             25E0
                         007D19-007D19                1
                         007D5E-01FFFF            182A2
        COMRAM           00055F-00055F                1
        CONFIG           30000A-300011                8
        CONST            000004-000007                4
                         000020-0025FF             25E0
                         007D19-007D19                1
                         007D5E-01FFFF            182A2
        EEDATA           380000-3803FF              400
        MEDIUMCONST      007D19-007D19                1
                         007D5E-00FFFF             82A2
                         012600-01FFFF             DA00
        RAM              0005FF-0005FF                1
                         0007CB-0007FF               35
                         0008BC-0008FF               44
                         001566-0024FF              100
        SFR              000000-0004FF              100
                         002500-0025FF              100
        SMALLCONST       007D19-007D19                1
                         007D5E-01FFFF              100

                                  Symbol Table

?_ADCC_GetSingleConversion                         cstackCOMRAM 00050F
?_ADC_Average                                      cstackCOMRAM 000514
?_HalSdp_GetThr                                    cstackCOMRAM 000523
?___lldiv                                          cstackCOMRAM 00051B
?___lmul                                           cstackCOMRAM 00050F
?___lwdiv                                          cstackCOMRAM 00050F
?___wmul                                           cstackCOMRAM 00050F
?_abs                                              cstackCOMRAM 00050F
?_flash_init                                       cstackCOMRAM 000522
ADCC_GetSingleConversion@channel                   cstackCOMRAM 000513
ADCC_SetADIInterruptHandler@InterruptHandler       cstackCOMRAM 00050F
ADC_Average@adc_ch                                 cstackCOMRAM 000518
ADC_Average@adc_max                                cstackCOMRAM 000519
ADC_Average@adc_min                                cstackCOMRAM 00051B
ADC_Average@adc_single                             cstackCOMRAM 000520
ADC_Average@adc_sum                                cstackCOMRAM 00051D
ADC_Average@i                                      cstackCOMRAM 00051F
BatTask_Process@bat_vol_bk                         cstackCOMRAM 000522
ChargeTask_Process@bat_flag_bk                     cstackCOMRAM 000517
ChargeTask_Process@charge_pin                      cstackCOMRAM 000516
ChargeTask_Process@vbus_pin                        cstackCOMRAM 000515
FLASH_Read@address                                 cstackCOMRAM 00050F
FLASH_Read@tablePointer                            cstackCOMRAM 00051E
FLASH_Write@address                                cstackCOMRAM 00050F
FLASH_Write@data                                   cstackCOMRAM 000512
FLASH_Write@globalInterruptBitValue                cstackCOMRAM 000517
HalI2CRead@cnt                                     cstackCOMRAM 000516
HalI2CRead@len                                     cstackCOMRAM 000517
HalI2CRead@pBuf                                    cstackCOMRAM 000513
HalI2CRead@tmpAddr                                 cstackCOMRAM 000515
HalI2CWrite@cnt                                    cstackCOMRAM 000517
HalI2CWrite@len                                    cstackCOMRAM 000515
HalI2CWrite@pBuf                                   cstackCOMRAM 000513
HalI2CWrite@tmpAddr                                cstackCOMRAM 000516
HalLed_AllOnOff@mode                               cstackCOMRAM 00050F
HalLed_StatusOnOff@mode                            cstackCOMRAM 00050F
HalLed_StatusOnOff@type                            cstackCOMRAM 000510
HalSdp_Command@cmd                                 cstackCOMRAM 00051F
HalSdp_Command@data                                cstackCOMRAM 000522
HalSdp_Command@result                              cstackCOMRAM 000521
HalSdp_GetID@buffer                                cstackCOMRAM 000523
HalSdp_GetID@i                                     cstackCOMRAM 000535
HalSdp_GetThr@data                                 cstackCOMRAM 000525
HalSdp_GetValue@data                               cstackCOMRAM 000524
HalSdp_GetValue@thr                                cstackCOMRAM 000520
HalSdp_GetValue@value                              cstackCOMRAM 00051E
HalSdp_Init@result                                 cstackCOMRAM 000536
HalSdp_Read@crc_value                              cstackCOMRAM 00051C
HalSdp_Read@result                                 cstackCOMRAM 00051D
HalSdp_Reset@result                                cstackCOMRAM 00051F
HalSensorRead@i                                    cstackCOMRAM 00051B
HalSensorRead@nBytes                               cstackCOMRAM 00051A
HalSensorRead@pBuf                                 cstackCOMRAM 000518
HalSensorWriteReg@addr                             cstackCOMRAM 00051B
HalSensorWriteReg@i                                cstackCOMRAM 00051E
HalSensorWriteReg@nBytes                           cstackCOMRAM 00051A
HalSensorWriteReg@p                                cstackCOMRAM 00051C
HalSensorWriteReg@pBuf                             cstackCOMRAM 000518
Hal_I2C_Release@device                             cstackCOMRAM 00050F
Hal_I2C_Select@device                              cstackCOMRAM 00050F
I2C_DELAY@delay_us                                 cstackCOMRAM 00050F
INT0_SetInterruptHandler@InterruptHandler          cstackCOMRAM 00050F
INT1_SetInterruptHandler@InterruptHandler          cstackCOMRAM 00050F
INT2_SetInterruptHandler@InterruptHandler          cstackCOMRAM 00050F
INTSTAT_ADDR                                       (abs)        0000D7
IVTBASEH                                           (abs)        00045E
IVTBASEL                                           (abs)        00045D
IVTBASEU                                           (abs)        00045F
KeyTask_Process@key                                cstackCOMRAM 000510
LedTask_Process@blink                              cstackCOMRAM 000513
LedTask_Process@percent                            cstackCOMRAM 000515
LedTask_Process@type                               cstackCOMRAM 000514
NVM_UnlockKeySet@unlockKey                         cstackCOMRAM 00050F
PWM_Duty_Set@cnt                                   cstackCOMRAM 000510
PWM_Duty_Set@cwg1con0                              cstackCOMRAM 00050F
SprayTask_Process@current_inc                      bssBANK5     0005CB
SprayTask_Process@current_index                    bssCOMRAM    000551
SprayTask_Process@pressure_inc                     bssBANK5     0005CC
SprayTask_Process@pressure_index                   bssBANK5     0005CD
SprayTask_Process@pressure_rate                    cstackCOMRAM 00052E
Timer1_OverflowCallbackRegister@CallbackHandler    cstackCOMRAM 00050F
Timer1_Write@timerVal                              cstackCOMRAM 000501
UART2_FramingErrorCallbackRegister@callbackHandler cstackCOMRAM 00050F
UART2_OverrunErrorCallbackRegister@callbackHandler cstackCOMRAM 00050F
UART2_ParityErrorCallbackRegister@callbackHandler  cstackCOMRAM 00050F
UART2_ReceiveISR@regValue                          cstackCOMRAM 000501
UART2_ReceiveISR@tempRxHead                        cstackCOMRAM 000502
UART2_TransmitISR@tempTxTail                       cstackCOMRAM 00050B
UART3_FramingErrorCallbackRegister@callbackHandler cstackCOMRAM 00050F
UART3_OverrunErrorCallbackRegister@callbackHandler cstackCOMRAM 00050F
UART3_ParityErrorCallbackRegister@callbackHandler  cstackCOMRAM 00050F
UART3_ReceiveISR@regValue                          cstackCOMRAM 000501
UART3_ReceiveISR@tempRxHead                        cstackCOMRAM 000502
UART3_TransmitISR@tempTxTail                       cstackCOMRAM 00050B
VI2C_RD_AckBit@bit                                 cstackCOMRAM 000512
VI2C_RD_AckBit@wait                                cstackCOMRAM 000510
VI2C_READ@data                                     cstackCOMRAM 000510
VI2C_READ@i                                        cstackCOMRAM 000511
VI2C_WRITE@data                                    cstackCOMRAM 000510
VI2C_WRITE@i                                       cstackCOMRAM 000511
WWDT_TimerClear@state                              cstackCOMRAM 00050F
_ACTCON                                            (abs)        0000AC
_ADACCH                                            (abs)        0003E4
_ADACCL                                            (abs)        0003E3
_ADACCU                                            (abs)        0003E5
_ADACQH                                            (abs)        0003EF
_ADACQL                                            (abs)        0003EE
_ADACT                                             (abs)        0003F9
_ADCAP                                             (abs)        0003F0
_ADCC_ADI_InterruptHandler                         nvBANK6      0006FB
_ADCC_DefaultADI_ISR                               text123      007D5C
_ADCC_GetSingleConversion                          text69       0078AC
_ADCC_ISR                                          text122      0077E8
_ADCC_Initialize                                   text97       0071B0
_ADCC_SetADIInterruptHandler                       text98       007C90
_ADCLK                                             (abs)        0003FA
_ADCNT                                             (abs)        0003E6
_ADCON0                                            (abs)        0003F3
_ADCON0bits                                        (abs)        0003F3
_ADCON1                                            (abs)        0003F4
_ADCON1bits                                        (abs)        0003F4
_ADCON2                                            (abs)        0003F5
_ADCON2bits                                        (abs)        0003F5
_ADCON3                                            (abs)        0003F6
_ADCON3bits                                        (abs)        0003F6
_ADC_Average                                       text68       0063C4
_ADC_Start                                         text67       007D4A
_ADERRH                                            (abs)        0003DE
_ADERRL                                            (abs)        0003DD
_ADFLTRH                                           (abs)        0003E2
_ADFLTRL                                           (abs)        0003E1
_ADLTHH                                            (abs)        0003DA
_ADLTHL                                            (abs)        0003D9
_ADPCH                                             (abs)        0003EC
_ADPREH                                            (abs)        0003F2
_ADPREL                                            (abs)        0003F1
_ADPREVH                                           (abs)        0003E9
_ADPREVL                                           (abs)        0003E8
_ADREF                                             (abs)        0003F8
_ADRESH                                            (abs)        0003EB
_ADRESL                                            (abs)        0003EA
_ADRPT                                             (abs)        0003E7
_ADSTAT                                            (abs)        0003F7
_ADSTATbits                                        (abs)        0003F7
_ADSTPTH                                           (abs)        0003E0
_ADSTPTL                                           (abs)        0003DF
_ADUTHH                                            (abs)        0003DC
_ADUTHL                                            (abs)        0003DB
_ANSELA                                            (abs)        000400
_ANSELAbits                                        (abs)        000400
_ANSELB                                            (abs)        000408
_ANSELBbits                                        (abs)        000408
_ANSELC                                            (abs)        000410
_ANSELCbits                                        (abs)        000410
_ANSELD                                            (abs)        000418
_ANSELDbits                                        (abs)        000418
_ANSELE                                            (abs)        000420
_ANSELF                                            (abs)        000428
_ANSELFbits                                        (abs)        000428
_BatTask_Process                                   text66       005476
_CLKRCLK                                           (abs)        00003A
_CLKRCON                                           (abs)        000039
_CLKREF_Initialize                                 text96       007CC2
_CLOCK_Initialize                                  text95       007C0C
_CWG1AS0                                           (abs)        0003C2
_CWG1AS0bits                                       (abs)        0003C2
_CWG1AS1                                           (abs)        0003C3
_CWG1CLKCON                                        (abs)        0003BC
_CWG1CON0                                          (abs)        0003C0
_CWG1CON0bits                                      (abs)        0003C0
_CWG1CON1                                          (abs)        0003C1
_CWG1DBF                                           (abs)        0003BF
_CWG1DBR                                           (abs)        0003BE
_CWG1ISM                                           (abs)        0003BD
_CWG1STR                                           (abs)        0003C4
_CWG1_Initialize                                   text94       0079AA
_CartTask_Process                                  text65       007C28
_ChargeTask_Process                                text63       00581C
_Device_Address                                    bssBANK5     0005C9
_Device_Address_Read                               bssBANK5     0005C6
_Device_Address_Write                              bssBANK5     0005C7
_FLASH_Read                                        text4        006C40
_FLASH_Write                                       text21       0070CC
_FVRCON                                            (abs)        0003D7
_FVRCONbits                                        (abs)        0003D7
_FVR_Initialize                                    text93       007D1A
_GIE                                               (abs)        0026B7
_HalI2CRead                                        text46       006E64
_HalI2CWrite                                       text39       006F64
_HalLed_AllOnOff                                   text62       00756E
_HalLed_Init                                       text9        00764C
_HalLed_StatusOnOff                                text59       005C94
_HalSdp_Command                                    text37       00795A
_HalSdp_GetID                                      text8        006498
_HalSdp_GetThr                                     text16       006BB2
_HalSdp_GetValue                                   text40       0072F8
_HalSdp_Init                                       text6        007BB8
_HalSdp_Read                                       text41       00713E
_HalSdp_Reset                                      text7        00781C
_HalSdp_Start_Measure                              text36       007C4A
_HalSdp_Stop_Measure                               text35       00777A
_HalSensorRead                                     text45       007982
_HalSensorWriteReg                                 text38       006EE8
_Hal_I2C_Release                                   text44       007B9A
_Hal_I2C_Select                                    text43       006CCC
_I2C_DELAY                                         text57       007D06
_I2C_Device                                        bssBANK5     0005C8
_INLVLA                                            (abs)        000404
_INLVLB                                            (abs)        00040C
_INLVLC                                            (abs)        000414
_INLVLD                                            (abs)        00041C
_INLVLE                                            (abs)        000424
_INLVLF                                            (abs)        00042C
_INT0_DefaultInterruptHandler                      (abs)        000000
_INT0_InterruptHandler                             bssBANK5     000592
_INT0_SetInterruptHandler                          text92       007C82
_INT1_DefaultInterruptHandler                      (abs)        000000
_INT1_InterruptHandler                             bssBANK5     00058F
_INT1_SetInterruptHandler                          text91       007C74
_INT2_DefaultInterruptHandler                      (abs)        000000
_INT2_InterruptHandler                             bssBANK5     00058C
_INT2_SetInterruptHandler                          text90       007C66
_INTCON0bits                                       (abs)        0004D6
_INTERRUPT_Initialize                              text89       0074CA
_INTERRUPT_InterruptManagerHigh                    text109      00655A
_INTERRUPT_InterruptManagerLow                     text99       005DB0
_IOCAF                                             (abs)        000407
_IOCAN                                             (abs)        000406
_IOCAP                                             (abs)        000405
_IOCBF                                             (abs)        00040F
_IOCBN                                             (abs)        00040E
_IOCBP                                             (abs)        00040D
_IOCCF                                             (abs)        000417
_IOCCN                                             (abs)        000416
_IOCCP                                             (abs)        000415
_IOCEF                                             (abs)        000427
_IOCEN                                             (abs)        000426
_IOCEP                                             (abs)        000425
_IPR0bits                                          (abs)        000362
_IPR1bits                                          (abs)        000363
_IPR3bits                                          (abs)        000365
_IPR8bits                                          (abs)        00036A
_IPR9bits                                          (abs)        00036B
_KeyOn                                             bssBANK6     0006EB
_KeyTask_Process                                   text60       00685C
_LATA                                              (abs)        0004BE
_LATAbits                                          (abs)        0004BE
_LATB                                              (abs)        0004BF
_LATBbits                                          (abs)        0004BF
_LATC                                              (abs)        0004C0
_LATCbits                                          (abs)        0004C0
_LATD                                              (abs)        0004C1
_LATDbits                                          (abs)        0004C1
_LATE                                              (abs)        0004C2
_LATEbits                                          (abs)        0004C2
_LATF                                              (abs)        0004C3
_LATFbits                                          (abs)        0004C3
_LedTask_Process                                   text58       005228
_NCO1ACCH                                          (abs)        000441
_NCO1ACCL                                          (abs)        000440
_NCO1ACCU                                          (abs)        000442
_NCO1CLK                                           (abs)        000447
_NCO1CON                                           (abs)        000446
_NCO1CONbits                                       (abs)        000446
_NCO1INCH                                          (abs)        000444
_NCO1INCL                                          (abs)        000443
_NCO1INCU                                          (abs)        000445
_NCO1_Initialize                                   text88       007A66
_NVMADRH                                           (abs)        000044
_NVMADRL                                           (abs)        000043
_NVMADRU                                           (abs)        000045
_NVMCON0bits                                       (abs)        000040
_NVMCON1bits                                       (abs)        000041
_NVMDATH                                           (abs)        000047
_NVMDATL                                           (abs)        000046
_NVMLOCK                                           (abs)        000042
_NVM_Initialize                                    text86       007D2E
_NVM_StatusClear                                   text87       007D34
_NVM_UnlockKeyClear                                text20       007CFC
_NVM_UnlockKeySet                                  text19       007CF2
_ODCONA                                            (abs)        000402
_ODCONAbits                                        (abs)        000402
_ODCONB                                            (abs)        00040A
_ODCONBbits                                        (abs)        00040A
_ODCONC                                            (abs)        000412
_ODCONCbits                                        (abs)        000412
_ODCOND                                            (abs)        00041A
_ODCONDbits                                        (abs)        00041A
_ODCONE                                            (abs)        000422
_ODCONEbits                                        (abs)        000422
_ODCONF                                            (abs)        00042A
_ODCONFbits                                        (abs)        00042A
_OSCCON1                                           (abs)        0000AD
_OSCCON3                                           (abs)        0000AF
_OSCEN                                             (abs)        0000B3
_OSCFRQ                                            (abs)        0000B1
_OSCTUNE                                           (abs)        0000B0
_PIE0bits                                          (abs)        00049E
_PIE1bits                                          (abs)        00049F
_PIE3bits                                          (abs)        0004A1
_PIE8bits                                          (abs)        0004A6
_PIE9bits                                          (abs)        0004A7
_PIN_MANAGER_IOC                                   text108      007D50
_PIN_MANAGER_Initialize                            text85       0060E2
_PIR0bits                                          (abs)        0004AE
_PIR10bits                                         (abs)        0004B8
_PIR1bits                                          (abs)        0004AF
_PIR2bits                                          (abs)        0004B0
_PIR3bits                                          (abs)        0004B1
_PIR6bits                                          (abs)        0004B4
_PIR8bits                                          (abs)        0004B6
_PIR9bits                                          (abs)        0004B7
_PMD0                                              (abs)        000060
_PMD1                                              (abs)        000061
_PMD3                                              (abs)        000063
_PMD4                                              (abs)        000064
_PMD5                                              (abs)        000065
_PMD6                                              (abs)        000066
_PMD7                                              (abs)        000067
_PMD8                                              (abs)        000068
_PMD_Initialize                                    text84       007A42
_PORTDbits                                         (abs)        0004D1
_PORTFbits                                         (abs)        0004D3
_PWM_Duty_Set                                      text34       007BF0
_PWM_Start                                         text33       007CAA
_PWM_Stop                                          text32       007C9E
_RB1I2C                                            (abs)        000289
_RB2I2C                                            (abs)        000288
_RB4PPS                                            (abs)        00020D
_RB5PPS                                            (abs)        00020E
_RC3I2C                                            (abs)        000287
_RC4I2C                                            (abs)        000286
_RD6PPS                                            (abs)        00021F
_RF1PPS                                            (abs)        00022A
_SCL_PIN_AS_OUTPUT                                 text56       007D42
_SDA_PIN_AS_INPUT                                  text55       007D3E
_SDA_PIN_AS_OUTPUT                                 text54       007D3A
_SLRCONA                                           (abs)        000403
_SLRCONB                                           (abs)        00040B
_SLRCONC                                           (abs)        000413
_SLRCOND                                           (abs)        00041B
_SLRCONE                                           (abs)        000423
_SLRCONF                                           (abs)        00042B
_SYSTEM_Initialize                                 text72       0076CC
_SprayTask_Process                                 text14       0026A4
_T1CLK                                             (abs)        000321
_T1CON                                             (abs)        00031E
_T1CONbits                                         (abs)        00031E
_T1GATE                                            (abs)        000320
_T1GCON                                            (abs)        00031F
_T1GCONbits                                        (abs)        00031F
_TABLAT                                            (abs)        0004F5
_TBLPTRH                                           (abs)        0004F7
_TBLPTRL                                           (abs)        0004F6
_TBLPTRU                                           (abs)        0004F8
_TMR1H                                             (abs)        00031D
_TMR1L                                             (abs)        00031C
_TRISA                                             (abs)        0004C6
_TRISAbits                                         (abs)        0004C6
_TRISB                                             (abs)        0004C7
_TRISBbits                                         (abs)        0004C7
_TRISC                                             (abs)        0004C8
_TRISCbits                                         (abs)        0004C8
_TRISD                                             (abs)        0004C9
_TRISDbits                                         (abs)        0004C9
_TRISE                                             (abs)        0004CA
_TRISEbits                                         (abs)        0004CA
_TRISF                                             (abs)        0004CB
_TRISFbits                                         (abs)        0004CB
_Timer1                                            smallconst   002691
_Timer1_DefaultOverflowCallback                    text121      007D5A
_Timer1_Initialize                                 text82       0075BE
_Timer1_InterruptHandler                           bssBANK6     00069C
_Timer1_OverflowCallback                           nvBANK6      0006EF
_Timer1_OverflowCallbackRegister                   text83       007C58
_Timer1_OverflowISR                                text116      007608
_Timer1_PeriodCountSet                             (abs)        000000
_Timer1_Start                                      text71       007D28
_Timer1_Stop                                       (abs)        000000
_Timer1_Write                                      text120      007930
_U2BRGH                                            (abs)        0002C2
_U2BRGL                                            (abs)        0002C1
_U2CON0                                            (abs)        0002BE
_U2CON0bits                                        (abs)        0002BE
_U2CON1                                            (abs)        0002BF
_U2CON1bits                                        (abs)        0002BF
_U2CON2                                            (abs)        0002C0
_U2ERRIE                                           (abs)        0002C6
_U2ERRIR                                           (abs)        0002C5
_U2ERRIRbits                                       (abs)        0002C5
_U2FIFO                                            (abs)        0002C3
_U2P1L                                             (abs)        0002B8
_U2P2L                                             (abs)        0002BA
_U2P3L                                             (abs)        0002BC
_U2RXB                                             (abs)        0002B4
_U2RXPPS                                           (abs)        000274
_U2TXB                                             (abs)        0002B6
_U2UIR                                             (abs)        0002C4
_U2UIRbits                                         (abs)        0002C4
_U3BRGH                                            (abs)        0002D5
_U3BRGL                                            (abs)        0002D4
_U3CON0                                            (abs)        0002D1
_U3CON0bits                                        (abs)        0002D1
_U3CON1                                            (abs)        0002D2
_U3CON1bits                                        (abs)        0002D2
_U3CON2                                            (abs)        0002D3
_U3ERRIE                                           (abs)        0002D9
_U3ERRIR                                           (abs)        0002D8
_U3ERRIRbits                                       (abs)        0002D8
_U3FIFO                                            (abs)        0002D6
_U3P1L                                             (abs)        0002CB
_U3P2L                                             (abs)        0002CD
_U3P3L                                             (abs)        0002CF
_U3RXB                                             (abs)        0002C7
_U3RXPPS                                           (abs)        000276
_U3TXB                                             (abs)        0002C9
_U3UIR                                             (abs)        0002D7
_U3UIRbits                                         (abs)        0002D7
_UART2                                             smallconst   002601
_UART2_AutoBaudQuery                               (abs)        000000
_UART2_AutoBaudSet                                 (abs)        000000
_UART2_CommunicationErrorInterruptHandler          bssBANK5     000568
_UART2_DefaultFramingErrorCallback                 text106      007CCE
_UART2_DefaultFramingErrorCallback$intlevel1       text106      007CD8
_UART2_DefaultOverrunErrorCallback                 text114      007D56
_UART2_DefaultParityErrorCallback                  text104      007D4C
_UART2_Deinitialize                                (abs)        000000
_UART2_ErrorGet                                    (abs)        000000
_UART2_ErrorISR                                    text103      0069C8
_UART2_ErrorInterruptHandler                       nvBANK6      0006F2
_UART2_FramingErrorCallbackRegister                text81       007B78
_UART2_FramingErrorHandler                         bssBANK5     000577
_UART2_Initialize                                  text78       00679C
_UART2_IsRxReady                                   (abs)        000000
_UART2_IsTxDone                                    (abs)        000000
_UART2_IsTxReady                                   (abs)        000000
_UART2_OverrunErrorCallbackRegister                text80       007B56
_UART2_OverrunErrorHandler                         bssBANK5     000574
_UART2_ParityErrorCallbackRegister                 text79       007B34
_UART2_ParityErrorHandler                          bssBANK5     000571
_UART2_Read                                        (abs)        000000
_UART2_ReceiveISR                                  text111      0062D0
_UART2_RxCompleteCallbackRegister                  (abs)        000000
_UART2_RxCompleteInterruptHandler                  bssBANK5     00056B
_UART2_RxInterruptHandler                          nvBANK6      0006F5
_UART2_TransmitDisable                             (abs)        000000
_UART2_TransmitEnable                              (abs)        000000
_UART2_TransmitISR                                 text102      007740
_UART2_TxCompleteCallbackRegister                  (abs)        000000
_UART2_TxCompleteInterruptHandler                  bssBANK5     00056E
_UART2_TxInterruptHandler                          nvBANK6      0006F8
_UART2_Write                                       (abs)        000000
_UART3                                             smallconst   002649
_UART3_AutoBaudQuery                               (abs)        000000
_UART3_AutoBaudSet                                 (abs)        000000
_UART3_CommunicationErrorInterruptHandler          bssBANK5     00057A
_UART3_DefaultFramingErrorCallback                 text107      007CDA
_UART3_DefaultFramingErrorCallback$intlevel1       text107      007CE4
_UART3_DefaultOverrunErrorCallback                 text115      007D58
_UART3_DefaultParityErrorCallback                  text105      007D4E
_UART3_Deinitialize                                (abs)        000000
_UART3_ErrorGet                                    (abs)        000000
_UART3_ErrorISR                                    text101      006914
_UART3_ErrorInterruptHandler                       bssBANK5     000595
_UART3_FramingErrorCallbackRegister                text77       007B12
_UART3_FramingErrorHandler                         bssBANK5     000589
_UART3_Initialize                                  text74       0066DC
_UART3_IsRxReady                                   (abs)        000000
_UART3_IsTxDone                                    (abs)        000000
_UART3_IsTxReady                                   (abs)        000000
_UART3_OverrunErrorCallbackRegister                text76       007AF0
_UART3_OverrunErrorHandler                         bssBANK5     000586
_UART3_ParityErrorCallbackRegister                 text75       007ACE
_UART3_ParityErrorHandler                          bssBANK5     000583
_UART3_Read                                        (abs)        000000
_UART3_ReceiveISR                                  text110      0061DA
_UART3_RxCompleteCallbackRegister                  (abs)        000000
_UART3_RxCompleteInterruptHandler                  bssBANK5     00057D
_UART3_RxInterruptHandler                          bssBANK5     000598
_UART3_TransmitDisable                             (abs)        000000
_UART3_TransmitEnable                              (abs)        000000
_UART3_TransmitISR                                 text100      007706
_UART3_TxCompleteCallbackRegister                  (abs)        000000
_UART3_TxCompleteInterruptHandler                  bssBANK5     000580
_UART3_TxInterruptHandler                          bssBANK5     00059B
_UART3_Write                                       (abs)        000000
_VI2C_RD_AckBit                                    text53       007222
_VI2C_READ                                         text52       007476
_VI2C_StartBit                                     text51       007906
_VI2C_StopBit                                      text50       007A8A
_VI2C_WRITE                                        text49       00741A
_VI2C_WR_AckBit                                    text48       00787C
_VI2C_WR_NAckBit                                   text47       00784C
_VT_value_set                                      text31       003E50
_WDTCON0                                           (abs)        000078
_WDTCON0bits                                       (abs)        000078
_WDTCON1                                           (abs)        000079
_WPUA                                              (abs)        000401
_WPUB                                              (abs)        000409
_WPUC                                              (abs)        000411
_WPUCbits                                          (abs)        000411
_WPUD                                              (abs)        000419
_WPUDbits                                          (abs)        000419
_WPUE                                              (abs)        000421
_WPUF                                              (abs)        000429
_WPUFbits                                          (abs)        000429
_WWDT_Initialize                                   text73       007CB6
_WWDT_SoftEnable                                   text70       007D22
_WWDT_TimerClear                                   text13       007BD4
__HRAM                                             (abs)        000000
__H__absolute__                                    __absolute__ 000000
__Habs1                                            abs1         000000
__Hbank10                                          bank10       000000
__Hbank11                                          bank11       000000
__Hbank12                                          bank12       000000
__Hbank13                                          bank13       000000
__Hbank14                                          bank14       000000
__Hbank15                                          bank15       000000
__Hbank16                                          bank16       000000
__Hbank17                                          bank17       000000
__Hbank18                                          bank18       000000
__Hbank19                                          bank19       000000
__Hbank20                                          bank20       000000
__Hbank21                                          bank21       000000
__Hbank22                                          bank22       000000
__Hbank23                                          bank23       000000
__Hbank24                                          bank24       000000
__Hbank25                                          bank25       000000
__Hbank26                                          bank26       000000
__Hbank27                                          bank27       000000
__Hbank28                                          bank28       000000
__Hbank29                                          bank29       000000
__Hbank30                                          bank30       000000
__Hbank31                                          bank31       000000
__Hbank32                                          bank32       000000
__Hbank33                                          bank33       000000
__Hbank34                                          bank34       000000
__Hbank35                                          bank35       000000
__Hbank36                                          bank36       000000
__Hbank5                                           bank5        000000
__Hbank6                                           bank6        000000
__Hbank7                                           bank7        000000
__Hbank8                                           bank8        000000
__Hbank9                                           bank9        000000
__Hbigbss                                          bigbss       000000
__Hbigdata                                         bigdata      000000
__Hbigram                                          bigram       000000
__Hbigsfr                                          bigsfr       000000
__Hbss                                             bss          000000
__HbssBANK5                                        bssBANK5     000000
__HbssBANK6                                        bssBANK6     000000
__HbssBANK7                                        bssBANK7     000000
__HbssBANK8                                        bssBANK8     000000
__HbssBANK9                                        bssBANK9     000000
__HbssBIGRAM                                       bssBIGRAM    000000
__HbssCOMRAM                                       bssCOMRAM    000000
__Hcinit                                           cinit        000000
__Hclrtext                                         clrtext      000000
__Hcomram                                          comram       000000
__Hconfig                                          config       30000A
__Hconst                                           const        000000
__HcstackCOMRAM                                    cstackCOMRAM 000000
__Hdata                                            data         000000
__HdataBANK5                                       dataBANK5    000000
__HdataBANK6                                       dataBANK6    000000
__HdataCOMRAM                                      dataCOMRAM   000000
__Heeprom_data                                     eeprom_data  000000
__Hfarbss                                          farbss       000000
__Hfardata                                         fardata      000000
__Hheap                                            heap         000000
__Hibigdata                                        ibigdata     000000
__Hidata                                           idata        000000
__HidataBANK5                                      idataBANK5   000000
__HidataBANK6                                      idataBANK6   000000
__HidataCOMRAM                                     idataCOMRAM  000000
__Hidloc                                           idloc        200040
__Hifardata                                        ifardata     000000
__Hinit                                            init         000020
__Hintsave_regs                                    intsave_regs 000000
__Hirdata                                          irdata       000000
__Hivt0x8                                          ivt0x8       00001C
__Hmediumconst                                     mediumconst  000000
__HnvBANK6                                         nvBANK6      000000
__HnvFARRAM                                        nvFARRAM     000000
__Hnvbit                                           nvbit        000000
__Hnvrram                                          nvrram       000000
__Hparam                                           rparam       000000
__Hpowerup                                         powerup      000000
__Hram                                             ram          000000
__Hramtop                                          ramtop       002600
__Hrbit                                            rbit         000000
__Hrbss                                            rbss         000000
__Hrdata                                           rdata        000000
__Hreset_vec                                       reset_vec    000004
__Hrparam                                          rparam       000000
__Hsfr                                             sfr          000000
__Hsmallconst                                      smallconst   0026A4
__Hspace_0                                         (abs)        007D5E
__Hspace_1                                         (abs)        001566
__Hspace_2                                         (abs)        000000
__Hspace_4                                         (abs)        60000A
__Hstack                                           stack        000000
__Hstruct                                          struct       000000
__Htemp                                            temp         000000
__Htext                                            text         000000
__Htext0                                           text0        000000
__Htext1                                           text1        000000
__Htext10                                          text10       000000
__Htext100                                         text100      000000
__Htext101                                         text101      000000
__Htext102                                         text102      000000
__Htext103                                         text103      000000
__Htext104                                         text104      000000
__Htext105                                         text105      000000
__Htext106                                         text106      000000
__Htext107                                         text107      000000
__Htext108                                         text108      000000
__Htext109                                         text109      000000
__Htext11                                          text11       000000
__Htext110                                         text110      000000
__Htext111                                         text111      000000
__Htext112                                         text112      000000
__Htext113                                         text113      000000
__Htext114                                         text114      000000
__Htext115                                         text115      000000
__Htext116                                         text116      000000
__Htext117                                         text117      000000
__Htext118                                         text118      000000
__Htext119                                         text119      000000
__Htext12                                          text12       000000
__Htext120                                         text120      000000
__Htext121                                         text121      000000
__Htext122                                         text122      000000
__Htext123                                         text123      000000
__Htext124                                         text124      000000
__Htext13                                          text13       000000
__Htext14                                          text14       000000
__Htext15                                          text15       000000
__Htext16                                          text16       000000
__Htext17                                          text17       000000
__Htext18                                          text18       000000
__Htext19                                          text19       000000
__Htext2                                           text2        000000
__Htext20                                          text20       000000
__Htext21                                          text21       000000
__Htext22                                          text22       000000
[...]
_fg_stop_spray                                     bssCOMRAM    000555
_flag_led_red                                      bssBANK5     0005E5
_flash_init                                        text3        006B20
_gpio_Init                                         text1        006D56
_halKeyScan                                        text119      005FDE
_is_mem_full                                       text23       0079D2
_key_cnt                                           bssBANK5     0005B9
_key_state_backup                                  dataBANK5    0005FB
_key_value                                         dataBANK5    0005FC
_lcd_disp                                          bssBANK5     0005BD
_lcd_disp_backup                                   bssBANK5     0005BB
_led_AllOff                                        dataBANK5    0005FD
_led_state                                         bssBANK7     000794
_lt_en_start                                       bssBANK6     00068C
_lt_en_stop                                        bssBANK6     000688
_lt_en_time                                        bssCOMRAM    00053B
_lt_sta2_time                                      bssBANK6     000690
_machine_state                                     dataBANK5    0005FE
_main                                              text0        007A1E
_max_frc                                           bssBANK5     000564
_memcpy                                            text12       00751E
_memset                                            text22       005B1E
_pApp_Task                                         dataCOMRAM   00055D
_p_user_info                                       dataBANK6    0006FE
_power_off                                         text61       007AAC
_pressureBuf                                       bssBANK5     0005F1
_pwm_adc_cnt                                       bssBANK5     0005A5
_pwm_adc_evg                                       bssCOMRAM    000545
_pwm_adc_max                                       bssBANK5     0005B3
_pwm_adc_offset                                    bssBANK5     0005E2
_pwm_adc_sum                                       bssBANK5     0005AF
_pwm_adc_val                                       bssCOMRAM    000549
_pwm_duty                                          bssBIGRAM    0010FE
_pwm_freq_adc                                      bssBIGRAM    000960
_pwm_list_offset                                   bssBANK5     0005E3
_pwm_offset_max                                    bssBANK5     0005AD
_pwm_set_adc                                       bssCOMRAM    000543
_pwm_tx_adc                                        bssBIGRAM    000C80
_rasps_repeat                                      bssBANK5     0005E9
_s_spray_state                                     bssCOMRAM    00055A
_save_shot                                         text17       005ECA
_sdp_cnt                                           bssBANK5     0005E4
_sdp_thr                                           bssBANK5     0005F0
_sdp_value                                         bssBANK5     0005F4
_sdp_value_max                                     bssBANK5     000560
_shot_info                                         bssBIGRAM    0013EC
_spray_intv                                        dataBANK5    0005F8
_spray_key_en                                      bssBANK5     0005E6
_spray_ready_time                                  bssBANK5     0005B7
_spray_ready_time_total                            bssBANK5     0005B5
_spray_time                                        bssBANK6     000694
_spray_triger                                      bssBANK5     0005E7
_state_spray_ready_init                            text15       006FE0
_sw_status                                         bssCOMRAM    000556
_sys_ticket                                        bssCOMRAM    00053F
_sys_ticket_bool                                   bssBANK5     0005EF
_sys_ticket_fg1                                    bssBANK5     0005EE
_task_ticket_update                                text117      004B86
_timer1ReloadVal                                   bssBANK5     0005A1
_uart2RxBuffer                                     bssBANK7     000740
_uart2RxCount                                      bssCOMRAM    00055B
_uart2RxHead                                       bssCOMRAM    00054C
_uart2RxLastError                                  bssBANK6     00069F
_uart2RxStatusBuffer                               bssBANK6     000600
_uart2RxTail                                       bssCOMRAM    00054B
_uart2TxBuffer                                     bssBANK7     000700
_uart2TxBufferRemaining                            bssBANK5     0005BF
_uart2TxHead                                       bssBANK5     0005C1
_uart2TxTail                                       bssBANK5     0005C0
_uart3RxBuffer                                     bssBANK7     000760
_uart3RxCount                                      bssBANK5     0005C2
_uart3RxHead                                       bssCOMRAM    00054E
_uart3RxLastError                                  bssBANK6     0006A1
_uart3RxStatusBuffer                               bssBANK6     000640
_uart3RxTail                                       bssCOMRAM    00054D
_uart3TxBuffer                                     bssBANK8     000800
_uart3TxBufferRemaining                            bssBANK5     0005C3
_uart3TxHead                                       bssBANK5     0005C5
_uart3TxTail                                       bssBANK5     0005C4
_uart_rx_delay                                     bssBANK5     0005CF
_uart_rx_process                                   text11       00735A
_uln_level                                         bssCOMRAM    000553
_uln_offset                                        bssBANK5     0005A9
_uln_vol                                           bssBIGRAM    000FA0
_unlockKeyHigh                                     bssCOMRAM    00054F
_unlockKeyLow                                      bssCOMRAM    000550
_user_info                                         bssBANK6     0006AB
_voice_para                                        bssBANK6     000698
_vol_duty_cnt                                      bssBANK5     0005A3
_wakeup_type                                       bssBANK5     0005EA
_wdt_ticket                                        bssBANK5     0005ED
_wdt_wakeup_time                                   bssBANK5     0005EB
_write_shot                                        text18       006DDE
_xCal_crc                                          text42       0073BA
abs@a                                              cstackCOMRAM 00050F
app_set_frq@frq                                    cstackCOMRAM 00050F
bat_init@bat_vol_bk                                cstackCOMRAM 000522
delay_ms@delay_ms                                  cstackCOMRAM 00050F
delay_ms@wait_loop_index                           cstackCOMRAM 000511
end_of_initialization                              cinit        0066D6
flash_init@data                                    cstackCOMRAM 000529
flash_init@last_shot_num                           cstackCOMRAM 000527
halKeyScan@pKey                                    cstackCOMRAM 000505
halKeyScan@pin                                     cstackCOMRAM 000504
halKeyScan@rslt                                    cstackCOMRAM 000503
i2_PWM_Stop                                        text118      007CE6
i2_UART2_DefaultFramingErrorCallback               text112      007D52
i2_UART3_DefaultFramingErrorCallback               text113      007D54
intlevel0                                          text         000000
intlevel1                                          text         000000
intlevel2                                          text         000000
intlevel3                                          text         000000
isa$std                                            (abs)        000001
isa$xinst                                          (abs)        000000
ivt0x8_base                                        ivt0x8       000008
memcpy@d                                           cstackCOMRAM 000515
memcpy@d1                                          cstackCOMRAM 00050F
memcpy@n                                           cstackCOMRAM 000513
memcpy@s                                           cstackCOMRAM 000517
memcpy@s1                                          cstackCOMRAM 000511
memcpy@tmp                                         cstackCOMRAM 000519
memset@c                                           cstackCOMRAM 000511
memset@dest                                        cstackCOMRAM 00050F
memset@k                                           cstackCOMRAM 000517
memset@n                                           cstackCOMRAM 000513
memset@s                                           cstackCOMRAM 000519
save_shot@i                                        cstackCOMRAM 00051E
stackhi                                            (abs)        000000
stacklo                                            (abs)        000000
start                                              init         00001C
start_initialization                               cinit        00661C
state_spray_ready_init@rst                         cstackCOMRAM 000529
state_spray_ready_init@value                       cstackCOMRAM 000527
write_shot@i                                       cstackCOMRAM 00051C
write_shot@ptr                                     cstackCOMRAM 00051A
write_shot@shot                                    cstackCOMRAM 000518
xCal_crc@crc                                       cstackCOMRAM 000513
xCal_crc@i                                         cstackCOMRAM 000512
xCal_crc@len                                       cstackCOMRAM 000511
xCal_crc@ptr                                       cstackCOMRAM 00050F


MODULE INFORMATION

Module		Function		Class		Link	Load	Size
C:\Program Files\Microchip\xc8\v2.41\pic\sources\c99\common\Umul32.c
		___lmul        		CODE           	728E	0000	106

C:\Program Files\Microchip\xc8\v2.41\pic\sources\c99\common\Umul32.c estimated size: 106

application/app_task.c
		_LedTask_Process		CODE           	5228	0000	590
		_ChargeTask_Process		CODE           	581C	0000	386
		_app_task_Init 		CODE           	599E	0000	384
		_PWM_Duty_Set  		CODE           	7BF0	0000	28
		_power_off     		CODE           	7AAC	0000	34
		_app_task_Callback		CODE           	4FD0	0000	600
		_VT_value_set  		CODE           	3E50	0000	3382
		_SprayTask_Process		CODE           	26A4	0000	6060
		_state_spray_ready_init		CODE           	6FE0	0000	120
		_bat_init      		CODE           	5674	0000	424
		_BatTask_Process		CODE           	5476	0000	510
		_task_ticket_update		CODE           	4B86	0000	1098
		_save_shot     		CODE           	5ECA	0000	276
		_app_set_frq   		CODE           	7C3C	0000	14
		_CartTask_Process		CODE           	7C28	0000	20
		_KeyTask_Process		CODE           	685C	0000	184
		_uart_rx_process		CODE           	735A	0000	96

application/app_task.c estimated size: 14206

mcc_generated_files/system/src/watchdog.c
		_WWDT_TimerClear		CODE           	7BD4	0000	28
		_WWDT_Initialize		CODE           	7CB6	0000	12
		_WWDT_SoftEnable		CODE           	7D22	0000	6

mcc_generated_files/system/src/watchdog.c estimated size: 46

hal_flash.c
		_flash_init    		CODE           	6B20	0000	146
		_is_mem_full   		CODE           	79D2	0000	38
		_write_shot    		CODE           	6DDE	0000	134

hal_flash.c estimated size: 318

application/hal_i2c.c
		_Hal_I2C_Release		CODE           	7B9A	0000	30
		_HalSensorRead 		CODE           	7982	0000	40
		_SCL_PIN_AS_OUTPUT		CODE           	7D42	0000	4
		_HalSensorWriteReg		CODE           	6EE8	0000	124
		_VI2C_StopBit  		CODE           	7A8A	0000	34
		_VI2C_StartBit 		CODE           	7906	0000	42
		_I2C_DELAY     		CODE           	7D06	0000	10
		_SDA_PIN_AS_OUTPUT		CODE           	7D3A	0000	4
		_delay_ms      		CODE           	78DA	0000	44
		_SDA_PIN_AS_INPUT		CODE           	7D3E	0000	4
		_Hal_I2C_Select		CODE           	6CCC	0000	138

application/hal_i2c.c estimated size: 474

C:\Program Files\Microchip\xc8\v2.41\pic\sources\c99\common\__lldiv.c
		___lldiv       		CODE           	6A7C	0000	164

C:\Program Files\Microchip\xc8\v2.41\pic\sources\c99\common\__lldiv.c estimated size: 164

mcc_generated_files/nco/src/nco1.c
		_NCO1_Initialize		CODE           	7A66	0000	36

mcc_generated_files/nco/src/nco1.c estimated size: 36

application/hal_pwm.c
		_PWM_Start     		CODE           	7CAA	0000	12
		_PWM_Stop      		CODE           	7C9E	0000	12

application/hal_pwm.c estimated size: 24

C:\Program Files\Microchip\xc8\v2.41\pic\sources\c99\common\memset.c
		_memset        		CODE           	5B1E	0000	374

C:\Program Files\Microchip\xc8\v2.41\pic\sources\c99\common\memset.c estimated size: 374

mcc_generated_files/timer/src/tmr1.c
		_Timer1_OverflowISR		CODE           	7608	0000	68
		_Timer1_DefaultOverflowCallback		CODE           	7D5A	0000	2
		_Timer1_Write  		CODE           	7930	0000	42
		_Timer1_Start  		CODE           	7D28	0000	6
		_Timer1_Initialize		CODE           	75BE	0000	74
		_Timer1_OverflowCallbackRegister		CODE           	7C58	0000	14

mcc_generated_files/timer/src/tmr1.c estimated size: 206

C:\Program Files\Microchip\xc8\v2.41\pic\sources\c99\common\lwdiv.c
		___lwdiv       		CODE           	7058	0000	116

C:\Program Files\Microchip\xc8\v2.41\pic\sources\c99\common\lwdiv.c estimated size: 116

mcc_generated_files/system/src/interrupt.c
		_INT0_SetInterruptHandler		CODE           	7C82	0000	14
		_INT1_SetInterruptHandler		CODE           	7C74	0000	14
		_INT2_SetInterruptHandler		CODE           	7C66	0000	14
		_INTERRUPT_Initialize		CODE           	74CA	0000	84
		_INTERRUPT_InterruptManagerLow		CODE           	5DB0	0000	282
		_INTERRUPT_InterruptManagerHigh		CODE           	655A	0000	194

mcc_generated_files/system/src/interrupt.c estimated size: 602

application/hal_adc.c
		_ADC_Start     		CODE           	7D4A	0000	2
		_ADC_Average   		CODE           	63C4	0000	212

application/hal_adc.c estimated size: 214

application/hal_key.c
		_halKeyScan    		CODE           	5FDE	0000	260

application/hal_key.c estimated size: 260

mcc_generated_files/adc/src/adcc.c
		_ADCC_DefaultADI_ISR		CODE           	7D5C	0000	2
		_ADCC_GetSingleConversion		CODE           	78AC	0000	46
		_ADCC_SetADIInterruptHandler		CODE           	7C90	0000	14
		_ADCC_ISR      		CODE           	77E8	0000	52
		_ADCC_Initialize		CODE           	71B0	0000	114

mcc_generated_files/adc/src/adcc.c estimated size: 228

C:\Program Files\Microchip\xc8\v2.41\pic\sources\c99\common\lbmod.c
		___lbmod       		CODE           	77B2	0000	54

C:\Program Files\Microchip\xc8\v2.41\pic\sources\c99\common\lbmod.c estimated size: 54

mcc_generated_files/uart/src/uart3.c
		_UART3_DefaultFramingErrorCallback		CODE           	7CDA	0000	12
		_UART3_TransmitISR		CODE           	7706	0000	58
		_UART3_ErrorISR		CODE           	6914	0000	180
		_UART3_ParityErrorCallbackRegister		CODE           	7ACE	0000	34
		_UART3_DefaultOverrunErrorCallback		CODE           	7D58	0000	2
		_UART3_DefaultParityErrorCallback		CODE           	7D4E	0000	2
		_UART3_FramingErrorCallbackRegister		CODE           	7B12	0000	34
		_UART3_OverrunErrorCallbackRegister		CODE           	7AF0	0000	34
		_UART3_ReceiveISR		CODE           	61DA	0000	246
		_UART3_Initialize		CODE           	66DC	0000	192

mcc_generated_files/uart/src/uart3.c estimated size: 794

C:\Program Files\Microchip\xc8\v2.41\pic\sources\c99\common\abs.c
		_abs           		CODE           	768C	0000	64

C:\Program Files\Microchip\xc8\v2.41\pic\sources\c99\common\abs.c estimated size: 64

mcc_generated_files/nvm/src/nvm.c
		_NVM_UnlockKeySet		CODE           	7CF2	0000	10
		_NVM_Initialize		CODE           	7D2E	0000	6
		_FLASH_Write   		CODE           	70CC	0000	114
		_NVM_UnlockKeyClear		CODE           	7CFC	0000	10
		_NVM_StatusClear		CODE           	7D34	0000	6
		_FLASH_Read    		CODE           	6C40	0000	140

mcc_generated_files/nvm/src/nvm.c estimated size: 286

mcc_generated_files/system/src/pins.c
		_PIN_MANAGER_Initialize		CODE           	60E2	0000	248
		_PIN_MANAGER_IOC		CODE           	7D50	0000	2

mcc_generated_files/system/src/pins.c estimated size: 250

shared
		i2_UART2_DefaultFramingErrorCallback		CODE           	7D52	0000	2
		_Timer1        		SMALLCONST     	2691	0000	18
		__initialization		CODE           	661C	0000	186
		i2_PWM_Stop    		CODE           	7CE6	0000	12
		i2_UART3_DefaultFramingErrorCallback		CODE           	7D54	0000	2
		_UART2         		SMALLCONST     	2601	0000	72
		_UART3         		SMALLCONST     	2649	0000	72

shared estimated size: 364

C:\Program Files\Microchip\xc8\v2.41\pic\sources\c99\common\memcpy.c
		_memcpy        		CODE           	751E	0000	80

C:\Program Files\Microchip\xc8\v2.41\pic\sources\c99\common\memcpy.c estimated size: 80

application/hal_virtual_i2c.c
		_VI2C_RD_AckBit		CODE           	7222	0000	108
		_VI2C_WRITE    		CODE           	741A	0000	92
		_HalI2CWrite   		CODE           	6F64	0000	124
		_VI2C_WR_AckBit		CODE           	787C	0000	48
		_VI2C_READ     		CODE           	7476	0000	84
		_VI2C_WR_NAckBit		CODE           	784C	0000	48
		_HalI2CRead    		CODE           	6E64	0000	132

application/hal_virtual_i2c.c estimated size: 636

application/hal_sdp.c
		_HalSdp_Command		CODE           	795A	0000	40
		_xCal_crc      		CODE           	73BA	0000	96
		_HalSdp_Start_Measure		CODE           	7C4A	0000	14
		_HalSdp_GetValue		CODE           	72F8	0000	98
		_HalSdp_Read   		CODE           	713E	0000	114
		_HalSdp_Init   		CODE           	7BB8	0000	28
		_HalSdp_GetID  		CODE           	6498	0000	194
		_HalSdp_Reset  		CODE           	781C	0000	48
		_HalSdp_GetThr 		CODE           	6BB2	0000	142
		_HalSdp_Stop_Measure		CODE           	777A	0000	56

application/hal_sdp.c estimated size: 830

C:\Program Files\Microchip\xc8\v2.41\pic\sources\c99\common\Umul16.c
		___wmul        		CODE           	79F8	0000	38

C:\Program Files\Microchip\xc8\v2.41\pic\sources\c99\common\Umul16.c estimated size: 38

mcc_generated_files/system/src/clock.c
		_CLOCK_Initialize		CODE           	7C0C	0000	28

mcc_generated_files/system/src/clock.c estimated size: 28

application/hal_led.c
		_HalLed_Init   		CODE           	764C	0000	64
		_HalLed_StatusOnOff		CODE           	5C94	0000	284
		_HalLed_AllOnOff		CODE           	756E	0000	80

application/hal_led.c estimated size: 428

mcc_generated_files/clkref/src/clkref.c
		_CLKREF_Initialize		CODE           	7CC2	0000	12

mcc_generated_files/clkref/src/clkref.c estimated size: 12

main.c
		_main          		CODE           	7A1E	0000	36
		_gpio_Init     		CODE           	6D56	0000	136

main.c estimated size: 172

mcc_generated_files/fvr/src/fvr.c
		_FVR_Initialize		CODE           	7D1A	0000	8

mcc_generated_files/fvr/src/fvr.c estimated size: 8

mcc_generated_files/uart/src/uart2.c
		_UART2_TransmitISR		CODE           	7740	0000	58
		_UART2_ErrorISR		CODE           	69C8	0000	180
		_UART2_ParityErrorCallbackRegister		CODE           	7B34	0000	34
		_UART2_DefaultOverrunErrorCallback		CODE           	7D56	0000	2
		_UART2_DefaultParityErrorCallback		CODE           	7D4C	0000	2
		_UART2_FramingErrorCallbackRegister		CODE           	7B78	0000	34
		_UART2_OverrunErrorCallbackRegister		CODE           	7B56	0000	34
		_UART2_ReceiveISR		CODE           	62D0	0000	244
		_UART2_Initialize		CODE           	679C	0000	192
		_UART2_DefaultFramingErrorCallback		CODE           	7CCE	0000	12

mcc_generated_files/uart/src/uart2.c estimated size: 792

mcc_generated_files/system/src/system.c
		_PMD_Initialize		CODE           	7A42	0000	36
		_SYSTEM_Initialize		CODE           	76CC	0000	58

mcc_generated_files/system/src/system.c estimated size: 94

mcc_generated_files/cwg/src/cwg1.c
		_CWG1_Initialize		CODE           	79AA	0000	40

mcc_generated_files/cwg/src/cwg1.c estimated size: 40

